-- JRL cmakemodules not found. Let's fetch it.
-- The CXX compiler identification is GNU 13.3.0
-- Detecting CXX compiler ABI info
-- Detecting CXX compiler ABI info - done
-- Check for working CXX compiler: /usr/bin/c++ - skipped
-- Detecting CXX compile features
-- Detecting CXX compile features - done
-- Configuring "unitree_description" (https://github.com/inria-paris-robotics-lab/unitree_description)
-- Package version (ROS package.xml): 0.0.0
-- The C compiler identification is GNU 13.3.0
-- Detecting C compiler ABI info
-- Detecting C compiler ABI info - done
-- Check for working C compiler: /usr/bin/cc - skipped
-- Detecting C compile features
-- Detecting C compile features - done
-- Found PkgConfig: /usr/bin/pkg-config (found version "1.8.1") 
-- Performing Test res_-pedantic
-- Performing Test res_-pedantic - Success
-- Performing Test res_-Wno-long-long
-- Performing Test res_-Wno-long-long - Success
-- Performing Test res_-Wall
-- Performing Test res_-Wall - Success
-- Performing Test res_-Wextra
-- Performing Test res_-Wextra - Success
-- Performing Test res_-Wcast-align
-- Performing Test res_-Wcast-align - Success
-- Performing Test res_-Wcast-qual
-- Performing Test res_-Wcast-qual - Success
-- Performing Test res_-Wformat
-- Performing Test res_-Wformat - Success
-- Performing Test res_-Wwrite-strings
-- Performing Test res_-Wwrite-strings - Success
-- Performing Test res_-Wconversion
-- Performing Test res_-Wconversion - Success
-- Performing Test res_-Werror
-- Performing Test res_-Werror - Failed
-- Could NOT find Doxygen (missing: DOXYGEN_EXECUTABLE) 
-- Failed to find Doxygen, documentation will not be generated.
-- Found Python3: /usr/bin/python (found version "3.12.3") found components: Interpreter Development Development.Module Development.Embed 
-- PythonLibraryDirs: /usr/lib/x86_64-linux-gnu
-- PythonLibVersionString: 3.12.3
-- Python site lib: lib/python3.12/site-packages
-- Python include dirs: /usr/include/python3.12
-- Create files for AMENT (ROS 2)
-- Create files for AMENT (ROS 2)
-- Configuring done (10.8s)
-- Generating done (0.0s)
-- Build files have been written to: /home/melodse/ef_ws/build/unitree_description
