[0.250s] DEBUG:colcon:Command line arguments: ['/usr/bin/colcon', 'build', '--base-paths', '/home/melodse/ef_ws/src/g1_rviz_simulation', '/home/melodse/ef_ws/src/unitree_description']
[0.250s] DEBUG:colcon:Parsed command line arguments: Namespace(log_base=None, log_level=None, verb_name='build', build_base='build', install_base='install', merge_install=False, symlink_install=False, test_result_base=None, continue_on_error=False, executor='parallel', parallel_workers=12, event_handlers=None, ignore_user_meta=False, metas=['./colcon.meta'], base_paths=['/home/melodse/ef_ws/src/g1_rviz_simulation', '/home/melodse/ef_ws/src/unitree_description'], packages_ignore=None, packages_ignore_regex=None, paths=None, packages_up_to=None, packages_up_to_regex=None, packages_above=None, packages_above_and_dependencies=None, packages_above_depth=None, packages_select_by_dep=None, packages_skip_by_dep=None, packages_skip_up_to=None, packages_select_build_failed=False, packages_skip_build_finished=False, packages_select_test_failures=False, packages_skip_test_passed=False, packages_select=None, packages_skip=None, packages_select_regex=None, packages_skip_regex=None, packages_start=None, packages_end=None, allow_overriding=[], cmake_args=None, cmake_target=None, cmake_target_skip_unavailable=False, cmake_clean_cache=False, cmake_clean_first=False, cmake_force_configure=False, ament_cmake_args=None, catkin_cmake_args=None, catkin_skip_building_tests=False, mixin_files=None, mixin=None, verb_parser=<colcon_mixin.mixin.mixin_argument.MixinArgumentDecorator object at 0x7e3f37ec4e00>, verb_extension=<colcon_core.verb.build.BuildVerb object at 0x7e3f37fed460>, main=<bound method BuildVerb.main of <colcon_core.verb.build.BuildVerb object at 0x7e3f37fed460>>, mixin_verb=('build',))
[0.299s] Level 1:colcon.colcon_core.package_discovery:discover_packages(colcon_meta) check parameters
[0.299s] Level 1:colcon.colcon_core.package_discovery:discover_packages(recursive) check parameters
[0.299s] Level 1:colcon.colcon_core.package_discovery:discover_packages(ignore) check parameters
[0.299s] Level 1:colcon.colcon_core.package_discovery:discover_packages(path) check parameters
[0.299s] Level 1:colcon.colcon_core.package_discovery:discover_packages(recursive) discover
[0.300s] INFO:colcon.colcon_core.package_discovery:Crawling recursively for packages in '/home/melodse/ef_ws/src/g1_rviz_simulation', '/home/melodse/ef_ws/src/unitree_description'
[0.300s] Level 1:colcon.colcon_core.package_identification:_identify(/home/melodse/ef_ws/src/g1_rviz_simulation) by extensions ['ignore', 'ignore_ament_install']
[0.300s] Level 1:colcon.colcon_core.package_identification:_identify(/home/melodse/ef_ws/src/g1_rviz_simulation) by extension 'ignore'
[0.300s] Level 1:colcon.colcon_core.package_identification:_identify(/home/melodse/ef_ws/src/g1_rviz_simulation) by extension 'ignore_ament_install'
[0.300s] Level 1:colcon.colcon_core.package_identification:_identify(/home/melodse/ef_ws/src/g1_rviz_simulation) by extensions ['colcon_pkg']
[0.300s] Level 1:colcon.colcon_core.package_identification:_identify(/home/melodse/ef_ws/src/g1_rviz_simulation) by extension 'colcon_pkg'
[0.300s] Level 1:colcon.colcon_core.package_identification:_identify(/home/melodse/ef_ws/src/g1_rviz_simulation) by extensions ['colcon_meta']
[0.300s] Level 1:colcon.colcon_core.package_identification:_identify(/home/melodse/ef_ws/src/g1_rviz_simulation) by extension 'colcon_meta'
[0.300s] Level 1:colcon.colcon_core.package_identification:_identify(/home/melodse/ef_ws/src/g1_rviz_simulation) by extensions ['ros']
[0.300s] Level 1:colcon.colcon_core.package_identification:_identify(/home/melodse/ef_ws/src/g1_rviz_simulation) by extension 'ros'
[0.335s] DEBUG:colcon.colcon_core.package_identification:Package '/home/melodse/ef_ws/src/g1_rviz_simulation' with type 'ros.ament_python' and name 'g1_description'
[0.336s] Level 1:colcon.colcon_core.package_identification:_identify(/home/melodse/ef_ws/src/unitree_description) by extensions ['ignore', 'ignore_ament_install']
[0.336s] Level 1:colcon.colcon_core.package_identification:_identify(/home/melodse/ef_ws/src/unitree_description) by extension 'ignore'
[0.336s] Level 1:colcon.colcon_core.package_identification:_identify(/home/melodse/ef_ws/src/unitree_description) by extension 'ignore_ament_install'
[0.336s] Level 1:colcon.colcon_core.package_identification:_identify(/home/melodse/ef_ws/src/unitree_description) by extensions ['colcon_pkg']
[0.336s] Level 1:colcon.colcon_core.package_identification:_identify(/home/melodse/ef_ws/src/unitree_description) by extension 'colcon_pkg'
[0.337s] Level 1:colcon.colcon_core.package_identification:_identify(/home/melodse/ef_ws/src/unitree_description) by extensions ['colcon_meta']
[0.337s] Level 1:colcon.colcon_core.package_identification:_identify(/home/melodse/ef_ws/src/unitree_description) by extension 'colcon_meta'
[0.337s] Level 1:colcon.colcon_core.package_identification:_identify(/home/melodse/ef_ws/src/unitree_description) by extensions ['ros']
[0.337s] Level 1:colcon.colcon_core.package_identification:_identify(/home/melodse/ef_ws/src/unitree_description) by extension 'ros'
[0.345s] DEBUG:colcon.colcon_core.package_identification:Package '/home/melodse/ef_ws/src/unitree_description' with type 'ros.cmake' and name 'unitree_description'
[0.345s] Level 1:colcon.colcon_core.package_discovery:discover_packages(recursive) using defaults
[0.368s] INFO:colcon.colcon_metadata.metadata.colcon_pkg:Updating descriptor of package '/home/melodse/ef_ws/src/unitree_description' from colcon.pkg: {'hooks': ['share/unitree_description/hook/ament_prefix_path.dsv', 'share/unitree_description/hook/python_path.dsv']}
[0.369s] Level 1:colcon.colcon_core.package_discovery:discover_packages(prefix_path) check parameters
[0.369s] Level 1:colcon.colcon_core.package_discovery:discover_packages(prefix_path) discover
[0.370s] WARNING:colcon.colcon_ros.prefix_path.ament:The path '/home/melodse/ef_ws/install/unitree_hg' in the environment variable AMENT_PREFIX_PATH doesn't exist
[0.371s] WARNING:colcon.colcon_ros.prefix_path.catkin:The path '/home/melodse/ef_ws/install/unitree_hg' in the environment variable CMAKE_PREFIX_PATH doesn't exist
[0.372s] DEBUG:colcon.colcon_installed_package_information.package_discovery:Found 2 installed packages in /home/melodse/ef_ws/install
[0.373s] DEBUG:colcon.colcon_installed_package_information.package_discovery:Found 1 installed packages in /home/melodse/ros2_ws/install
[0.376s] DEBUG:colcon.colcon_installed_package_information.package_discovery:Found 423 installed packages in /opt/ros/jazzy
[0.378s] Level 1:colcon.colcon_core.package_discovery:discover_packages(prefix_path) using defaults
[0.442s] Level 5:colcon.colcon_core.verb:set package 'unitree_description' build argument 'cmake_args' from command line to 'None'
[0.442s] Level 5:colcon.colcon_core.verb:set package 'unitree_description' build argument 'cmake_target' from command line to 'None'
[0.442s] Level 5:colcon.colcon_core.verb:set package 'unitree_description' build argument 'cmake_target_skip_unavailable' from command line to 'False'
[0.442s] Level 5:colcon.colcon_core.verb:set package 'unitree_description' build argument 'cmake_clean_cache' from command line to 'False'
[0.442s] Level 5:colcon.colcon_core.verb:set package 'unitree_description' build argument 'cmake_clean_first' from command line to 'False'
[0.442s] Level 5:colcon.colcon_core.verb:set package 'unitree_description' build argument 'cmake_force_configure' from command line to 'False'
[0.442s] Level 5:colcon.colcon_core.verb:set package 'unitree_description' build argument 'ament_cmake_args' from command line to 'None'
[0.442s] Level 5:colcon.colcon_core.verb:set package 'unitree_description' build argument 'catkin_cmake_args' from command line to 'None'
[0.442s] Level 5:colcon.colcon_core.verb:set package 'unitree_description' build argument 'catkin_skip_building_tests' from command line to 'False'
[0.443s] DEBUG:colcon.colcon_core.verb:Building package 'unitree_description' with the following arguments: {'ament_cmake_args': None, 'build_base': '/home/melodse/ef_ws/src/build/unitree_description', 'catkin_cmake_args': None, 'catkin_skip_building_tests': False, 'cmake_args': None, 'cmake_clean_cache': False, 'cmake_clean_first': False, 'cmake_force_configure': False, 'cmake_target': None, 'cmake_target_skip_unavailable': False, 'install_base': '/home/melodse/ef_ws/src/install/unitree_description', 'merge_install': False, 'path': '/home/melodse/ef_ws/src/unitree_description', 'symlink_install': False, 'test_result_base': None}
[0.443s] Level 5:colcon.colcon_core.verb:set package 'g1_description' build argument 'cmake_args' from command line to 'None'
[0.443s] Level 5:colcon.colcon_core.verb:set package 'g1_description' build argument 'cmake_target' from command line to 'None'
[0.443s] Level 5:colcon.colcon_core.verb:set package 'g1_description' build argument 'cmake_target_skip_unavailable' from command line to 'False'
[0.443s] Level 5:colcon.colcon_core.verb:set package 'g1_description' build argument 'cmake_clean_cache' from command line to 'False'
[0.443s] Level 5:colcon.colcon_core.verb:set package 'g1_description' build argument 'cmake_clean_first' from command line to 'False'
[0.443s] Level 5:colcon.colcon_core.verb:set package 'g1_description' build argument 'cmake_force_configure' from command line to 'False'
[0.443s] Level 5:colcon.colcon_core.verb:set package 'g1_description' build argument 'ament_cmake_args' from command line to 'None'
[0.443s] Level 5:colcon.colcon_core.verb:set package 'g1_description' build argument 'catkin_cmake_args' from command line to 'None'
[0.443s] Level 5:colcon.colcon_core.verb:set package 'g1_description' build argument 'catkin_skip_building_tests' from command line to 'False'
[0.443s] DEBUG:colcon.colcon_core.verb:Building package 'g1_description' with the following arguments: {'ament_cmake_args': None, 'build_base': '/home/melodse/ef_ws/src/build/g1_description', 'catkin_cmake_args': None, 'catkin_skip_building_tests': False, 'cmake_args': None, 'cmake_clean_cache': False, 'cmake_clean_first': False, 'cmake_force_configure': False, 'cmake_target': None, 'cmake_target_skip_unavailable': False, 'install_base': '/home/melodse/ef_ws/src/install/g1_description', 'merge_install': False, 'path': '/home/melodse/ef_ws/src/g1_rviz_simulation', 'symlink_install': False, 'test_result_base': None}
[0.443s] INFO:colcon.colcon_core.executor:Executing jobs using 'parallel' executor
[0.445s] DEBUG:colcon.colcon_parallel_executor.executor.parallel:run_until_complete
[0.445s] INFO:colcon.colcon_ros.task.cmake.build:Building ROS package in '/home/melodse/ef_ws/src/unitree_description' with build type 'cmake'
[0.445s] INFO:colcon.colcon_cmake.task.cmake.build:Building CMake package in '/home/melodse/ef_ws/src/unitree_description'
[0.449s] INFO:colcon.colcon_core.plugin_system:Skipping extension 'colcon_core.shell.bat': Not used on non-Windows systems
[0.450s] INFO:colcon.colcon_core.shell:Skip shell extension 'powershell' for command environment: Not usable outside of PowerShell
[0.450s] DEBUG:colcon.colcon_core.shell:Skip shell extension 'dsv' for command environment
[0.469s] DEBUG:colcon.colcon_core.event_handler.log_command:Invoking command in '/home/melodse/ef_ws/src/build/unitree_description': CMAKE_PREFIX_PATH=${CMAKE_PREFIX_PATH}:/home/melodse/ef_ws/install/g1_description:/opt/ros/jazzy /usr/bin/cmake --build /home/melodse/ef_ws/src/build/unitree_description -- -j12 -l12
[0.701s] DEBUG:colcon.colcon_core.event_handler.log_command:Invoked command in '/home/melodse/ef_ws/src/build/unitree_description' returned '0': CMAKE_PREFIX_PATH=${CMAKE_PREFIX_PATH}:/home/melodse/ef_ws/install/g1_description:/opt/ros/jazzy /usr/bin/cmake --build /home/melodse/ef_ws/src/build/unitree_description -- -j12 -l12
[0.716s] DEBUG:colcon.colcon_core.event_handler.log_command:Invoking command in '/home/melodse/ef_ws/src/build/unitree_description': CMAKE_PREFIX_PATH=${CMAKE_PREFIX_PATH}:/home/melodse/ef_ws/install/g1_description:/opt/ros/jazzy /usr/bin/cmake --install /home/melodse/ef_ws/src/build/unitree_description
[0.747s] Level 1:colcon.colcon_core.shell:create_environment_hook('unitree_description', 'pkg_config_path')
[0.747s] INFO:colcon.colcon_core.shell:Creating environment hook '/home/melodse/ef_ws/src/install/unitree_description/share/unitree_description/hook/pkg_config_path.ps1'
[0.749s] INFO:colcon.colcon_core.shell:Creating environment descriptor '/home/melodse/ef_ws/src/install/unitree_description/share/unitree_description/hook/pkg_config_path.dsv'
[0.750s] INFO:colcon.colcon_core.shell:Creating environment hook '/home/melodse/ef_ws/src/install/unitree_description/share/unitree_description/hook/pkg_config_path.sh'
[0.756s] DEBUG:colcon.colcon_core.event_handler.log_command:Invoked command in '/home/melodse/ef_ws/src/build/unitree_description' returned '0': CMAKE_PREFIX_PATH=${CMAKE_PREFIX_PATH}:/home/melodse/ef_ws/install/g1_description:/opt/ros/jazzy /usr/bin/cmake --install /home/melodse/ef_ws/src/build/unitree_description
[0.756s] Level 1:colcon.colcon_core.shell:create_environment_hook('unitree_description', 'pkg_config_path_multiarch')
[0.757s] INFO:colcon.colcon_core.shell:Creating environment hook '/home/melodse/ef_ws/src/install/unitree_description/share/unitree_description/hook/pkg_config_path_multiarch.ps1'
[0.757s] INFO:colcon.colcon_core.shell:Creating environment descriptor '/home/melodse/ef_ws/src/install/unitree_description/share/unitree_description/hook/pkg_config_path_multiarch.dsv'
[0.760s] INFO:colcon.colcon_core.shell:Creating environment hook '/home/melodse/ef_ws/src/install/unitree_description/share/unitree_description/hook/pkg_config_path_multiarch.sh'
[0.761s] Level 1:colcon.colcon_core.environment:create_environment_scripts_only(unitree_description)
[0.764s] Level 1:colcon.colcon_core.environment:checking '/home/melodse/ef_ws/src/install/unitree_description' for CMake module files
[0.765s] Level 1:colcon.colcon_core.environment:checking '/home/melodse/ef_ws/src/install/unitree_description' for CMake config files
[0.765s] Level 1:colcon.colcon_core.shell:create_environment_hook('unitree_description', 'cmake_prefix_path')
[0.766s] INFO:colcon.colcon_core.shell:Creating environment hook '/home/melodse/ef_ws/src/install/unitree_description/share/unitree_description/hook/cmake_prefix_path.ps1'
[0.766s] INFO:colcon.colcon_core.shell:Creating environment descriptor '/home/melodse/ef_ws/src/install/unitree_description/share/unitree_description/hook/cmake_prefix_path.dsv'
[0.767s] INFO:colcon.colcon_core.shell:Creating environment hook '/home/melodse/ef_ws/src/install/unitree_description/share/unitree_description/hook/cmake_prefix_path.sh'
[0.768s] Level 1:colcon.colcon_core.environment:checking '/home/melodse/ef_ws/src/install/unitree_description/lib'
[0.768s] Level 1:colcon.colcon_core.environment:checking '/home/melodse/ef_ws/src/install/unitree_description/bin'
[0.768s] Level 1:colcon.colcon_core.environment:checking '/home/melodse/ef_ws/src/install/unitree_description/lib/pkgconfig/unitree_description.pc'
[0.768s] Level 1:colcon.colcon_core.shell:create_environment_hook('unitree_description', 'pkg_config')
[0.768s] INFO:colcon.colcon_core.shell:Creating environment hook '/home/melodse/ef_ws/src/install/unitree_description/share/unitree_description/hook/pkg_config.ps1'
[0.769s] INFO:colcon.colcon_core.shell:Creating environment descriptor '/home/melodse/ef_ws/src/install/unitree_description/share/unitree_description/hook/pkg_config.dsv'
[0.769s] INFO:colcon.colcon_core.shell:Creating environment hook '/home/melodse/ef_ws/src/install/unitree_description/share/unitree_description/hook/pkg_config.sh'
[0.770s] Level 1:colcon.colcon_core.environment:checking '/home/melodse/ef_ws/src/install/unitree_description/lib/python3.12/site-packages'
[0.770s] Level 1:colcon.colcon_core.shell:create_environment_hook('unitree_description', 'pythonpath')
[0.770s] INFO:colcon.colcon_core.shell:Creating environment hook '/home/melodse/ef_ws/src/install/unitree_description/share/unitree_description/hook/pythonpath.ps1'
[0.771s] INFO:colcon.colcon_core.shell:Creating environment descriptor '/home/melodse/ef_ws/src/install/unitree_description/share/unitree_description/hook/pythonpath.dsv'
[0.772s] INFO:colcon.colcon_core.shell:Creating environment hook '/home/melodse/ef_ws/src/install/unitree_description/share/unitree_description/hook/pythonpath.sh'
[0.773s] Level 1:colcon.colcon_core.environment:checking '/home/melodse/ef_ws/src/install/unitree_description/bin'
[0.773s] INFO:colcon.colcon_core.shell:Creating package script '/home/melodse/ef_ws/src/install/unitree_description/share/unitree_description/package.ps1'
[0.775s] INFO:colcon.colcon_core.shell:Creating package descriptor '/home/melodse/ef_ws/src/install/unitree_description/share/unitree_description/package.dsv'
[0.777s] INFO:colcon.colcon_core.shell:Creating package script '/home/melodse/ef_ws/src/install/unitree_description/share/unitree_description/package.sh'
[0.778s] INFO:colcon.colcon_core.shell:Creating package script '/home/melodse/ef_ws/src/install/unitree_description/share/unitree_description/package.bash'
[0.779s] INFO:colcon.colcon_core.shell:Creating package script '/home/melodse/ef_ws/src/install/unitree_description/share/unitree_description/package.zsh'
[0.797s] Level 1:colcon.colcon_core.environment:create_file_with_runtime_dependencies(/home/melodse/ef_ws/src/install/unitree_description/share/colcon-core/packages/unitree_description)
[0.798s] INFO:colcon.colcon_ros.task.ament_python.build:Building ROS package in '/home/melodse/ef_ws/src/g1_rviz_simulation' with build type 'ament_python'
[0.798s] Level 1:colcon.colcon_core.shell:create_environment_hook('g1_description', 'ament_prefix_path')
[0.798s] INFO:colcon.colcon_core.shell:Creating environment hook '/home/melodse/ef_ws/src/install/g1_description/share/g1_description/hook/ament_prefix_path.ps1'
[0.800s] INFO:colcon.colcon_core.shell:Creating environment descriptor '/home/melodse/ef_ws/src/install/g1_description/share/g1_description/hook/ament_prefix_path.dsv'
[0.801s] INFO:colcon.colcon_core.shell:Creating environment hook '/home/melodse/ef_ws/src/install/g1_description/share/g1_description/hook/ament_prefix_path.sh'
[0.802s] INFO:colcon.colcon_core.shell:Skip shell extension 'powershell' for command environment: Not usable outside of PowerShell
[0.802s] DEBUG:colcon.colcon_core.shell:Skip shell extension 'dsv' for command environment
[1.384s] INFO:colcon.colcon_core.task.python.build:Building Python package in '/home/melodse/ef_ws/src/g1_rviz_simulation'
[1.385s] INFO:colcon.colcon_core.shell:Skip shell extension 'powershell' for command environment: Not usable outside of PowerShell
[1.385s] DEBUG:colcon.colcon_core.shell:Skip shell extension 'dsv' for command environment
[2.734s] DEBUG:colcon.colcon_core.event_handler.log_command:Invoking command in '/home/melodse/ef_ws/src/g1_rviz_simulation': CMAKE_PREFIX_PATH=/home/melodse/ef_ws/src/install/unitree_description:${CMAKE_PREFIX_PATH} PKG_CONFIG_PATH=/home/melodse/ef_ws/src/install/unitree_description/lib/x86_64-linux-gnu/pkgconfig:/home/melodse/ef_ws/src/install/unitree_description/lib/pkgconfig:${PKG_CONFIG_PATH} PYTHONPATH=/home/melodse/ef_ws/src/build/g1_description/prefix_override:/usr/lib/python3/dist-packages/colcon_core/task/python/colcon_distutils_commands:/home/melodse/ef_ws/src/install/g1_description/lib/python3.12/site-packages:/home/melodse/ef_ws/src/install/unitree_description/lib/python3.12/site-packages:${PYTHONPATH} /usr/bin/python3 -W ignore:setup.py install is deprecated -W ignore:easy_install command is deprecated setup.py egg_info --egg-base ../../../../src/build/g1_description build --build-base /home/melodse/ef_ws/src/build/g1_description/build install --record /home/melodse/ef_ws/src/build/g1_description/install.log --single-version-externally-managed install_data
[3.675s] Level 1:colcon.colcon_core.environment:checking '/home/melodse/ef_ws/src/install/g1_description' for CMake module files
[3.677s] DEBUG:colcon.colcon_core.event_handler.log_command:Invoked command in '/home/melodse/ef_ws/src/g1_rviz_simulation' returned '0': CMAKE_PREFIX_PATH=/home/melodse/ef_ws/src/install/unitree_description:${CMAKE_PREFIX_PATH} PKG_CONFIG_PATH=/home/melodse/ef_ws/src/install/unitree_description/lib/x86_64-linux-gnu/pkgconfig:/home/melodse/ef_ws/src/install/unitree_description/lib/pkgconfig:${PKG_CONFIG_PATH} PYTHONPATH=/home/melodse/ef_ws/src/build/g1_description/prefix_override:/usr/lib/python3/dist-packages/colcon_core/task/python/colcon_distutils_commands:/home/melodse/ef_ws/src/install/g1_description/lib/python3.12/site-packages:/home/melodse/ef_ws/src/install/unitree_description/lib/python3.12/site-packages:${PYTHONPATH} /usr/bin/python3 -W ignore:setup.py install is deprecated -W ignore:easy_install command is deprecated setup.py egg_info --egg-base ../../../../src/build/g1_description build --build-base /home/melodse/ef_ws/src/build/g1_description/build install --record /home/melodse/ef_ws/src/build/g1_description/install.log --single-version-externally-managed install_data
[3.677s] Level 1:colcon.colcon_core.environment:checking '/home/melodse/ef_ws/src/install/g1_description' for CMake config files
[3.678s] Level 1:colcon.colcon_core.environment:checking '/home/melodse/ef_ws/src/install/g1_description/lib'
[3.679s] Level 1:colcon.colcon_core.environment:checking '/home/melodse/ef_ws/src/install/g1_description/bin'
[3.679s] Level 1:colcon.colcon_core.environment:checking '/home/melodse/ef_ws/src/install/g1_description/lib/pkgconfig/g1_description.pc'
[3.679s] Level 1:colcon.colcon_core.environment:checking '/home/melodse/ef_ws/src/install/g1_description/lib/python3.12/site-packages'
[3.679s] Level 1:colcon.colcon_core.shell:create_environment_hook('g1_description', 'pythonpath')
[3.679s] INFO:colcon.colcon_core.shell:Creating environment hook '/home/melodse/ef_ws/src/install/g1_description/share/g1_description/hook/pythonpath.ps1'
[3.680s] INFO:colcon.colcon_core.shell:Creating environment descriptor '/home/melodse/ef_ws/src/install/g1_description/share/g1_description/hook/pythonpath.dsv'
[3.681s] INFO:colcon.colcon_core.shell:Creating environment hook '/home/melodse/ef_ws/src/install/g1_description/share/g1_description/hook/pythonpath.sh'
[3.682s] Level 1:colcon.colcon_core.environment:checking '/home/melodse/ef_ws/src/install/g1_description/bin'
[3.682s] Level 1:colcon.colcon_core.environment:create_environment_scripts_only(g1_description)
[3.682s] INFO:colcon.colcon_core.shell:Creating package script '/home/melodse/ef_ws/src/install/g1_description/share/g1_description/package.ps1'
[3.683s] INFO:colcon.colcon_core.shell:Creating package descriptor '/home/melodse/ef_ws/src/install/g1_description/share/g1_description/package.dsv'
[3.684s] INFO:colcon.colcon_core.shell:Creating package script '/home/melodse/ef_ws/src/install/g1_description/share/g1_description/package.sh'
[3.684s] INFO:colcon.colcon_core.shell:Creating package script '/home/melodse/ef_ws/src/install/g1_description/share/g1_description/package.bash'
[3.685s] INFO:colcon.colcon_core.shell:Creating package script '/home/melodse/ef_ws/src/install/g1_description/share/g1_description/package.zsh'
[3.686s] Level 1:colcon.colcon_core.environment:create_file_with_runtime_dependencies(/home/melodse/ef_ws/src/install/g1_description/share/colcon-core/packages/g1_description)
[3.686s] DEBUG:colcon.colcon_parallel_executor.executor.parallel:closing loop
[3.687s] DEBUG:colcon.colcon_parallel_executor.executor.parallel:loop closed
[3.687s] DEBUG:colcon.colcon_parallel_executor.executor.parallel:run_until_complete finished with '0'
[3.687s] DEBUG:colcon.colcon_core.event_reactor:joining thread
[3.699s] INFO:colcon.colcon_core.plugin_system:Skipping extension 'colcon_notification.desktop_notification.terminal_notifier': Not used on non-Darwin systems
[3.699s] INFO:colcon.colcon_core.plugin_system:Skipping extension 'colcon_notification.desktop_notification.win32': Not used on non-Windows systems
[3.699s] INFO:colcon.colcon_notification.desktop_notification:Sending desktop notification using 'notify2'
[3.702s] DEBUG:colcon.colcon_notification.desktop_notification.notify2:Failed to initialize notify2: org.freedesktop.DBus.Error.ServiceUnknown: The name org.freedesktop.Notifications was not provided by any .service files
[3.702s] DEBUG:colcon.colcon_core.event_reactor:joined thread
[3.702s] INFO:colcon.colcon_core.shell:Creating prefix script '/home/melodse/ef_ws/src/install/local_setup.ps1'
[3.703s] INFO:colcon.colcon_core.shell:Creating prefix util module '/home/melodse/ef_ws/src/install/_local_setup_util_ps1.py'
[3.707s] INFO:colcon.colcon_core.shell:Creating prefix chain script '/home/melodse/ef_ws/src/install/setup.ps1'
[3.710s] INFO:colcon.colcon_core.shell:Creating prefix script '/home/melodse/ef_ws/src/install/local_setup.sh'
[3.710s] INFO:colcon.colcon_core.shell:Creating prefix util module '/home/melodse/ef_ws/src/install/_local_setup_util_sh.py'
[3.712s] INFO:colcon.colcon_core.shell:Creating prefix chain script '/home/melodse/ef_ws/src/install/setup.sh'
[3.713s] INFO:colcon.colcon_core.shell:Creating prefix script '/home/melodse/ef_ws/src/install/local_setup.bash'
[3.715s] INFO:colcon.colcon_core.shell:Creating prefix chain script '/home/melodse/ef_ws/src/install/setup.bash'
[3.717s] INFO:colcon.colcon_core.shell:Creating prefix script '/home/melodse/ef_ws/src/install/local_setup.zsh'
[3.718s] INFO:colcon.colcon_core.shell:Creating prefix chain script '/home/melodse/ef_ws/src/install/setup.zsh'
