[1.138s] Invoking command in '/home/melodse/ef_ws/build/go2_ros2_bridge': PYTHONPATH=/home/melodse/ef_ws/build/go2_ros2_bridge/prefix_override:/usr/lib/python3/dist-packages/colcon_core/task/python/colcon_distutils_commands:/home/melodse/ef_ws/install/go2_ros2_bridge/lib/python3.12/site-packages:${PYTHONPATH} /usr/bin/python3 -W ignore:setup.py install is deprecated -W ignore:easy_install command is deprecated setup.py develop --uninstall --editable --build-directory /home/melodse/ef_ws/build/go2_ros2_bridge/build
[1.700s] running develop
[2.012s] Removing /home/melodse/ef_ws/install/go2_ros2_bridge/lib/python3.12/site-packages/go2-ros2-bridge.egg-link (link to .)
[2.050s] Invoked command in '/home/melodse/ef_ws/build/go2_ros2_bridge' returned '0': PYTHONPATH=/home/melodse/ef_ws/build/go2_ros2_bridge/prefix_override:/usr/lib/python3/dist-packages/colcon_core/task/python/colcon_distutils_commands:/home/melodse/ef_ws/install/go2_ros2_bridge/lib/python3.12/site-packages:${PYTHONPATH} /usr/bin/python3 -W ignore:setup.py install is deprecated -W ignore:easy_install command is deprecated setup.py develop --uninstall --editable --build-directory /home/melodse/ef_ws/build/go2_ros2_bridge/build
[2.052s] Invoking command in '/home/melodse/ef_ws/src/go2_ros2_bridge': PYTHONPATH=/home/melodse/ef_ws/build/go2_ros2_bridge/prefix_override:/usr/lib/python3/dist-packages/colcon_core/task/python/colcon_distutils_commands:/home/melodse/ef_ws/install/go2_ros2_bridge/lib/python3.12/site-packages:${PYTHONPATH} /usr/bin/python3 -W ignore:setup.py install is deprecated -W ignore:easy_install command is deprecated setup.py egg_info --egg-base ../../build/go2_ros2_bridge build --build-base /home/melodse/ef_ws/build/go2_ros2_bridge/build install --record /home/melodse/ef_ws/build/go2_ros2_bridge/install.log --single-version-externally-managed install_data --force
[2.428s] running egg_info
[2.456s] writing ../../build/go2_ros2_bridge/go2_ros2_bridge.egg-info/PKG-INFO
[2.458s] writing dependency_links to ../../build/go2_ros2_bridge/go2_ros2_bridge.egg-info/dependency_links.txt
[2.458s] writing entry points to ../../build/go2_ros2_bridge/go2_ros2_bridge.egg-info/entry_points.txt
[2.458s] writing requirements to ../../build/go2_ros2_bridge/go2_ros2_bridge.egg-info/requires.txt
[2.459s] writing top-level names to ../../build/go2_ros2_bridge/go2_ros2_bridge.egg-info/top_level.txt
[2.523s] reading manifest file '../../build/go2_ros2_bridge/go2_ros2_bridge.egg-info/SOURCES.txt'
[2.524s] writing manifest file '../../build/go2_ros2_bridge/go2_ros2_bridge.egg-info/SOURCES.txt'
[2.525s] running build
[2.525s] running build_py
[2.525s] running install
[2.532s] running install_lib
[2.564s] creating /home/melodse/ef_ws/install/go2_ros2_bridge/lib/python3.12/site-packages/go2_ros2_bridge
[2.564s] copying /home/melodse/ef_ws/build/go2_ros2_bridge/build/lib/go2_ros2_bridge/go2_state_bridge.py -> /home/melodse/ef_ws/install/go2_ros2_bridge/lib/python3.12/site-packages/go2_ros2_bridge
[2.565s] copying /home/melodse/ef_ws/build/go2_ros2_bridge/build/lib/go2_ros2_bridge/__init__.py -> /home/melodse/ef_ws/install/go2_ros2_bridge/lib/python3.12/site-packages/go2_ros2_bridge
[2.566s] byte-compiling /home/melodse/ef_ws/install/go2_ros2_bridge/lib/python3.12/site-packages/go2_ros2_bridge/go2_state_bridge.py to go2_state_bridge.cpython-312.pyc
[2.569s] byte-compiling /home/melodse/ef_ws/install/go2_ros2_bridge/lib/python3.12/site-packages/go2_ros2_bridge/__init__.py to __init__.cpython-312.pyc
[2.569s] running install_data
[2.570s] copying resource/go2_ros2_bridge -> /home/melodse/ef_ws/install/go2_ros2_bridge/share/ament_index/resource_index/packages
[2.571s] copying package.xml -> /home/melodse/ef_ws/install/go2_ros2_bridge/share/go2_ros2_bridge
[2.572s] creating /home/melodse/ef_ws/install/go2_ros2_bridge/share/go2_ros2_bridge/launch
[2.572s] copying launch/go2_state_bridge.launch.py -> /home/melodse/ef_ws/install/go2_ros2_bridge/share/go2_ros2_bridge/launch
[2.573s] running install_egg_info
[2.605s] Copying ../../build/go2_ros2_bridge/go2_ros2_bridge.egg-info to /home/melodse/ef_ws/install/go2_ros2_bridge/lib/python3.12/site-packages/go2_ros2_bridge-0.1.0-py3.12.egg-info
[2.609s] running install_scripts
[2.795s] Installing go2_state_bridge script to /home/melodse/ef_ws/install/go2_ros2_bridge/lib/go2_ros2_bridge
[2.796s] writing list of installed files to '/home/melodse/ef_ws/build/go2_ros2_bridge/install.log'
[2.829s] Invoked command in '/home/melodse/ef_ws/src/go2_ros2_bridge' returned '0': PYTHONPATH=/home/melodse/ef_ws/build/go2_ros2_bridge/prefix_override:/usr/lib/python3/dist-packages/colcon_core/task/python/colcon_distutils_commands:/home/melodse/ef_ws/install/go2_ros2_bridge/lib/python3.12/site-packages:${PYTHONPATH} /usr/bin/python3 -W ignore:setup.py install is deprecated -W ignore:easy_install command is deprecated setup.py egg_info --egg-base ../../build/go2_ros2_bridge build --build-base /home/melodse/ef_ws/build/go2_ros2_bridge/build install --record /home/melodse/ef_ws/build/go2_ros2_bridge/install.log --single-version-externally-managed install_data --force
