[1.778s] Invoking command in '/home/melodse/ef_ws/g1/sim/G1_rviz_simulation-main/G1_rviz_simulation-main': PYTHONPATH=/home/melodse/ef_ws/build/g1_description/prefix_override:/usr/lib/python3/dist-packages/colcon_core/task/python/colcon_distutils_commands:/home/melodse/ef_ws/install/g1_description/lib/python3.12/site-packages:/home/melodse/ef_ws/install/unitree_description/lib/python3.12/site-packages:/home/melodse/ef_ws/install/g1_description/lib/python3.12/site-packages:/home/melodse/ef_ws/install/go2_ros2_bridge/lib/python3.12/site-packages:/home/melodse/ros2_ws/install/unitree_description/lib/python3.12/site-packages:/opt/ros/jazzy/lib/python3.12/site-packages /usr/bin/python3 -W ignore:setup.py install is deprecated -W ignore:easy_install command is deprecated setup.py egg_info --egg-base ../../../../build/g1_description build --build-base /home/melodse/ef_ws/build/g1_description/build install --record /home/melodse/ef_ws/build/g1_description/install.log --single-version-externally-managed install_data
[2.090s] running egg_info
[2.111s] writing ../../../../build/g1_description/g1_description.egg-info/PKG-INFO
[2.111s] writing dependency_links to ../../../../build/g1_description/g1_description.egg-info/dependency_links.txt
[2.111s] writing entry points to ../../../../build/g1_description/g1_description.egg-info/entry_points.txt
[2.111s] writing requirements to ../../../../build/g1_description/g1_description.egg-info/requires.txt
[2.111s] writing top-level names to ../../../../build/g1_description/g1_description.egg-info/top_level.txt
[2.156s] reading manifest file '../../../../build/g1_description/g1_description.egg-info/SOURCES.txt'
[2.160s] writing manifest file '../../../../build/g1_description/g1_description.egg-info/SOURCES.txt'
[2.160s] running build
[2.160s] running build_py
[2.161s] running install
[2.170s] running install_lib
[2.198s] running install_data
[2.201s] running install_egg_info
[2.233s] removing '/home/melodse/ef_ws/install/g1_description/lib/python3.12/site-packages/g1_description-0.0.0-py3.12.egg-info' (and everything under it)
[2.238s] Copying ../../../../build/g1_description/g1_description.egg-info to /home/melodse/ef_ws/install/g1_description/lib/python3.12/site-packages/g1_description-0.0.0-py3.12.egg-info
[2.240s] running install_scripts
[2.417s] Installing demo_joint_motion script to /home/melodse/ef_ws/install/g1_description/lib/g1_description
[2.419s] Installing lowstate_jointstate_bridge script to /home/melodse/ef_ws/install/g1_description/lib/g1_description
[2.419s] Installing rviz_joint_motion script to /home/melodse/ef_ws/install/g1_description/lib/g1_description
[2.420s] writing list of installed files to '/home/melodse/ef_ws/build/g1_description/install.log'
[2.453s] Invoked command in '/home/melodse/ef_ws/g1/sim/G1_rviz_simulation-main/G1_rviz_simulation-main' returned '0': PYTHONPATH=/home/melodse/ef_ws/build/g1_description/prefix_override:/usr/lib/python3/dist-packages/colcon_core/task/python/colcon_distutils_commands:/home/melodse/ef_ws/install/g1_description/lib/python3.12/site-packages:/home/melodse/ef_ws/install/unitree_description/lib/python3.12/site-packages:/home/melodse/ef_ws/install/g1_description/lib/python3.12/site-packages:/home/melodse/ef_ws/install/go2_ros2_bridge/lib/python3.12/site-packages:/home/melodse/ros2_ws/install/unitree_description/lib/python3.12/site-packages:/opt/ros/jazzy/lib/python3.12/site-packages /usr/bin/python3 -W ignore:setup.py install is deprecated -W ignore:easy_install command is deprecated setup.py egg_info --egg-base ../../../../build/g1_description build --build-base /home/melodse/ef_ws/build/g1_description/build install --record /home/melodse/ef_ws/build/g1_description/install.log --single-version-externally-managed install_data
