[1.813s] Invoking command in '/home/melodse/ef_ws/src/g1_rviz_simulation': CMAKE_PREFIX_PATH=/home/melodse/ef_ws/src/install/unitree_description:${CMAKE_PREFIX_PATH} PKG_CONFIG_PATH=/home/melodse/ef_ws/src/install/unitree_description/lib/x86_64-linux-gnu/pkgconfig:/home/melodse/ef_ws/src/install/unitree_description/lib/pkgconfig:${PKG_CONFIG_PATH} PYTHONPATH=/home/melodse/ef_ws/src/build/g1_description/prefix_override:/usr/lib/python3/dist-packages/colcon_core/task/python/colcon_distutils_commands:/home/melodse/ef_ws/src/install/g1_description/lib/python3.12/site-packages:/home/melodse/ef_ws/src/install/unitree_description/lib/python3.12/site-packages:${PYTHONPATH} /usr/bin/python3 -W ignore:setup.py install is deprecated -W ignore:easy_install command is deprecated setup.py egg_info --egg-base ../../../../src/build/g1_description build --build-base /home/melodse/ef_ws/src/build/g1_description/build install --record /home/melodse/ef_ws/src/build/g1_description/install.log --single-version-externally-managed install_data
[2.326s] running egg_info
[2.366s] writing ../../../../src/build/g1_description/g1_description.egg-info/PKG-INFO
[2.367s] writing dependency_links to ../../../../src/build/g1_description/g1_description.egg-info/dependency_links.txt
[2.368s] writing entry points to ../../../../src/build/g1_description/g1_description.egg-info/entry_points.txt
[2.368s] writing requirements to ../../../../src/build/g1_description/g1_description.egg-info/requires.txt
[2.368s] writing top-level names to ../../../../src/build/g1_description/g1_description.egg-info/top_level.txt
[2.467s] reading manifest file '../../../../src/build/g1_description/g1_description.egg-info/SOURCES.txt'
[2.471s] writing manifest file '../../../../src/build/g1_description/g1_description.egg-info/SOURCES.txt'
[2.471s] running build
[2.472s] running build_py
[2.472s] running install
[2.483s] running install_lib
[2.512s] running install_data
[2.512s] copying launch/rviz_sim.launch.py -> /home/melodse/ef_ws/src/install/g1_description/share/g1_description/launch
[2.515s] running install_egg_info
[2.553s] removing '/home/melodse/ef_ws/src/install/g1_description/lib/python3.12/site-packages/g1_description-0.0.0-py3.12.egg-info' (and everything under it)
[2.553s] Copying ../../../../src/build/g1_description/g1_description.egg-info to /home/melodse/ef_ws/src/install/g1_description/lib/python3.12/site-packages/g1_description-0.0.0-py3.12.egg-info
[2.553s] running install_scripts
[2.815s] Installing demo_joint_motion script to /home/melodse/ef_ws/src/install/g1_description/lib/g1_description
[2.815s] Installing lowstate_jointstate_bridge script to /home/melodse/ef_ws/src/install/g1_description/lib/g1_description
[2.816s] Installing rviz_joint_motion script to /home/melodse/ef_ws/src/install/g1_description/lib/g1_description
[2.816s] writing list of installed files to '/home/melodse/ef_ws/src/build/g1_description/install.log'
[2.853s] Invoked command in '/home/melodse/ef_ws/src/g1_rviz_simulation' returned '0': CMAKE_PREFIX_PATH=/home/melodse/ef_ws/src/install/unitree_description:${CMAKE_PREFIX_PATH} PKG_CONFIG_PATH=/home/melodse/ef_ws/src/install/unitree_description/lib/x86_64-linux-gnu/pkgconfig:/home/melodse/ef_ws/src/install/unitree_description/lib/pkgconfig:${PKG_CONFIG_PATH} PYTHONPATH=/home/melodse/ef_ws/src/build/g1_description/prefix_override:/usr/lib/python3/dist-packages/colcon_core/task/python/colcon_distutils_commands:/home/melodse/ef_ws/src/install/g1_description/lib/python3.12/site-packages:/home/melodse/ef_ws/src/install/unitree_description/lib/python3.12/site-packages:${PYTHONPATH} /usr/bin/python3 -W ignore:setup.py install is deprecated -W ignore:easy_install command is deprecated setup.py egg_info --egg-base ../../../../src/build/g1_description build --build-base /home/melodse/ef_ws/src/build/g1_description/build install --record /home/melodse/ef_ws/src/build/g1_description/install.log --single-version-externally-managed install_data
