[0.159s] DEBUG:colcon:Command line arguments: ['/usr/bin/colcon', 'build']
[0.159s] DEBUG:colcon:Parsed command line arguments: Namespace(log_base=None, log_level=None, verb_name='build', build_base='build', install_base='install', merge_install=False, symlink_install=False, test_result_base=None, continue_on_error=False, executor='parallel', parallel_workers=12, event_handlers=None, ignore_user_meta=False, metas=['./colcon.meta'], base_paths=['.'], packages_ignore=None, packages_ignore_regex=None, paths=None, packages_up_to=None, packages_up_to_regex=None, packages_above=None, packages_above_and_dependencies=None, packages_above_depth=None, packages_select_by_dep=None, packages_skip_by_dep=None, packages_skip_up_to=None, packages_select_build_failed=False, packages_skip_build_finished=False, packages_select_test_failures=False, packages_skip_test_passed=False, packages_select=None, packages_skip=None, packages_select_regex=None, packages_skip_regex=None, packages_start=None, packages_end=None, allow_overriding=[], cmake_args=None, cmake_target=None, cmake_target_skip_unavailable=False, cmake_clean_cache=False, cmake_clean_first=False, cmake_force_configure=False, ament_cmake_args=None, catkin_cmake_args=None, catkin_skip_building_tests=False, mixin_files=None, mixin=None, verb_parser=<colcon_mixin.mixin.mixin_argument.MixinArgumentDecorator object at 0x7a1fd35c8e60>, verb_extension=<colcon_core.verb.build.BuildVerb object at 0x7a1fd36f13a0>, main=<bound method BuildVerb.main of <colcon_core.verb.build.BuildVerb object at 0x7a1fd36f13a0>>, mixin_verb=('build',))
[0.201s] Level 1:colcon.colcon_core.package_discovery:discover_packages(colcon_meta) check parameters
[0.201s] Level 1:colcon.colcon_core.package_discovery:discover_packages(recursive) check parameters
[0.201s] Level 1:colcon.colcon_core.package_discovery:discover_packages(ignore) check parameters
[0.201s] Level 1:colcon.colcon_core.package_discovery:discover_packages(path) check parameters
[0.201s] Level 1:colcon.colcon_core.package_discovery:discover_packages(colcon_meta) discover
[0.201s] Level 1:colcon.colcon_core.package_discovery:discover_packages(recursive) discover
[0.201s] INFO:colcon.colcon_core.package_discovery:Crawling recursively for packages in '/home/melodse/ef_ws/src'
[0.201s] Level 1:colcon.colcon_core.package_identification:_identify(.) by extensions ['ignore', 'ignore_ament_install']
[0.201s] Level 1:colcon.colcon_core.package_identification:_identify(.) by extension 'ignore'
[0.201s] Level 1:colcon.colcon_core.package_identification:_identify(.) by extension 'ignore_ament_install'
[0.201s] Level 1:colcon.colcon_core.package_identification:_identify(.) by extensions ['colcon_pkg']
[0.201s] Level 1:colcon.colcon_core.package_identification:_identify(.) by extension 'colcon_pkg'
[0.201s] Level 1:colcon.colcon_core.package_identification:_identify(.) by extensions ['colcon_meta']
[0.201s] Level 1:colcon.colcon_core.package_identification:_identify(.) by extension 'colcon_meta'
[0.201s] Level 1:colcon.colcon_core.package_identification:_identify(.) by extensions ['ros']
[0.201s] Level 1:colcon.colcon_core.package_identification:_identify(.) by extension 'ros'
[0.227s] Level 1:colcon.colcon_core.package_identification:_identify(.) by extensions ['cmake', 'python']
[0.227s] Level 1:colcon.colcon_core.package_identification:_identify(.) by extension 'cmake'
[0.227s] Level 1:colcon.colcon_core.package_identification:_identify(.) by extension 'python'
[0.227s] Level 1:colcon.colcon_core.package_identification:_identify(.) by extensions ['python_setup_py']
[0.227s] Level 1:colcon.colcon_core.package_identification:_identify(.) by extension 'python_setup_py'
[0.227s] Level 1:colcon.colcon_core.package_identification:_identify(build) by extensions ['ignore', 'ignore_ament_install']
[0.227s] Level 1:colcon.colcon_core.package_identification:_identify(build) by extension 'ignore'
[0.228s] Level 1:colcon.colcon_core.package_identification:_identify(build) ignored
[0.228s] Level 1:colcon.colcon_core.package_identification:_identify(g1_rviz_simulation) by extensions ['ignore', 'ignore_ament_install']
[0.228s] Level 1:colcon.colcon_core.package_identification:_identify(g1_rviz_simulation) by extension 'ignore'
[0.228s] Level 1:colcon.colcon_core.package_identification:_identify(g1_rviz_simulation) by extension 'ignore_ament_install'
[0.228s] Level 1:colcon.colcon_core.package_identification:_identify(g1_rviz_simulation) by extensions ['colcon_pkg']
[0.228s] Level 1:colcon.colcon_core.package_identification:_identify(g1_rviz_simulation) by extension 'colcon_pkg'
[0.228s] Level 1:colcon.colcon_core.package_identification:_identify(g1_rviz_simulation) by extensions ['colcon_meta']
[0.228s] Level 1:colcon.colcon_core.package_identification:_identify(g1_rviz_simulation) by extension 'colcon_meta'
[0.228s] Level 1:colcon.colcon_core.package_identification:_identify(g1_rviz_simulation) by extensions ['ros']
[0.228s] Level 1:colcon.colcon_core.package_identification:_identify(g1_rviz_simulation) by extension 'ros'
[0.231s] DEBUG:colcon.colcon_core.package_identification:Package 'g1_rviz_simulation' with type 'ros.ament_python' and name 'g1_description'
[0.231s] Level 1:colcon.colcon_core.package_identification:_identify(go2_ros2_bridge) by extensions ['ignore', 'ignore_ament_install']
[0.231s] Level 1:colcon.colcon_core.package_identification:_identify(go2_ros2_bridge) by extension 'ignore'
[0.232s] Level 1:colcon.colcon_core.package_identification:_identify(go2_ros2_bridge) by extension 'ignore_ament_install'
[0.232s] Level 1:colcon.colcon_core.package_identification:_identify(go2_ros2_bridge) by extensions ['colcon_pkg']
[0.232s] Level 1:colcon.colcon_core.package_identification:_identify(go2_ros2_bridge) by extension 'colcon_pkg'
[0.232s] Level 1:colcon.colcon_core.package_identification:_identify(go2_ros2_bridge) by extensions ['colcon_meta']
[0.232s] Level 1:colcon.colcon_core.package_identification:_identify(go2_ros2_bridge) by extension 'colcon_meta'
[0.232s] Level 1:colcon.colcon_core.package_identification:_identify(go2_ros2_bridge) by extensions ['ros']
[0.232s] Level 1:colcon.colcon_core.package_identification:_identify(go2_ros2_bridge) by extension 'ros'
[0.233s] DEBUG:colcon.colcon_core.package_identification:Failed to parse potential ROS package manifest in'go2_ros2_bridge': Error(s) in package 'go2_ros2_bridge/package.xml':
Invalid email "melodse@local" for person "melodse"
[0.233s] Level 1:colcon.colcon_core.package_identification:_identify(go2_ros2_bridge) by extensions ['cmake', 'python']
[0.233s] Level 1:colcon.colcon_core.package_identification:_identify(go2_ros2_bridge) by extension 'cmake'
[0.233s] Level 1:colcon.colcon_core.package_identification:_identify(go2_ros2_bridge) by extension 'python'
[0.233s] DEBUG:colcon.colcon_core.package_identification:Python package in 'go2_ros2_bridge' passes arguments to the setup() function which requires a different identification extension than 'python'
[0.233s] Level 1:colcon.colcon_core.package_identification:_identify(go2_ros2_bridge) by extensions ['python_setup_py']
[0.233s] Level 1:colcon.colcon_core.package_identification:_identify(go2_ros2_bridge) by extension 'python_setup_py'
[0.466s] DEBUG:colcon.colcon_core.package_identification:Package 'go2_ros2_bridge' with type 'python' and name 'go2_ros2_bridge'
[0.467s] Level 1:colcon.colcon_core.package_identification:_identify(install) by extensions ['ignore', 'ignore_ament_install']
[0.467s] Level 1:colcon.colcon_core.package_identification:_identify(install) by extension 'ignore'
[0.467s] Level 1:colcon.colcon_core.package_identification:_identify(install) ignored
[0.467s] Level 1:colcon.colcon_core.package_identification:_identify(log) by extensions ['ignore', 'ignore_ament_install']
[0.467s] Level 1:colcon.colcon_core.package_identification:_identify(log) by extension 'ignore'
[0.467s] Level 1:colcon.colcon_core.package_identification:_identify(log) ignored
[0.467s] Level 1:colcon.colcon_core.package_identification:_identify(unitree_description) by extensions ['ignore', 'ignore_ament_install']
[0.467s] Level 1:colcon.colcon_core.package_identification:_identify(unitree_description) by extension 'ignore'
[0.467s] Level 1:colcon.colcon_core.package_identification:_identify(unitree_description) by extension 'ignore_ament_install'
[0.467s] Level 1:colcon.colcon_core.package_identification:_identify(unitree_description) by extensions ['colcon_pkg']
[0.467s] Level 1:colcon.colcon_core.package_identification:_identify(unitree_description) by extension 'colcon_pkg'
[0.468s] Level 1:colcon.colcon_core.package_identification:_identify(unitree_description) by extensions ['colcon_meta']
[0.468s] Level 1:colcon.colcon_core.package_identification:_identify(unitree_description) by extension 'colcon_meta'
[0.468s] Level 1:colcon.colcon_core.package_identification:_identify(unitree_description) by extensions ['ros']
[0.468s] Level 1:colcon.colcon_core.package_identification:_identify(unitree_description) by extension 'ros'
[0.472s] DEBUG:colcon.colcon_core.package_identification:Package 'unitree_description' with type 'ros.cmake' and name 'unitree_description'
[0.472s] Level 1:colcon.colcon_core.package_discovery:discover_packages(recursive) using defaults
[0.472s] Level 1:colcon.colcon_core.package_discovery:discover_packages(ignore) discover
[0.472s] Level 1:colcon.colcon_core.package_discovery:discover_packages(ignore) using defaults
[0.472s] Level 1:colcon.colcon_core.package_discovery:discover_packages(path) discover
[0.472s] Level 1:colcon.colcon_core.package_discovery:discover_packages(path) using defaults
[0.490s] INFO:colcon.colcon_metadata.metadata.colcon_pkg:Updating descriptor of package 'unitree_description' from colcon.pkg: {'hooks': ['share/unitree_description/hook/ament_prefix_path.dsv', 'share/unitree_description/hook/python_path.dsv']}
[0.491s] Level 1:colcon.colcon_core.package_discovery:discover_packages(prefix_path) check parameters
[0.491s] Level 1:colcon.colcon_core.package_discovery:discover_packages(prefix_path) discover
[0.493s] DEBUG:colcon.colcon_installed_package_information.package_discovery:Found 3 installed packages in /home/melodse/ef_ws/install
[0.493s] DEBUG:colcon.colcon_installed_package_information.package_discovery:Found 1 installed packages in /home/melodse/ros2_ws/install
[0.495s] DEBUG:colcon.colcon_installed_package_information.package_discovery:Found 423 installed packages in /opt/ros/jazzy
[0.496s] Level 1:colcon.colcon_core.package_discovery:discover_packages(prefix_path) using defaults
[0.543s] Level 5:colcon.colcon_core.verb:set package 'go2_ros2_bridge' build argument 'cmake_args' from command line to 'None'
[0.544s] Level 5:colcon.colcon_core.verb:set package 'go2_ros2_bridge' build argument 'cmake_target' from command line to 'None'
[0.544s] Level 5:colcon.colcon_core.verb:set package 'go2_ros2_bridge' build argument 'cmake_target_skip_unavailable' from command line to 'False'
[0.544s] Level 5:colcon.colcon_core.verb:set package 'go2_ros2_bridge' build argument 'cmake_clean_cache' from command line to 'False'
[0.544s] Level 5:colcon.colcon_core.verb:set package 'go2_ros2_bridge' build argument 'cmake_clean_first' from command line to 'False'
[0.544s] Level 5:colcon.colcon_core.verb:set package 'go2_ros2_bridge' build argument 'cmake_force_configure' from command line to 'False'
[0.544s] Level 5:colcon.colcon_core.verb:set package 'go2_ros2_bridge' build argument 'ament_cmake_args' from command line to 'None'
[0.544s] Level 5:colcon.colcon_core.verb:set package 'go2_ros2_bridge' build argument 'catkin_cmake_args' from command line to 'None'
[0.544s] Level 5:colcon.colcon_core.verb:set package 'go2_ros2_bridge' build argument 'catkin_skip_building_tests' from command line to 'False'
[0.544s] DEBUG:colcon.colcon_core.verb:Building package 'go2_ros2_bridge' with the following arguments: {'ament_cmake_args': None, 'build_base': '/home/melodse/ef_ws/src/build/go2_ros2_bridge', 'catkin_cmake_args': None, 'catkin_skip_building_tests': False, 'cmake_args': None, 'cmake_clean_cache': False, 'cmake_clean_first': False, 'cmake_force_configure': False, 'cmake_target': None, 'cmake_target_skip_unavailable': False, 'install_base': '/home/melodse/ef_ws/src/install/go2_ros2_bridge', 'merge_install': False, 'path': '/home/melodse/ef_ws/src/go2_ros2_bridge', 'symlink_install': False, 'test_result_base': None}
[0.544s] Level 5:colcon.colcon_core.verb:set package 'unitree_description' build argument 'cmake_args' from command line to 'None'
[0.544s] Level 5:colcon.colcon_core.verb:set package 'unitree_description' build argument 'cmake_target' from command line to 'None'
[0.544s] Level 5:colcon.colcon_core.verb:set package 'unitree_description' build argument 'cmake_target_skip_unavailable' from command line to 'False'
[0.544s] Level 5:colcon.colcon_core.verb:set package 'unitree_description' build argument 'cmake_clean_cache' from command line to 'False'
[0.544s] Level 5:colcon.colcon_core.verb:set package 'unitree_description' build argument 'cmake_clean_first' from command line to 'False'
[0.544s] Level 5:colcon.colcon_core.verb:set package 'unitree_description' build argument 'cmake_force_configure' from command line to 'False'
[0.544s] Level 5:colcon.colcon_core.verb:set package 'unitree_description' build argument 'ament_cmake_args' from command line to 'None'
[0.544s] Level 5:colcon.colcon_core.verb:set package 'unitree_description' build argument 'catkin_cmake_args' from command line to 'None'
[0.544s] Level 5:colcon.colcon_core.verb:set package 'unitree_description' build argument 'catkin_skip_building_tests' from command line to 'False'
[0.544s] DEBUG:colcon.colcon_core.verb:Building package 'unitree_description' with the following arguments: {'ament_cmake_args': None, 'build_base': '/home/melodse/ef_ws/src/build/unitree_description', 'catkin_cmake_args': None, 'catkin_skip_building_tests': False, 'cmake_args': None, 'cmake_clean_cache': False, 'cmake_clean_first': False, 'cmake_force_configure': False, 'cmake_target': None, 'cmake_target_skip_unavailable': False, 'install_base': '/home/melodse/ef_ws/src/install/unitree_description', 'merge_install': False, 'path': '/home/melodse/ef_ws/src/unitree_description', 'symlink_install': False, 'test_result_base': None}
[0.545s] Level 5:colcon.colcon_core.verb:set package 'g1_description' build argument 'cmake_args' from command line to 'None'
[0.545s] Level 5:colcon.colcon_core.verb:set package 'g1_description' build argument 'cmake_target' from command line to 'None'
[0.545s] Level 5:colcon.colcon_core.verb:set package 'g1_description' build argument 'cmake_target_skip_unavailable' from command line to 'False'
[0.545s] Level 5:colcon.colcon_core.verb:set package 'g1_description' build argument 'cmake_clean_cache' from command line to 'False'
[0.545s] Level 5:colcon.colcon_core.verb:set package 'g1_description' build argument 'cmake_clean_first' from command line to 'False'
[0.545s] Level 5:colcon.colcon_core.verb:set package 'g1_description' build argument 'cmake_force_configure' from command line to 'False'
[0.545s] Level 5:colcon.colcon_core.verb:set package 'g1_description' build argument 'ament_cmake_args' from command line to 'None'
[0.545s] Level 5:colcon.colcon_core.verb:set package 'g1_description' build argument 'catkin_cmake_args' from command line to 'None'
[0.545s] Level 5:colcon.colcon_core.verb:set package 'g1_description' build argument 'catkin_skip_building_tests' from command line to 'False'
[0.545s] DEBUG:colcon.colcon_core.verb:Building package 'g1_description' with the following arguments: {'ament_cmake_args': None, 'build_base': '/home/melodse/ef_ws/src/build/g1_description', 'catkin_cmake_args': None, 'catkin_skip_building_tests': False, 'cmake_args': None, 'cmake_clean_cache': False, 'cmake_clean_first': False, 'cmake_force_configure': False, 'cmake_target': None, 'cmake_target_skip_unavailable': False, 'install_base': '/home/melodse/ef_ws/src/install/g1_description', 'merge_install': False, 'path': '/home/melodse/ef_ws/src/g1_rviz_simulation', 'symlink_install': False, 'test_result_base': None}
[0.545s] INFO:colcon.colcon_core.executor:Executing jobs using 'parallel' executor
[0.546s] DEBUG:colcon.colcon_parallel_executor.executor.parallel:run_until_complete
[0.546s] INFO:colcon.colcon_ros.task.cmake.build:Building ROS package in '/home/melodse/ef_ws/src/unitree_description' with build type 'cmake'
[0.547s] INFO:colcon.colcon_cmake.task.cmake.build:Building CMake package in '/home/melodse/ef_ws/src/unitree_description'
[0.550s] INFO:colcon.colcon_core.plugin_system:Skipping extension 'colcon_core.shell.bat': Not used on non-Windows systems
[0.550s] INFO:colcon.colcon_core.shell:Skip shell extension 'powershell' for command environment: Not usable outside of PowerShell
[0.550s] DEBUG:colcon.colcon_core.shell:Skip shell extension 'dsv' for command environment
[0.558s] INFO:colcon.colcon_core.task.python.build:Building Python package in '/home/melodse/ef_ws/src/go2_ros2_bridge'
[0.558s] INFO:colcon.colcon_core.shell:Skip shell extension 'powershell' for command environment: Not usable outside of PowerShell
[0.559s] DEBUG:colcon.colcon_core.shell:Skip shell extension 'dsv' for command environment
[0.571s] DEBUG:colcon.colcon_core.event_handler.log_command:Invoking command in '/home/melodse/ef_ws/src/build/unitree_description': CMAKE_PREFIX_PATH=${CMAKE_PREFIX_PATH}:/home/melodse/ef_ws/install:/home/melodse/ef_ws/install/g1_description:/opt/ros/jazzy /usr/bin/cmake --build /home/melodse/ef_ws/src/build/unitree_description -- -j12 -l12
[0.814s] DEBUG:colcon.colcon_core.event_handler.log_command:Invoked command in '/home/melodse/ef_ws/src/build/unitree_description' returned '0': CMAKE_PREFIX_PATH=${CMAKE_PREFIX_PATH}:/home/melodse/ef_ws/install:/home/melodse/ef_ws/install/g1_description:/opt/ros/jazzy /usr/bin/cmake --build /home/melodse/ef_ws/src/build/unitree_description -- -j12 -l12
[0.826s] DEBUG:colcon.colcon_core.event_handler.log_command:Invoking command in '/home/melodse/ef_ws/src/build/unitree_description': CMAKE_PREFIX_PATH=${CMAKE_PREFIX_PATH}:/home/melodse/ef_ws/install:/home/melodse/ef_ws/install/g1_description:/opt/ros/jazzy /usr/bin/cmake --install /home/melodse/ef_ws/src/build/unitree_description
[0.850s] DEBUG:colcon.colcon_core.event_handler.log_command:Invoked command in '/home/melodse/ef_ws/src/build/unitree_description' returned '0': CMAKE_PREFIX_PATH=${CMAKE_PREFIX_PATH}:/home/melodse/ef_ws/install:/home/melodse/ef_ws/install/g1_description:/opt/ros/jazzy /usr/bin/cmake --install /home/melodse/ef_ws/src/build/unitree_description
[0.851s] Level 1:colcon.colcon_core.shell:create_environment_hook('unitree_description', 'pkg_config_path')
[0.851s] INFO:colcon.colcon_core.shell:Creating environment hook '/home/melodse/ef_ws/src/install/unitree_description/share/unitree_description/hook/pkg_config_path.ps1'
[0.852s] INFO:colcon.colcon_core.shell:Creating environment descriptor '/home/melodse/ef_ws/src/install/unitree_description/share/unitree_description/hook/pkg_config_path.dsv'
[0.852s] INFO:colcon.colcon_core.shell:Creating environment hook '/home/melodse/ef_ws/src/install/unitree_description/share/unitree_description/hook/pkg_config_path.sh'
[0.855s] Level 1:colcon.colcon_core.shell:create_environment_hook('unitree_description', 'pkg_config_path_multiarch')
[0.855s] INFO:colcon.colcon_core.shell:Creating environment hook '/home/melodse/ef_ws/src/install/unitree_description/share/unitree_description/hook/pkg_config_path_multiarch.ps1'
[0.855s] INFO:colcon.colcon_core.shell:Creating environment descriptor '/home/melodse/ef_ws/src/install/unitree_description/share/unitree_description/hook/pkg_config_path_multiarch.dsv'
[0.856s] INFO:colcon.colcon_core.shell:Creating environment hook '/home/melodse/ef_ws/src/install/unitree_description/share/unitree_description/hook/pkg_config_path_multiarch.sh'
[0.856s] Level 1:colcon.colcon_core.environment:create_environment_scripts_only(unitree_description)
[0.858s] Level 1:colcon.colcon_core.environment:checking '/home/melodse/ef_ws/src/install/unitree_description' for CMake module files
[0.859s] Level 1:colcon.colcon_core.environment:checking '/home/melodse/ef_ws/src/install/unitree_description' for CMake config files
[0.862s] Level 1:colcon.colcon_core.shell:create_environment_hook('unitree_description', 'cmake_prefix_path')
[0.862s] INFO:colcon.colcon_core.shell:Creating environment hook '/home/melodse/ef_ws/src/install/unitree_description/share/unitree_description/hook/cmake_prefix_path.ps1'
[0.862s] INFO:colcon.colcon_core.shell:Creating environment descriptor '/home/melodse/ef_ws/src/install/unitree_description/share/unitree_description/hook/cmake_prefix_path.dsv'
[0.863s] INFO:colcon.colcon_core.shell:Creating environment hook '/home/melodse/ef_ws/src/install/unitree_description/share/unitree_description/hook/cmake_prefix_path.sh'
[0.863s] Level 1:colcon.colcon_core.environment:checking '/home/melodse/ef_ws/src/install/unitree_description/lib'
[0.864s] Level 1:colcon.colcon_core.environment:checking '/home/melodse/ef_ws/src/install/unitree_description/bin'
[0.864s] Level 1:colcon.colcon_core.environment:checking '/home/melodse/ef_ws/src/install/unitree_description/lib/pkgconfig/unitree_description.pc'
[0.864s] Level 1:colcon.colcon_core.shell:create_environment_hook('unitree_description', 'pkg_config')
[0.864s] INFO:colcon.colcon_core.shell:Creating environment hook '/home/melodse/ef_ws/src/install/unitree_description/share/unitree_description/hook/pkg_config.ps1'
[0.864s] INFO:colcon.colcon_core.shell:Creating environment descriptor '/home/melodse/ef_ws/src/install/unitree_description/share/unitree_description/hook/pkg_config.dsv'
[0.864s] INFO:colcon.colcon_core.shell:Creating environment hook '/home/melodse/ef_ws/src/install/unitree_description/share/unitree_description/hook/pkg_config.sh'
[0.865s] Level 1:colcon.colcon_core.environment:checking '/home/melodse/ef_ws/src/install/unitree_description/lib/python3.12/site-packages'
[0.865s] Level 1:colcon.colcon_core.shell:create_environment_hook('unitree_description', 'pythonpath')
[0.865s] INFO:colcon.colcon_core.shell:Creating environment hook '/home/melodse/ef_ws/src/install/unitree_description/share/unitree_description/hook/pythonpath.ps1'
[0.866s] INFO:colcon.colcon_core.shell:Creating environment descriptor '/home/melodse/ef_ws/src/install/unitree_description/share/unitree_description/hook/pythonpath.dsv'
[0.866s] INFO:colcon.colcon_core.shell:Creating environment hook '/home/melodse/ef_ws/src/install/unitree_description/share/unitree_description/hook/pythonpath.sh'
[0.866s] Level 1:colcon.colcon_core.environment:checking '/home/melodse/ef_ws/src/install/unitree_description/bin'
[0.866s] INFO:colcon.colcon_core.shell:Creating package script '/home/melodse/ef_ws/src/install/unitree_description/share/unitree_description/package.ps1'
[0.867s] INFO:colcon.colcon_core.shell:Creating package descriptor '/home/melodse/ef_ws/src/install/unitree_description/share/unitree_description/package.dsv'
[0.868s] INFO:colcon.colcon_core.shell:Creating package script '/home/melodse/ef_ws/src/install/unitree_description/share/unitree_description/package.sh'
[0.869s] INFO:colcon.colcon_core.shell:Creating package script '/home/melodse/ef_ws/src/install/unitree_description/share/unitree_description/package.bash'
[0.869s] INFO:colcon.colcon_core.shell:Creating package script '/home/melodse/ef_ws/src/install/unitree_description/share/unitree_description/package.zsh'
[0.870s] Level 1:colcon.colcon_core.environment:create_file_with_runtime_dependencies(/home/melodse/ef_ws/src/install/unitree_description/share/colcon-core/packages/unitree_description)
[0.870s] INFO:colcon.colcon_ros.task.ament_python.build:Building ROS package in '/home/melodse/ef_ws/src/g1_rviz_simulation' with build type 'ament_python'
[0.870s] Level 1:colcon.colcon_core.shell:create_environment_hook('g1_description', 'ament_prefix_path')
[0.871s] INFO:colcon.colcon_core.shell:Creating environment hook '/home/melodse/ef_ws/src/install/g1_description/share/g1_description/hook/ament_prefix_path.ps1'
[0.872s] INFO:colcon.colcon_core.shell:Creating environment descriptor '/home/melodse/ef_ws/src/install/g1_description/share/g1_description/hook/ament_prefix_path.dsv'
[0.873s] INFO:colcon.colcon_core.shell:Creating environment hook '/home/melodse/ef_ws/src/install/g1_description/share/g1_description/hook/ament_prefix_path.sh'
[0.874s] INFO:colcon.colcon_core.shell:Skip shell extension 'powershell' for command environment: Not usable outside of PowerShell
[0.874s] DEBUG:colcon.colcon_core.shell:Skip shell extension 'dsv' for command environment
[1.225s] INFO:colcon.colcon_core.task.python.build:Building Python package in '/home/melodse/ef_ws/src/g1_rviz_simulation'
[1.225s] INFO:colcon.colcon_core.shell:Skip shell extension 'powershell' for command environment: Not usable outside of PowerShell
[1.225s] DEBUG:colcon.colcon_core.shell:Skip shell extension 'dsv' for command environment
[1.840s] DEBUG:colcon.colcon_core.event_handler.log_command:Invoking command in '/home/melodse/ef_ws/src/go2_ros2_bridge': PYTHONPATH=/home/melodse/ef_ws/src/build/go2_ros2_bridge/prefix_override:/usr/lib/python3/dist-packages/colcon_core/task/python/colcon_distutils_commands:/home/melodse/ef_ws/src/install/go2_ros2_bridge/lib/python3.12/site-packages:${PYTHONPATH} /usr/bin/python3 -W ignore:setup.py install is deprecated -W ignore:easy_install command is deprecated setup.py egg_info --egg-base ../build/go2_ros2_bridge build --build-base /home/melodse/ef_ws/src/build/go2_ros2_bridge/build install --record /home/melodse/ef_ws/src/build/go2_ros2_bridge/install.log --single-version-externally-managed install_data
[2.024s] DEBUG:colcon.colcon_core.event_handler.log_command:Invoking command in '/home/melodse/ef_ws/src/g1_rviz_simulation': CMAKE_PREFIX_PATH=/home/melodse/ef_ws/src/install/unitree_description:${CMAKE_PREFIX_PATH} PKG_CONFIG_PATH=/home/melodse/ef_ws/src/install/unitree_description/lib/x86_64-linux-gnu/pkgconfig:/home/melodse/ef_ws/src/install/unitree_description/lib/pkgconfig:${PKG_CONFIG_PATH} PYTHONPATH=/home/melodse/ef_ws/src/build/g1_description/prefix_override:/usr/lib/python3/dist-packages/colcon_core/task/python/colcon_distutils_commands:/home/melodse/ef_ws/src/install/g1_description/lib/python3.12/site-packages:/home/melodse/ef_ws/src/install/unitree_description/lib/python3.12/site-packages:${PYTHONPATH} /usr/bin/python3 -W ignore:setup.py install is deprecated -W ignore:easy_install command is deprecated setup.py egg_info --egg-base ../../../../src/build/g1_description build --build-base /home/melodse/ef_ws/src/build/g1_description/build install --record /home/melodse/ef_ws/src/build/g1_description/install.log --single-version-externally-managed install_data
[2.404s] Level 1:colcon.colcon_core.environment:checking '/home/melodse/ef_ws/src/install/go2_ros2_bridge' for CMake module files
[2.404s] DEBUG:colcon.colcon_core.event_handler.log_command:Invoked command in '/home/melodse/ef_ws/src/go2_ros2_bridge' returned '0': PYTHONPATH=/home/melodse/ef_ws/src/build/go2_ros2_bridge/prefix_override:/usr/lib/python3/dist-packages/colcon_core/task/python/colcon_distutils_commands:/home/melodse/ef_ws/src/install/go2_ros2_bridge/lib/python3.12/site-packages:${PYTHONPATH} /usr/bin/python3 -W ignore:setup.py install is deprecated -W ignore:easy_install command is deprecated setup.py egg_info --egg-base ../build/go2_ros2_bridge build --build-base /home/melodse/ef_ws/src/build/go2_ros2_bridge/build install --record /home/melodse/ef_ws/src/build/go2_ros2_bridge/install.log --single-version-externally-managed install_data
[2.405s] Level 1:colcon.colcon_core.environment:checking '/home/melodse/ef_ws/src/install/go2_ros2_bridge' for CMake config files
[2.407s] Level 1:colcon.colcon_core.environment:checking '/home/melodse/ef_ws/src/install/go2_ros2_bridge/lib'
[2.407s] Level 1:colcon.colcon_core.environment:checking '/home/melodse/ef_ws/src/install/go2_ros2_bridge/bin'
[2.407s] Level 1:colcon.colcon_core.environment:checking '/home/melodse/ef_ws/src/install/go2_ros2_bridge/lib/pkgconfig/go2_ros2_bridge.pc'
[2.407s] Level 1:colcon.colcon_core.environment:checking '/home/melodse/ef_ws/src/install/go2_ros2_bridge/lib/python3.12/site-packages'
[2.407s] Level 1:colcon.colcon_core.shell:create_environment_hook('go2_ros2_bridge', 'pythonpath')
[2.408s] INFO:colcon.colcon_core.shell:Creating environment hook '/home/melodse/ef_ws/src/install/go2_ros2_bridge/share/go2_ros2_bridge/hook/pythonpath.ps1'
[2.408s] INFO:colcon.colcon_core.shell:Creating environment descriptor '/home/melodse/ef_ws/src/install/go2_ros2_bridge/share/go2_ros2_bridge/hook/pythonpath.dsv'
[2.408s] INFO:colcon.colcon_core.shell:Creating environment hook '/home/melodse/ef_ws/src/install/go2_ros2_bridge/share/go2_ros2_bridge/hook/pythonpath.sh'
[2.409s] Level 1:colcon.colcon_core.environment:checking '/home/melodse/ef_ws/src/install/go2_ros2_bridge/bin'
[2.409s] Level 1:colcon.colcon_core.environment:create_environment_scripts_only(go2_ros2_bridge)
[2.409s] INFO:colcon.colcon_core.shell:Creating package script '/home/melodse/ef_ws/src/install/go2_ros2_bridge/share/go2_ros2_bridge/package.ps1'
[2.410s] INFO:colcon.colcon_core.shell:Creating package descriptor '/home/melodse/ef_ws/src/install/go2_ros2_bridge/share/go2_ros2_bridge/package.dsv'
[2.410s] INFO:colcon.colcon_core.shell:Creating package script '/home/melodse/ef_ws/src/install/go2_ros2_bridge/share/go2_ros2_bridge/package.sh'
[2.410s] INFO:colcon.colcon_core.shell:Creating package script '/home/melodse/ef_ws/src/install/go2_ros2_bridge/share/go2_ros2_bridge/package.bash'
[2.411s] INFO:colcon.colcon_core.shell:Creating package script '/home/melodse/ef_ws/src/install/go2_ros2_bridge/share/go2_ros2_bridge/package.zsh'
[2.411s] Level 1:colcon.colcon_core.environment:create_file_with_runtime_dependencies(/home/melodse/ef_ws/src/install/go2_ros2_bridge/share/colcon-core/packages/go2_ros2_bridge)
[2.638s] Level 1:colcon.colcon_core.environment:checking '/home/melodse/ef_ws/src/install/g1_description' for CMake module files
[2.639s] DEBUG:colcon.colcon_core.event_handler.log_command:Invoked command in '/home/melodse/ef_ws/src/g1_rviz_simulation' returned '0': CMAKE_PREFIX_PATH=/home/melodse/ef_ws/src/install/unitree_description:${CMAKE_PREFIX_PATH} PKG_CONFIG_PATH=/home/melodse/ef_ws/src/install/unitree_description/lib/x86_64-linux-gnu/pkgconfig:/home/melodse/ef_ws/src/install/unitree_description/lib/pkgconfig:${PKG_CONFIG_PATH} PYTHONPATH=/home/melodse/ef_ws/src/build/g1_description/prefix_override:/usr/lib/python3/dist-packages/colcon_core/task/python/colcon_distutils_commands:/home/melodse/ef_ws/src/install/g1_description/lib/python3.12/site-packages:/home/melodse/ef_ws/src/install/unitree_description/lib/python3.12/site-packages:${PYTHONPATH} /usr/bin/python3 -W ignore:setup.py install is deprecated -W ignore:easy_install command is deprecated setup.py egg_info --egg-base ../../../../src/build/g1_description build --build-base /home/melodse/ef_ws/src/build/g1_description/build install --record /home/melodse/ef_ws/src/build/g1_description/install.log --single-version-externally-managed install_data
[2.642s] Level 1:colcon.colcon_core.environment:checking '/home/melodse/ef_ws/src/install/g1_description' for CMake config files
[2.645s] Level 1:colcon.colcon_core.environment:checking '/home/melodse/ef_ws/src/install/g1_description/lib'
[2.645s] Level 1:colcon.colcon_core.environment:checking '/home/melodse/ef_ws/src/install/g1_description/bin'
[2.646s] Level 1:colcon.colcon_core.environment:checking '/home/melodse/ef_ws/src/install/g1_description/lib/pkgconfig/g1_description.pc'
[2.646s] Level 1:colcon.colcon_core.environment:checking '/home/melodse/ef_ws/src/install/g1_description/lib/python3.12/site-packages'
[2.646s] Level 1:colcon.colcon_core.shell:create_environment_hook('g1_description', 'pythonpath')
[2.646s] INFO:colcon.colcon_core.shell:Creating environment hook '/home/melodse/ef_ws/src/install/g1_description/share/g1_description/hook/pythonpath.ps1'
[2.647s] INFO:colcon.colcon_core.shell:Creating environment descriptor '/home/melodse/ef_ws/src/install/g1_description/share/g1_description/hook/pythonpath.dsv'
[2.648s] INFO:colcon.colcon_core.shell:Creating environment hook '/home/melodse/ef_ws/src/install/g1_description/share/g1_description/hook/pythonpath.sh'
[2.649s] Level 1:colcon.colcon_core.environment:checking '/home/melodse/ef_ws/src/install/g1_description/bin'
[2.649s] Level 1:colcon.colcon_core.environment:create_environment_scripts_only(g1_description)
[2.650s] INFO:colcon.colcon_core.shell:Creating package script '/home/melodse/ef_ws/src/install/g1_description/share/g1_description/package.ps1'
[2.651s] INFO:colcon.colcon_core.shell:Creating package descriptor '/home/melodse/ef_ws/src/install/g1_description/share/g1_description/package.dsv'
[2.652s] INFO:colcon.colcon_core.shell:Creating package script '/home/melodse/ef_ws/src/install/g1_description/share/g1_description/package.sh'
[2.652s] INFO:colcon.colcon_core.shell:Creating package script '/home/melodse/ef_ws/src/install/g1_description/share/g1_description/package.bash'
[2.653s] INFO:colcon.colcon_core.shell:Creating package script '/home/melodse/ef_ws/src/install/g1_description/share/g1_description/package.zsh'
[2.653s] Level 1:colcon.colcon_core.environment:create_file_with_runtime_dependencies(/home/melodse/ef_ws/src/install/g1_description/share/colcon-core/packages/g1_description)
[2.654s] DEBUG:colcon.colcon_parallel_executor.executor.parallel:closing loop
[2.654s] DEBUG:colcon.colcon_parallel_executor.executor.parallel:loop closed
[2.654s] DEBUG:colcon.colcon_parallel_executor.executor.parallel:run_until_complete finished with '0'
[2.655s] DEBUG:colcon.colcon_core.event_reactor:joining thread
[2.664s] INFO:colcon.colcon_core.plugin_system:Skipping extension 'colcon_notification.desktop_notification.terminal_notifier': Not used on non-Darwin systems
[2.665s] INFO:colcon.colcon_core.plugin_system:Skipping extension 'colcon_notification.desktop_notification.win32': Not used on non-Windows systems
[2.665s] INFO:colcon.colcon_notification.desktop_notification:Sending desktop notification using 'notify2'
[2.666s] DEBUG:colcon.colcon_notification.desktop_notification.notify2:Failed to initialize notify2: org.freedesktop.DBus.Error.ServiceUnknown: The name org.freedesktop.Notifications was not provided by any .service files
[2.667s] DEBUG:colcon.colcon_core.event_reactor:joined thread
[2.667s] INFO:colcon.colcon_core.shell:Creating prefix script '/home/melodse/ef_ws/src/install/local_setup.ps1'
[2.668s] INFO:colcon.colcon_core.shell:Creating prefix util module '/home/melodse/ef_ws/src/install/_local_setup_util_ps1.py'
[2.669s] INFO:colcon.colcon_core.shell:Creating prefix chain script '/home/melodse/ef_ws/src/install/setup.ps1'
[2.671s] INFO:colcon.colcon_core.shell:Creating prefix script '/home/melodse/ef_ws/src/install/local_setup.sh'
[2.672s] INFO:colcon.colcon_core.shell:Creating prefix util module '/home/melodse/ef_ws/src/install/_local_setup_util_sh.py'
[2.673s] INFO:colcon.colcon_core.shell:Creating prefix chain script '/home/melodse/ef_ws/src/install/setup.sh'
[2.674s] INFO:colcon.colcon_core.shell:Creating prefix script '/home/melodse/ef_ws/src/install/local_setup.bash'
[2.675s] INFO:colcon.colcon_core.shell:Creating prefix chain script '/home/melodse/ef_ws/src/install/setup.bash'
[2.676s] INFO:colcon.colcon_core.shell:Creating prefix script '/home/melodse/ef_ws/src/install/local_setup.zsh'
[2.677s] INFO:colcon.colcon_core.shell:Creating prefix chain script '/home/melodse/ef_ws/src/install/setup.zsh'
