[0.877s] Invoking command in '/home/melodse/ef_ws/g1/sim/G1_rviz_simulation-main/G1_rviz_simulation-main': CMAKE_PREFIX_PATH=/home/melodse/ef_ws/install/unitree_description:${CMAKE_PREFIX_PATH} PKG_CONFIG_PATH=/home/melodse/ef_ws/install/unitree_description/lib/x86_64-linux-gnu/pkgconfig:/home/melodse/ef_ws/install/unitree_description/lib/pkgconfig PYTHONPATH=/home/melodse/ef_ws/build/g1_description/prefix_override:/usr/lib/python3/dist-packages/colcon_core/task/python/colcon_distutils_commands:/home/melodse/ef_ws/install/g1_description/lib/python3.12/site-packages:/home/melodse/ef_ws/install/unitree_description/lib/python3.12/site-packages:${PYTHONPATH} /usr/bin/python3 -W ignore:setup.py install is deprecated -W ignore:easy_install command is deprecated setup.py egg_info --egg-base ../../../../build/g1_description build --build-base /home/melodse/ef_ws/build/g1_description/build install --record /home/melodse/ef_ws/build/g1_description/install.log --single-version-externally-managed install_data
[1.149s] running egg_info
[1.172s] writing ../../../../build/g1_description/g1_description.egg-info/PKG-INFO
[1.172s] writing dependency_links to ../../../../build/g1_description/g1_description.egg-info/dependency_links.txt
[1.173s] writing entry points to ../../../../build/g1_description/g1_description.egg-info/entry_points.txt
[1.173s] writing requirements to ../../../../build/g1_description/g1_description.egg-info/requires.txt
[1.173s] writing top-level names to ../../../../build/g1_description/g1_description.egg-info/top_level.txt
[1.228s] reading manifest file '../../../../build/g1_description/g1_description.egg-info/SOURCES.txt'
[1.230s] writing manifest file '../../../../build/g1_description/g1_description.egg-info/SOURCES.txt'
[1.230s] running build
[1.230s] running build_py
[1.231s] running install
[1.236s] running install_lib
[1.266s] running install_data
[1.268s] running install_egg_info
[1.294s] removing '/home/melodse/ef_ws/install/g1_description/lib/python3.12/site-packages/g1_description-0.0.0-py3.12.egg-info' (and everything under it)
[1.295s] Copying ../../../../build/g1_description/g1_description.egg-info to /home/melodse/ef_ws/install/g1_description/lib/python3.12/site-packages/g1_description-0.0.0-py3.12.egg-info
[1.296s] running install_scripts
[1.469s] Installing demo_joint_motion script to /home/melodse/ef_ws/install/g1_description/lib/g1_description
[1.469s] Installing lowstate_jointstate_bridge script to /home/melodse/ef_ws/install/g1_description/lib/g1_description
[1.469s] Installing rviz_joint_motion script to /home/melodse/ef_ws/install/g1_description/lib/g1_description
[1.470s] writing list of installed files to '/home/melodse/ef_ws/build/g1_description/install.log'
[1.505s] Invoked command in '/home/melodse/ef_ws/g1/sim/G1_rviz_simulation-main/G1_rviz_simulation-main' returned '0': CMAKE_PREFIX_PATH=/home/melodse/ef_ws/install/unitree_description:${CMAKE_PREFIX_PATH} PKG_CONFIG_PATH=/home/melodse/ef_ws/install/unitree_description/lib/x86_64-linux-gnu/pkgconfig:/home/melodse/ef_ws/install/unitree_description/lib/pkgconfig PYTHONPATH=/home/melodse/ef_ws/build/g1_description/prefix_override:/usr/lib/python3/dist-packages/colcon_core/task/python/colcon_distutils_commands:/home/melodse/ef_ws/install/g1_description/lib/python3.12/site-packages:/home/melodse/ef_ws/install/unitree_description/lib/python3.12/site-packages:${PYTHONPATH} /usr/bin/python3 -W ignore:setup.py install is deprecated -W ignore:easy_install command is deprecated setup.py egg_info --egg-base ../../../../build/g1_description build --build-base /home/melodse/ef_ws/build/g1_description/build install --record /home/melodse/ef_ws/build/g1_description/install.log --single-version-externally-managed install_data
