[2.247s] Invoking command in '/home/melodse/ef_ws/src/go2_ros2_bridge': PYTHONPATH=/home/melodse/ef_ws/build/go2_ros2_bridge/prefix_override:/usr/lib/python3/dist-packages/colcon_core/task/python/colcon_distutils_commands:/home/melodse/ef_ws/install/go2_ros2_bridge/lib/python3.12/site-packages:${PYTHONPATH} /usr/bin/python3 -W ignore:setup.py install is deprecated -W ignore:easy_install command is deprecated setup.py egg_info --egg-base ../../build/go2_ros2_bridge build --build-base /home/melodse/ef_ws/build/go2_ros2_bridge/build install --record /home/melodse/ef_ws/build/go2_ros2_bridge/install.log --single-version-externally-managed install_data
[2.651s] running egg_info
[2.652s] creating ../../build/go2_ros2_bridge/go2_ros2_bridge.egg-info
[2.682s] writing ../../build/go2_ros2_bridge/go2_ros2_bridge.egg-info/PKG-INFO
[2.683s] writing dependency_links to ../../build/go2_ros2_bridge/go2_ros2_bridge.egg-info/dependency_links.txt
[2.683s] writing entry points to ../../build/go2_ros2_bridge/go2_ros2_bridge.egg-info/entry_points.txt
[2.684s] writing requirements to ../../build/go2_ros2_bridge/go2_ros2_bridge.egg-info/requires.txt
[2.684s] writing top-level names to ../../build/go2_ros2_bridge/go2_ros2_bridge.egg-info/top_level.txt
[2.685s] writing manifest file '../../build/go2_ros2_bridge/go2_ros2_bridge.egg-info/SOURCES.txt'
[2.746s] reading manifest file '../../build/go2_ros2_bridge/go2_ros2_bridge.egg-info/SOURCES.txt'
[2.747s] writing manifest file '../../build/go2_ros2_bridge/go2_ros2_bridge.egg-info/SOURCES.txt'
[2.749s] running build
[2.749s] running build_py
[2.749s] creating /home/melodse/ef_ws/build/go2_ros2_bridge/build
[2.750s] creating /home/melodse/ef_ws/build/go2_ros2_bridge/build/lib
[2.750s] creating /home/melodse/ef_ws/build/go2_ros2_bridge/build/lib/go2_ros2_bridge
[2.751s] copying go2_ros2_bridge/go2_state_bridge.py -> /home/melodse/ef_ws/build/go2_ros2_bridge/build/lib/go2_ros2_bridge
[2.751s] copying go2_ros2_bridge/__init__.py -> /home/melodse/ef_ws/build/go2_ros2_bridge/build/lib/go2_ros2_bridge
[2.752s] running install
[2.759s] running install_lib
[2.790s] creating /home/melodse/ef_ws/install/go2_ros2_bridge/lib/python3.12/site-packages/go2_ros2_bridge
[2.790s] copying /home/melodse/ef_ws/build/go2_ros2_bridge/build/lib/go2_ros2_bridge/go2_state_bridge.py -> /home/melodse/ef_ws/install/go2_ros2_bridge/lib/python3.12/site-packages/go2_ros2_bridge
[2.791s] copying /home/melodse/ef_ws/build/go2_ros2_bridge/build/lib/go2_ros2_bridge/__init__.py -> /home/melodse/ef_ws/install/go2_ros2_bridge/lib/python3.12/site-packages/go2_ros2_bridge
[2.792s] byte-compiling /home/melodse/ef_ws/install/go2_ros2_bridge/lib/python3.12/site-packages/go2_ros2_bridge/go2_state_bridge.py to go2_state_bridge.cpython-312.pyc
[2.794s] byte-compiling /home/melodse/ef_ws/install/go2_ros2_bridge/lib/python3.12/site-packages/go2_ros2_bridge/__init__.py to __init__.cpython-312.pyc
[2.794s] running install_data
[2.795s] creating /home/melodse/ef_ws/install/go2_ros2_bridge/share
[2.795s] creating /home/melodse/ef_ws/install/go2_ros2_bridge/share/ament_index
[2.796s] creating /home/melodse/ef_ws/install/go2_ros2_bridge/share/ament_index/resource_index
[2.796s] creating /home/melodse/ef_ws/install/go2_ros2_bridge/share/ament_index/resource_index/packages
[2.797s] copying resource/go2_ros2_bridge -> /home/melodse/ef_ws/install/go2_ros2_bridge/share/ament_index/resource_index/packages
[2.797s] creating /home/melodse/ef_ws/install/go2_ros2_bridge/share/{package_name}
[2.798s] copying package.xml -> /home/melodse/ef_ws/install/go2_ros2_bridge/share/{package_name}
[2.798s] creating /home/melodse/ef_ws/install/go2_ros2_bridge/share/{package_name}/launch
[2.798s] copying launch/go2_state_bridge.launch.py -> /home/melodse/ef_ws/install/go2_ros2_bridge/share/{package_name}/launch
[2.799s] running install_egg_info
[2.828s] Copying ../../build/go2_ros2_bridge/go2_ros2_bridge.egg-info to /home/melodse/ef_ws/install/go2_ros2_bridge/lib/python3.12/site-packages/go2_ros2_bridge-0.1.0-py3.12.egg-info
[2.830s] running install_scripts
[3.020s] Installing go2_state_bridge script to /home/melodse/ef_ws/install/go2_ros2_bridge/lib/go2_ros2_bridge
[3.021s] writing list of installed files to '/home/melodse/ef_ws/build/go2_ros2_bridge/install.log'
[3.054s] Invoked command in '/home/melodse/ef_ws/src/go2_ros2_bridge' returned '0': PYTHONPATH=/home/melodse/ef_ws/build/go2_ros2_bridge/prefix_override:/usr/lib/python3/dist-packages/colcon_core/task/python/colcon_distutils_commands:/home/melodse/ef_ws/install/go2_ros2_bridge/lib/python3.12/site-packages:${PYTHONPATH} /usr/bin/python3 -W ignore:setup.py install is deprecated -W ignore:easy_install command is deprecated setup.py egg_info --egg-base ../../build/go2_ros2_bridge build --build-base /home/melodse/ef_ws/build/go2_ros2_bridge/build install --record /home/melodse/ef_ws/build/go2_ros2_bridge/install.log --single-version-externally-managed install_data
