[1.301s] Invoking command in '/home/melodse/ef_ws/g1/sim/G1_rviz_simulation-main/G1_rviz_simulation-main': PS1=(venv) \[\e]0;\u@\h: \w\a\]${debian_chroot:+($debian_chroot)}\[\033[01;32m\]\u@\h\[\033[00m\]:\[\033[01;34m\]\w\[\033[00m\]\$ PYTHONPATH=/home/melodse/ef_ws/g1/build/g1_description/prefix_override:/usr/lib/python3/dist-packages/colcon_core/task/python/colcon_distutils_commands:/home/melodse/ef_ws/g1/install/g1_description/lib/python3.12/site-packages:${PYTHONPATH} VIRTUAL_ENV_PROMPT=(venv) /usr/bin/python3 -W ignore:setup.py install is deprecated -W ignore:easy_install command is deprecated setup.py egg_info --egg-base ../../../build/g1_description build --build-base /home/melodse/ef_ws/g1/build/g1_description/build install --record /home/melodse/ef_ws/g1/build/g1_description/install.log --single-version-externally-managed install_data
[1.703s] running egg_info
[1.703s] creating ../../../build/g1_description/g1_description.egg-info
[1.732s] writing ../../../build/g1_description/g1_description.egg-info/PKG-INFO
[1.733s] writing dependency_links to ../../../build/g1_description/g1_description.egg-info/dependency_links.txt
[1.733s] writing entry points to ../../../build/g1_description/g1_description.egg-info/entry_points.txt
[1.734s] writing requirements to ../../../build/g1_description/g1_description.egg-info/requires.txt
[1.734s] writing top-level names to ../../../build/g1_description/g1_description.egg-info/top_level.txt
[1.735s] writing manifest file '../../../build/g1_description/g1_description.egg-info/SOURCES.txt'
[1.795s] reading manifest file '../../../build/g1_description/g1_description.egg-info/SOURCES.txt'
[1.798s] writing manifest file '../../../build/g1_description/g1_description.egg-info/SOURCES.txt'
[1.825s] running build
[1.825s] running build_py
[1.826s] creating /home/melodse/ef_ws/g1/build/g1_description/build
[1.827s] creating /home/melodse/ef_ws/g1/build/g1_description/build/lib
[1.827s] creating /home/melodse/ef_ws/g1/build/g1_description/build/lib/g1_description
[1.828s] copying g1_description/demo_joint_motion.py -> /home/melodse/ef_ws/g1/build/g1_description/build/lib/g1_description
[1.828s] copying g1_description/rviz_joint_motion.py -> /home/melodse/ef_ws/g1/build/g1_description/build/lib/g1_description
[1.829s] copying g1_description/__init__.py -> /home/melodse/ef_ws/g1/build/g1_description/build/lib/g1_description
[1.829s] copying g1_description/lowstate_jointstate_bridge.py -> /home/melodse/ef_ws/g1/build/g1_description/build/lib/g1_description
[1.830s] running install
[1.839s] running install_lib
[1.873s] creating /home/melodse/ef_ws/g1/install/g1_description/lib/python3.12/site-packages/g1_description
[1.874s] copying /home/melodse/ef_ws/g1/build/g1_description/build/lib/g1_description/demo_joint_motion.py -> /home/melodse/ef_ws/g1/install/g1_description/lib/python3.12/site-packages/g1_description
[1.874s] copying /home/melodse/ef_ws/g1/build/g1_description/build/lib/g1_description/rviz_joint_motion.py -> /home/melodse/ef_ws/g1/install/g1_description/lib/python3.12/site-packages/g1_description
[1.874s] copying /home/melodse/ef_ws/g1/build/g1_description/build/lib/g1_description/__init__.py -> /home/melodse/ef_ws/g1/install/g1_description/lib/python3.12/site-packages/g1_description
[1.875s] copying /home/melodse/ef_ws/g1/build/g1_description/build/lib/g1_description/lowstate_jointstate_bridge.py -> /home/melodse/ef_ws/g1/install/g1_description/lib/python3.12/site-packages/g1_description
[1.875s] byte-compiling /home/melodse/ef_ws/g1/install/g1_description/lib/python3.12/site-packages/g1_description/demo_joint_motion.py to demo_joint_motion.cpython-312.pyc
[1.878s] byte-compiling /home/melodse/ef_ws/g1/install/g1_description/lib/python3.12/site-packages/g1_description/rviz_joint_motion.py to rviz_joint_motion.cpython-312.pyc
[1.879s] byte-compiling /home/melodse/ef_ws/g1/install/g1_description/lib/python3.12/site-packages/g1_description/__init__.py to __init__.cpython-312.pyc
[1.880s] byte-compiling /home/melodse/ef_ws/g1/install/g1_description/lib/python3.12/site-packages/g1_description/lowstate_jointstate_bridge.py to lowstate_jointstate_bridge.cpython-312.pyc
[1.881s] running install_data
[1.882s] creating /home/melodse/ef_ws/g1/install/g1_description/share/ament_index
[1.882s] creating /home/melodse/ef_ws/g1/install/g1_description/share/ament_index/resource_index
[1.883s] creating /home/melodse/ef_ws/g1/install/g1_description/share/ament_index/resource_index/packages
[1.883s] copying resource/g1_description -> /home/melodse/ef_ws/g1/install/g1_description/share/ament_index/resource_index/packages
[1.883s] copying package.xml -> /home/melodse/ef_ws/g1/install/g1_description/share/g1_description
[1.884s] creating /home/melodse/ef_ws/g1/install/g1_description/share/g1_description/launch
[1.884s] copying launch/rviz_sim.launch.py -> /home/melodse/ef_ws/g1/install/g1_description/share/g1_description/launch
[1.884s] copying launch/robot_state_publisher.launch.py -> /home/melodse/ef_ws/g1/install/g1_description/share/g1_description/launch
[1.884s] creating /home/melodse/ef_ws/g1/install/g1_description/share/g1_description/rviz
[1.885s] copying rviz/g1.rviz -> /home/melodse/ef_ws/g1/install/g1_description/share/g1_description/rviz
[1.885s] creating /home/melodse/ef_ws/g1/install/g1_description/share/g1_description/urdf
[1.885s] copying urdf/g1_29dof_with_hand_rev_1_0_pkg.urdf -> /home/melodse/ef_ws/g1/install/g1_description/share/g1_description/urdf
[1.885s] creating /home/melodse/ef_ws/g1/install/g1_description/share/g1_description/meshes
[1.886s] copying meshes/right_elbow_link.STL -> /home/melodse/ef_ws/g1/install/g1_description/share/g1_description/meshes
[1.888s] copying meshes/logo_link.STL -> /home/melodse/ef_ws/g1/install/g1_description/share/g1_description/meshes
[1.889s] copying meshes/left_palm_force_sensor.STL -> /home/melodse/ef_ws/g1/install/g1_description/share/g1_description/meshes
[1.893s] copying meshes/dex1_col_1.stl -> /home/melodse/ef_ws/g1/install/g1_description/share/g1_description/meshes
[1.894s] copying meshes/left_middle_2.STL -> /home/melodse/ef_ws/g1/install/g1_description/share/g1_description/meshes
[1.896s] copying meshes/right_ring_force_sensor_3.STL -> /home/melodse/ef_ws/g1/install/g1_description/share/g1_description/meshes
[1.897s] copying meshes/right_wrist_yaw_link_5010.STL -> /home/melodse/ef_ws/g1/install/g1_description/share/g1_description/meshes
[1.899s] copying meshes/left_rubber_hand.STL -> /home/melodse/ef_ws/g1/install/g1_description/share/g1_description/meshes
[1.906s] copying meshes/left_shoulder_roll_link.STL -> /home/melodse/ef_ws/g1/install/g1_description/share/g1_description/meshes
[1.908s] copying meshes/right_hand_index_1_link.STL -> /home/melodse/ef_ws/g1/install/g1_description/share/g1_description/meshes
[1.912s] copying meshes/left_wrist_yaw_link.STL -> /home/melodse/ef_ws/g1/install/g1_description/share/g1_description/meshes
[1.913s] copying meshes/left_index_force_sensor_3.STL -> /home/melodse/ef_ws/g1/install/g1_description/share/g1_description/meshes
[1.914s] copying meshes/left_little_1.STL -> /home/melodse/ef_ws/g1/install/g1_description/share/g1_description/meshes
[1.918s] copying meshes/right_hip_yaw_link.STL -> /home/melodse/ef_ws/g1/install/g1_description/share/g1_description/meshes
[1.920s] copying meshes/right_ankle_pitch_link.STL -> /home/melodse/ef_ws/g1/install/g1_description/share/g1_description/meshes
[1.921s] copying meshes/left_middle_force_sensor_3.STL -> /home/melodse/ef_ws/g1/install/g1_description/share/g1_description/meshes
[1.922s] copying meshes/dex1_col_2.stl -> /home/melodse/ef_ws/g1/install/g1_description/share/g1_description/meshes
[1.923s] copying meshes/waist_support_link.STL -> /home/melodse/ef_ws/g1/install/g1_description/share/g1_description/meshes
[1.924s] copying meshes/torso_constraint_R_link.STL -> /home/melodse/ef_ws/g1/install/g1_description/share/g1_description/meshes
[1.925s] copying meshes/Link16_L.STL -> /home/melodse/ef_ws/g1/install/g1_description/share/g1_description/meshes
[1.926s] copying meshes/waist_constraint_R.STL -> /home/melodse/ef_ws/g1/install/g1_description/share/g1_description/meshes
[1.927s] copying meshes/left_thumb_force_sensor_2.STL -> /home/melodse/ef_ws/g1/install/g1_description/share/g1_description/meshes
[1.928s] copying meshes/d455_link.STL -> /home/melodse/ef_ws/g1/install/g1_description/share/g1_description/meshes
[1.932s] copying meshes/left_little_2.STL -> /home/melodse/ef_ws/g1/install/g1_description/share/g1_description/meshes
[1.934s] copying meshes/right_middle_force_sensor_2.STL -> /home/melodse/ef_ws/g1/install/g1_description/share/g1_description/meshes
[1.936s] copying meshes/left_little_force_sensor_2.STL -> /home/melodse/ef_ws/g1/install/g1_description/share/g1_description/meshes
[1.938s] copying meshes/Dex1_finger_link_2.STL -> /home/melodse/ef_ws/g1/install/g1_description/share/g1_description/meshes
[1.939s] copying meshes/waist_yaw_link_rev_1_0.STL -> /home/melodse/ef_ws/g1/install/g1_description/share/g1_description/meshes
[1.942s] copying meshes/left_hand_thumb_1_link.STL -> /home/melodse/ef_ws/g1/install/g1_description/share/g1_description/meshes
[1.944s] copying meshes/right_shoulder_pitch_link.STL -> /home/melodse/ef_ws/g1/install/g1_description/share/g1_description/meshes
[1.946s] copying meshes/left_shoulder_yaw_link.STL -> /home/melodse/ef_ws/g1/install/g1_description/share/g1_description/meshes
[1.948s] copying meshes/left_little_force_sensor_3.STL -> /home/melodse/ef_ws/g1/install/g1_description/share/g1_description/meshes
[1.949s] copying meshes/right_base_link.STL -> /home/melodse/ef_ws/g1/install/g1_description/share/g1_description/meshes
[1.965s] copying meshes/left_index_2.STL -> /home/melodse/ef_ws/g1/install/g1_description/share/g1_description/meshes
[1.967s] copying meshes/left_wrist_roll_rubber_hand.STL -> /home/melodse/ef_ws/g1/install/g1_description/share/g1_description/meshes
[1.978s] copying meshes/right_thumb_force_sensor_2.STL -> /home/melodse/ef_ws/g1/install/g1_description/share/g1_description/meshes
[1.979s] copying meshes/right_thumb_1.STL -> /home/melodse/ef_ws/g1/install/g1_description/share/g1_description/meshes
[1.979s] copying meshes/left_middle_1.STL -> /home/melodse/ef_ws/g1/install/g1_description/share/g1_description/meshes
[1.983s] copying meshes/Link22_R.STL -> /home/melodse/ef_ws/g1/install/g1_description/share/g1_description/meshes
[1.984s] copying meshes/right_hand_palm_link.STL -> /home/melodse/ef_ws/g1/install/g1_description/share/g1_description/meshes
[1.991s] copying meshes/right_index_force_sensor_3.STL -> /home/melodse/ef_ws/g1/install/g1_description/share/g1_description/meshes
[1.992s] copying meshes/right_knee_link.STL -> /home/melodse/ef_ws/g1/install/g1_description/share/g1_description/meshes
[1.996s] copying meshes/right_rubber_hand.STL -> /home/melodse/ef_ws/g1/install/g1_description/share/g1_description/meshes
[2.003s] copying meshes/Link11_L.STL -> /home/melodse/ef_ws/g1/install/g1_description/share/g1_description/meshes
[2.004s] copying meshes/torso_link_rev_1_0.STL -> /home/melodse/ef_ws/g1/install/g1_description/share/g1_description/meshes
[2.013s] copying meshes/waist_constraint_L.STL -> /home/melodse/ef_ws/g1/install/g1_description/share/g1_description/meshes
[2.014s] copying meshes/left_middle_force_sensor_1.STL -> /home/melodse/ef_ws/g1/install/g1_description/share/g1_description/meshes
[2.016s] copying meshes/right_little_force_sensor_2.STL -> /home/melodse/ef_ws/g1/install/g1_description/share/g1_description/meshes
[2.019s] copying meshes/right_hand_thumb_1_link.STL -> /home/melodse/ef_ws/g1/install/g1_description/share/g1_description/meshes
[2.021s] copying meshes/left_shoulder_pitch_link.STL -> /home/melodse/ef_ws/g1/install/g1_description/share/g1_description/meshes
[2.023s] copying meshes/right_middle_force_sensor_1.STL -> /home/melodse/ef_ws/g1/install/g1_description/share/g1_description/meshes
[2.025s] copying meshes/right_thumb_3.STL -> /home/melodse/ef_ws/g1/install/g1_description/share/g1_description/meshes
[2.027s] copying meshes/torso_constraint_R_rod_link.STL -> /home/melodse/ef_ws/g1/install/g1_description/share/g1_description/meshes
[2.028s] copying meshes/right_wrist_roll_link_5010.STL -> /home/melodse/ef_ws/g1/install/g1_description/share/g1_description/meshes
[2.031s] copying meshes/right_index_1.STL -> /home/melodse/ef_ws/g1/install/g1_description/share/g1_description/meshes
[2.034s] copying meshes/Link13_R.STL -> /home/melodse/ef_ws/g1/install/g1_description/share/g1_description/meshes
[2.035s] copying meshes/Link17_R.STL -> /home/melodse/ef_ws/g1/install/g1_description/share/g1_description/meshes
[2.036s] copying meshes/right_wrist_roll_link.STL -> /home/melodse/ef_ws/g1/install/g1_description/share/g1_description/meshes
[2.037s] copying meshes/left_middle_force_sensor_2.STL -> /home/melodse/ef_ws/g1/install/g1_description/share/g1_description/meshes
[2.039s] copying meshes/right_little_force_sensor_3.STL -> /home/melodse/ef_ws/g1/install/g1_description/share/g1_description/meshes
[2.040s] copying meshes/Link12_L.STL -> /home/melodse/ef_ws/g1/install/g1_description/share/g1_description/meshes
[2.042s] copying meshes/right_index_force_sensor_2.STL -> /home/melodse/ef_ws/g1/install/g1_description/share/g1_description/meshes
[2.044s] copying meshes/Dex1_base_link.STL -> /home/melodse/ef_ws/g1/install/g1_description/share/g1_description/meshes
[2.048s] copying meshes/waist_roll_link.STL -> /home/melodse/ef_ws/g1/install/g1_description/share/g1_description/meshes
[2.049s] copying meshes/right_ring_force_sensor_2.STL -> /home/melodse/ef_ws/g1/install/g1_description/share/g1_description/meshes
[2.051s] copying meshes/torso_link.STL -> /home/melodse/ef_ws/g1/install/g1_description/share/g1_description/meshes
[2.058s] copying meshes/right_index_2.STL -> /home/melodse/ef_ws/g1/install/g1_description/share/g1_description/meshes
[2.060s] copying meshes/left_ring_1.STL -> /home/melodse/ef_ws/g1/install/g1_description/share/g1_description/meshes
[2.064s] copying meshes/left_thumb_1.STL -> /home/melodse/ef_ws/g1/install/g1_description/share/g1_description/meshes
[2.066s] copying meshes/right_wrist_pitch_link.STL -> /home/melodse/ef_ws/g1/install/g1_description/share/g1_description/meshes
[2.067s] copying meshes/Link13_L.STL -> /home/melodse/ef_ws/g1/install/g1_description/share/g1_description/meshes
[2.068s] copying meshes/left_hand_palm_link.STL -> /home/melodse/ef_ws/g1/install/g1_description/share/g1_description/meshes
[2.075s] copying meshes/right_shoulder_yaw_link.STL -> /home/melodse/ef_ws/g1/install/g1_description/share/g1_description/meshes
[2.077s] copying meshes/left_hip_yaw_link.STL -> /home/melodse/ef_ws/g1/install/g1_description/share/g1_description/meshes
[2.079s] copying meshes/right_little_2.STL -> /home/melodse/ef_ws/g1/install/g1_description/share/g1_description/meshes
[2.082s] copying meshes/left_base_link.STL -> /home/melodse/ef_ws/g1/install/g1_description/share/g1_description/meshes
[2.086s] copying meshes/left_hand_index_1_link.STL -> /home/melodse/ef_ws/g1/install/g1_description/share/g1_description/meshes
[2.088s] copying meshes/left_index_force_sensor_2.STL -> /home/melodse/ef_ws/g1/install/g1_description/share/g1_description/meshes
[2.091s] copying meshes/right_thumb_2.STL -> /home/melodse/ef_ws/g1/install/g1_description/share/g1_description/meshes
[2.093s] copying meshes/Link20_L.STL -> /home/melodse/ef_ws/g1/install/g1_description/share/g1_description/meshes
[2.094s] copying meshes/left_hand_thumb_2_link.STL -> /home/melodse/ef_ws/g1/install/g1_description/share/g1_description/meshes
[2.098s] copying meshes/left_wrist_yaw_link_5010.STL -> /home/melodse/ef_ws/g1/install/g1_description/share/g1_description/meshes
[2.101s] copying meshes/left_hand_middle_0_link.STL -> /home/melodse/ef_ws/g1/install/g1_description/share/g1_description/meshes
[2.102s] copying meshes/Link14_L.STL -> /home/melodse/ef_ws/g1/install/g1_description/share/g1_description/meshes
[2.102s] copying meshes/R_hand_base_link.STL -> /home/melodse/ef_ws/g1/install/g1_description/share/g1_description/meshes
[2.105s] copying meshes/left_thumb_3.STL -> /home/melodse/ef_ws/g1/install/g1_description/share/g1_description/meshes
[2.107s] copying meshes/Link16_R.STL -> /home/melodse/ef_ws/g1/install/g1_description/share/g1_description/meshes
[2.107s] copying meshes/right_middle_2.STL -> /home/melodse/ef_ws/g1/install/g1_description/share/g1_description/meshes
[2.109s] copying meshes/Dex1_finger_link_1.STL -> /home/melodse/ef_ws/g1/install/g1_description/share/g1_description/meshes
[2.110s] copying meshes/Link14_R.STL -> /home/melodse/ef_ws/g1/install/g1_description/share/g1_description/meshes
[2.111s] copying meshes/left_wrist_roll_link_5010.STL -> /home/melodse/ef_ws/g1/install/g1_description/share/g1_description/meshes
[2.114s] copying meshes/head_link.STL -> /home/melodse/ef_ws/g1/install/g1_description/share/g1_description/meshes
[2.115s] copying meshes/head_servo_link.STL -> /home/melodse/ef_ws/g1/install/g1_description/share/g1_description/meshes
[2.116s] copying meshes/right_middle_1.STL -> /home/melodse/ef_ws/g1/install/g1_description/share/g1_description/meshes
[2.120s] copying meshes/Link22_L.STL -> /home/melodse/ef_ws/g1/install/g1_description/share/g1_description/meshes
[2.121s] copying meshes/right_hand_middle_1_link.STL -> /home/melodse/ef_ws/g1/install/g1_description/share/g1_description/meshes
[2.126s] copying meshes/right_hand_thumb_2_link.STL -> /home/melodse/ef_ws/g1/install/g1_description/share/g1_description/meshes
[2.130s] copying meshes/torso_constraint_L_link.STL -> /home/melodse/ef_ws/g1/install/g1_description/share/g1_description/meshes
[2.132s] copying meshes/right_little_force_sensor_1.STL -> /home/melodse/ef_ws/g1/install/g1_description/share/g1_description/meshes
[2.134s] copying meshes/left_elbow_link.STL -> /home/melodse/ef_ws/g1/install/g1_description/share/g1_description/meshes
[2.134s] copying meshes/left_ring_force_sensor_1.STL -> /home/melodse/ef_ws/g1/install/g1_description/share/g1_description/meshes
[2.136s] copying meshes/left_thumb_force_sensor_3.STL -> /home/melodse/ef_ws/g1/install/g1_description/share/g1_description/meshes
[2.138s] copying meshes/torso_constraint_L_rod_link.STL -> /home/melodse/ef_ws/g1/install/g1_description/share/g1_description/meshes
[2.139s] copying meshes/right_thumb_4.STL -> /home/melodse/ef_ws/g1/install/g1_description/share/g1_description/meshes
[2.141s] copying meshes/L_hand_base_link.STL -> /home/melodse/ef_ws/g1/install/g1_description/share/g1_description/meshes
[2.144s] copying meshes/Link17_L.STL -> /home/melodse/ef_ws/g1/install/g1_description/share/g1_description/meshes
[2.144s] copying meshes/right_ring_force_sensor_1.STL -> /home/melodse/ef_ws/g1/install/g1_description/share/g1_description/meshes
[2.147s] copying meshes/right_wrist_pitch_link_5010.STL -> /home/melodse/ef_ws/g1/install/g1_description/share/g1_description/meshes
[2.147s] copying meshes/left_ring_2.STL -> /home/melodse/ef_ws/g1/install/g1_description/share/g1_description/meshes
[2.149s] copying meshes/Link18_R.STL -> /home/melodse/ef_ws/g1/install/g1_description/share/g1_description/meshes
[2.149s] copying meshes/right_ankle_roll_link.STL -> /home/melodse/ef_ws/g1/install/g1_description/share/g1_description/meshes
[2.152s] copying meshes/left_hand_thumb_0_link.STL -> /home/melodse/ef_ws/g1/install/g1_description/share/g1_description/meshes
[2.153s] copying meshes/pelvis.STL -> /home/melodse/ef_ws/g1/install/g1_description/share/g1_description/meshes
[2.157s] copying meshes/Link19_R.STL -> /home/melodse/ef_ws/g1/install/g1_description/share/g1_description/meshes
[2.158s] copying meshes/left_wrist_pitch_link.STL -> /home/melodse/ef_ws/g1/install/g1_description/share/g1_description/meshes
[2.159s] copying meshes/right_wrist_yaw_link.STL -> /home/melodse/ef_ws/g1/install/g1_description/share/g1_description/meshes
[2.160s] copying meshes/right_little_1.STL -> /home/melodse/ef_ws/g1/install/g1_description/share/g1_description/meshes
[2.164s] copying meshes/right_hip_pitch_link.STL -> /home/melodse/ef_ws/g1/install/g1_description/share/g1_description/meshes
[2.167s] copying meshes/left_index_1.STL -> /home/melodse/ef_ws/g1/install/g1_description/share/g1_description/meshes
[2.171s] copying meshes/right_shoulder_roll_link.STL -> /home/melodse/ef_ws/g1/install/g1_description/share/g1_description/meshes
[2.174s] copying meshes/left_index_force_sensor_1.STL -> /home/melodse/ef_ws/g1/install/g1_description/share/g1_description/meshes
[2.178s] copying meshes/left_little_force_sensor_1.STL -> /home/melodse/ef_ws/g1/install/g1_description/share/g1_description/meshes
[2.182s] copying meshes/Link18_L.STL -> /home/melodse/ef_ws/g1/install/g1_description/share/g1_description/meshes
[2.184s] copying meshes/left_knee_link.STL -> /home/melodse/ef_ws/g1/install/g1_description/share/g1_description/meshes
[2.189s] copying meshes/right_ring_2.STL -> /home/melodse/ef_ws/g1/install/g1_description/share/g1_description/meshes
[2.191s] copying meshes/left_ring_force_sensor_3.STL -> /home/melodse/ef_ws/g1/install/g1_description/share/g1_description/meshes
[2.192s] copying meshes/right_hand_middle_0_link.STL -> /home/melodse/ef_ws/g1/install/g1_description/share/g1_description/meshes
[2.194s] copying meshes/Link15_R.STL -> /home/melodse/ef_ws/g1/install/g1_description/share/g1_description/meshes
[2.195s] copying meshes/left_hand_middle_1_link.STL -> /home/melodse/ef_ws/g1/install/g1_description/share/g1_description/meshes
[2.197s] copying meshes/torso_link_23dof_rev_1_0.STL -> /home/melodse/ef_ws/g1/install/g1_description/share/g1_description/meshes
[2.222s] copying meshes/right_hand_index_0_link.STL -> /home/melodse/ef_ws/g1/install/g1_description/share/g1_description/meshes
[2.224s] copying meshes/right_hip_roll_link.STL -> /home/melodse/ef_ws/g1/install/g1_description/share/g1_description/meshes
[2.225s] copying meshes/left_ankle_pitch_link.STL -> /home/melodse/ef_ws/g1/install/g1_description/share/g1_description/meshes
[2.226s] copying meshes/right_hand_thumb_0_link.STL -> /home/melodse/ef_ws/g1/install/g1_description/share/g1_description/meshes
[2.226s] copying meshes/right_thumb_force_sensor_4.STL -> /home/melodse/ef_ws/g1/install/g1_description/share/g1_description/meshes
[2.227s] copying meshes/left_hip_pitch_link.STL -> /home/melodse/ef_ws/g1/install/g1_description/share/g1_description/meshes
[2.228s] copying meshes/left_thumb_force_sensor_1.STL -> /home/melodse/ef_ws/g1/install/g1_description/share/g1_description/meshes
[2.230s] copying meshes/Link15_L.STL -> /home/melodse/ef_ws/g1/install/g1_description/share/g1_description/meshes
[2.231s] copying meshes/right_thumb_force_sensor_3.STL -> /home/melodse/ef_ws/g1/install/g1_description/share/g1_description/meshes
[2.233s] copying meshes/right_palm_force_sensor.STL -> /home/melodse/ef_ws/g1/install/g1_description/share/g1_description/meshes
[2.239s] copying meshes/left_thumb_force_sensor_4.STL -> /home/melodse/ef_ws/g1/install/g1_description/share/g1_description/meshes
[2.240s] copying meshes/Link11_R.STL -> /home/melodse/ef_ws/g1/install/g1_description/share/g1_description/meshes
[2.240s] copying meshes/waist_roll_link_rev_1_0.STL -> /home/melodse/ef_ws/g1/install/g1_description/share/g1_description/meshes
[2.241s] copying meshes/left_ankle_roll_link.STL -> /home/melodse/ef_ws/g1/install/g1_description/share/g1_description/meshes
[2.242s] copying meshes/Link19_L.STL -> /home/melodse/ef_ws/g1/install/g1_description/share/g1_description/meshes
[2.243s] copying meshes/right_ring_1.STL -> /home/melodse/ef_ws/g1/install/g1_description/share/g1_description/meshes
[2.246s] copying meshes/right_thumb_force_sensor_1.STL -> /home/melodse/ef_ws/g1/install/g1_description/share/g1_description/meshes
[2.248s] copying meshes/right_middle_force_sensor_3.STL -> /home/melodse/ef_ws/g1/install/g1_description/share/g1_description/meshes
[2.249s] copying meshes/pelvis_contour_link.STL -> /home/melodse/ef_ws/g1/install/g1_description/share/g1_description/meshes
[2.254s] copying meshes/Link12_R.STL -> /home/melodse/ef_ws/g1/install/g1_description/share/g1_description/meshes
[2.256s] copying meshes/left_ring_force_sensor_2.STL -> /home/melodse/ef_ws/g1/install/g1_description/share/g1_description/meshes
[2.258s] copying meshes/left_thumb_2.STL -> /home/melodse/ef_ws/g1/install/g1_description/share/g1_description/meshes
[2.260s] copying meshes/left_hip_roll_link.STL -> /home/melodse/ef_ws/g1/install/g1_description/share/g1_description/meshes
[2.263s] copying meshes/left_wrist_pitch_link_5010.STL -> /home/melodse/ef_ws/g1/install/g1_description/share/g1_description/meshes
[2.264s] copying meshes/waist_yaw_link.STL -> /home/melodse/ef_ws/g1/install/g1_description/share/g1_description/meshes
[2.267s] copying meshes/left_thumb_swing.STL -> /home/melodse/ef_ws/g1/install/g1_description/share/g1_description/meshes
[2.268s] copying meshes/right_wrist_roll_rubber_hand.STL -> /home/melodse/ef_ws/g1/install/g1_description/share/g1_description/meshes
[2.279s] copying meshes/Link21_L.STL -> /home/melodse/ef_ws/g1/install/g1_description/share/g1_description/meshes
[2.281s] copying meshes/left_hand_index_0_link.STL -> /home/melodse/ef_ws/g1/install/g1_description/share/g1_description/meshes
[2.282s] copying meshes/right_index_force_sensor_1.STL -> /home/melodse/ef_ws/g1/install/g1_description/share/g1_description/meshes
[2.284s] copying meshes/left_thumb_4.STL -> /home/melodse/ef_ws/g1/install/g1_description/share/g1_description/meshes
[2.287s] copying meshes/xl330_link.STL -> /home/melodse/ef_ws/g1/install/g1_description/share/g1_description/meshes
[2.289s] copying meshes/Link20_R.STL -> /home/melodse/ef_ws/g1/install/g1_description/share/g1_description/meshes
[2.290s] copying meshes/left_wrist_roll_link.STL -> /home/melodse/ef_ws/g1/install/g1_description/share/g1_description/meshes
[2.291s] copying meshes/Link21_R.STL -> /home/melodse/ef_ws/g1/install/g1_description/share/g1_description/meshes
[2.292s] running install_egg_info
[2.324s] Copying ../../../build/g1_description/g1_description.egg-info to /home/melodse/ef_ws/g1/install/g1_description/lib/python3.12/site-packages/g1_description-0.0.0-py3.12.egg-info
[2.325s] running install_scripts
[2.521s] Installing demo_joint_motion script to /home/melodse/ef_ws/g1/install/g1_description/lib/g1_description
[2.521s] Installing lowstate_jointstate_bridge script to /home/melodse/ef_ws/g1/install/g1_description/lib/g1_description
[2.521s] Installing rviz_joint_motion script to /home/melodse/ef_ws/g1/install/g1_description/lib/g1_description
[2.522s] writing list of installed files to '/home/melodse/ef_ws/g1/build/g1_description/install.log'
[2.558s] Invoked command in '/home/melodse/ef_ws/g1/sim/G1_rviz_simulation-main/G1_rviz_simulation-main' returned '0': PS1=(venv) \[\e]0;\u@\h: \w\a\]${debian_chroot:+($debian_chroot)}\[\033[01;32m\]\u@\h\[\033[00m\]:\[\033[01;34m\]\w\[\033[00m\]\$ PYTHONPATH=/home/melodse/ef_ws/g1/build/g1_description/prefix_override:/usr/lib/python3/dist-packages/colcon_core/task/python/colcon_distutils_commands:/home/melodse/ef_ws/g1/install/g1_description/lib/python3.12/site-packages:${PYTHONPATH} VIRTUAL_ENV_PROMPT=(venv) /usr/bin/python3 -W ignore:setup.py install is deprecated -W ignore:easy_install command is deprecated setup.py egg_info --egg-base ../../../build/g1_description build --build-base /home/melodse/ef_ws/g1/build/g1_description/build install --record /home/melodse/ef_ws/g1/build/g1_description/install.log --single-version-externally-managed install_data
