[0.270s] DEBUG:colcon:Command line arguments: ['/usr/bin/colcon', 'build', '--base-paths', '/home/melodse/ef_ws/src/unitree_description']
[0.270s] DEBUG:colcon:Parsed command line arguments: Namespace(log_base=None, log_level=None, verb_name='build', build_base='build', install_base='install', merge_install=False, symlink_install=False, test_result_base=None, continue_on_error=False, executor='parallel', parallel_workers=12, event_handlers=None, ignore_user_meta=False, metas=['./colcon.meta'], base_paths=['/home/melodse/ef_ws/src/unitree_description'], packages_ignore=None, packages_ignore_regex=None, paths=None, packages_up_to=None, packages_up_to_regex=None, packages_above=None, packages_above_and_dependencies=None, packages_above_depth=None, packages_select_by_dep=None, packages_skip_by_dep=None, packages_skip_up_to=None, packages_select_build_failed=False, packages_skip_build_finished=False, packages_select_test_failures=False, packages_skip_test_passed=False, packages_select=None, packages_skip=None, packages_select_regex=None, packages_skip_regex=None, packages_start=None, packages_end=None, allow_overriding=[], cmake_args=None, cmake_target=None, cmake_target_skip_unavailable=False, cmake_clean_cache=False, cmake_clean_first=False, cmake_force_configure=False, ament_cmake_args=None, catkin_cmake_args=None, catkin_skip_building_tests=False, mixin_files=None, mixin=None, verb_parser=<colcon_mixin.mixin.mixin_argument.MixinArgumentDecorator object at 0x73d02bfab020>, verb_extension=<colcon_core.verb.build.BuildVerb object at 0x73d02bd01280>, main=<bound method BuildVerb.main of <colcon_core.verb.build.BuildVerb object at 0x73d02bd01280>>, mixin_verb=('build',))
[0.324s] Level 1:colcon.colcon_core.package_discovery:discover_packages(colcon_meta) check parameters
[0.324s] Level 1:colcon.colcon_core.package_discovery:discover_packages(recursive) check parameters
[0.324s] Level 1:colcon.colcon_core.package_discovery:discover_packages(ignore) check parameters
[0.324s] Level 1:colcon.colcon_core.package_discovery:discover_packages(path) check parameters
[0.324s] Level 1:colcon.colcon_core.package_discovery:discover_packages(recursive) discover
[0.324s] INFO:colcon.colcon_core.package_discovery:Crawling recursively for packages in '/home/melodse/ef_ws/src/unitree_description'
[0.324s] Level 1:colcon.colcon_core.package_identification:_identify(/home/melodse/ef_ws/src/unitree_description) by extensions ['ignore', 'ignore_ament_install']
[0.325s] Level 1:colcon.colcon_core.package_identification:_identify(/home/melodse/ef_ws/src/unitree_description) by extension 'ignore'
[0.325s] Level 1:colcon.colcon_core.package_identification:_identify(/home/melodse/ef_ws/src/unitree_description) by extension 'ignore_ament_install'
[0.325s] Level 1:colcon.colcon_core.package_identification:_identify(/home/melodse/ef_ws/src/unitree_description) by extensions ['colcon_pkg']
[0.325s] Level 1:colcon.colcon_core.package_identification:_identify(/home/melodse/ef_ws/src/unitree_description) by extension 'colcon_pkg'
[0.325s] Level 1:colcon.colcon_core.package_identification:_identify(/home/melodse/ef_ws/src/unitree_description) by extensions ['colcon_meta']
[0.325s] Level 1:colcon.colcon_core.package_identification:_identify(/home/melodse/ef_ws/src/unitree_description) by extension 'colcon_meta'
[0.326s] Level 1:colcon.colcon_core.package_identification:_identify(/home/melodse/ef_ws/src/unitree_description) by extensions ['ros']
[0.326s] Level 1:colcon.colcon_core.package_identification:_identify(/home/melodse/ef_ws/src/unitree_description) by extension 'ros'
[0.373s] DEBUG:colcon.colcon_core.package_identification:Package '/home/melodse/ef_ws/src/unitree_description' with type 'ros.cmake' and name 'unitree_description'
[0.374s] Level 1:colcon.colcon_core.package_discovery:discover_packages(recursive) using defaults
[0.400s] INFO:colcon.colcon_metadata.metadata.colcon_pkg:Updating descriptor of package '/home/melodse/ef_ws/src/unitree_description' from colcon.pkg: {'hooks': ['share/unitree_description/hook/ament_prefix_path.dsv', 'share/unitree_description/hook/python_path.dsv']}
[0.401s] Level 1:colcon.colcon_core.package_discovery:discover_packages(prefix_path) check parameters
[0.401s] Level 1:colcon.colcon_core.package_discovery:discover_packages(prefix_path) discover
[0.402s] WARNING:colcon.colcon_ros.prefix_path.ament:The path '/home/melodse/ef_ws/install/unitree_hg' in the environment variable AMENT_PREFIX_PATH doesn't exist
[0.404s] DEBUG:colcon.colcon_installed_package_information.package_discovery:Found 1 installed packages in /home/melodse/ros2_ws/install
[0.404s] DEBUG:colcon.colcon_installed_package_information.package_discovery:Found 1 installed packages in /home/melodse/ef_ws/install
[0.407s] DEBUG:colcon.colcon_installed_package_information.package_discovery:Found 423 installed packages in /opt/ros/jazzy
[0.408s] Level 1:colcon.colcon_core.package_discovery:discover_packages(prefix_path) using defaults
[0.471s] WARNING:colcon.colcon_core.package_selection:Some selected packages are already built in one or more underlay workspaces:
	'unitree_description' is in: /home/melodse/ros2_ws/install/unitree_description
If a package in a merged underlay workspace is overridden and it installs headers, then all packages in the overlay must sort their include directories by workspace order. Failure to do so may result in build failures or undefined behavior at run time.
If the overridden package is used by another package in any underlay, then the overriding package in the overlay must be API and ABI compatible or undefined behavior at run time may occur.

If you understand the risks and want to override a package anyways, add the following to the command line:
	--allow-overriding unitree_description

This may be promoted to an error in a future release of colcon-override-check.
[0.473s] Level 5:colcon.colcon_core.verb:set package 'unitree_description' build argument 'cmake_args' from command line to 'None'
[0.473s] Level 5:colcon.colcon_core.verb:set package 'unitree_description' build argument 'cmake_target' from command line to 'None'
[0.473s] Level 5:colcon.colcon_core.verb:set package 'unitree_description' build argument 'cmake_target_skip_unavailable' from command line to 'False'
[0.473s] Level 5:colcon.colcon_core.verb:set package 'unitree_description' build argument 'cmake_clean_cache' from command line to 'False'
[0.473s] Level 5:colcon.colcon_core.verb:set package 'unitree_description' build argument 'cmake_clean_first' from command line to 'False'
[0.474s] Level 5:colcon.colcon_core.verb:set package 'unitree_description' build argument 'cmake_force_configure' from command line to 'False'
[0.474s] Level 5:colcon.colcon_core.verb:set package 'unitree_description' build argument 'ament_cmake_args' from command line to 'None'
[0.474s] Level 5:colcon.colcon_core.verb:set package 'unitree_description' build argument 'catkin_cmake_args' from command line to 'None'
[0.474s] Level 5:colcon.colcon_core.verb:set package 'unitree_description' build argument 'catkin_skip_building_tests' from command line to 'False'
[0.474s] DEBUG:colcon.colcon_core.verb:Building package 'unitree_description' with the following arguments: {'ament_cmake_args': None, 'build_base': '/home/melodse/ef_ws/build/unitree_description', 'catkin_cmake_args': None, 'catkin_skip_building_tests': False, 'cmake_args': None, 'cmake_clean_cache': False, 'cmake_clean_first': False, 'cmake_force_configure': False, 'cmake_target': None, 'cmake_target_skip_unavailable': False, 'install_base': '/home/melodse/ef_ws/install/unitree_description', 'merge_install': False, 'path': '/home/melodse/ef_ws/src/unitree_description', 'symlink_install': False, 'test_result_base': None}
[0.474s] INFO:colcon.colcon_core.executor:Executing jobs using 'parallel' executor
[0.476s] DEBUG:colcon.colcon_parallel_executor.executor.parallel:run_until_complete
[0.476s] INFO:colcon.colcon_ros.task.cmake.build:Building ROS package in '/home/melodse/ef_ws/src/unitree_description' with build type 'cmake'
[0.476s] INFO:colcon.colcon_cmake.task.cmake.build:Building CMake package in '/home/melodse/ef_ws/src/unitree_description'
[0.480s] INFO:colcon.colcon_core.plugin_system:Skipping extension 'colcon_core.shell.bat': Not used on non-Windows systems
[0.480s] INFO:colcon.colcon_core.shell:Skip shell extension 'powershell' for command environment: Not usable outside of PowerShell
[0.480s] DEBUG:colcon.colcon_core.shell:Skip shell extension 'dsv' for command environment
[0.496s] DEBUG:colcon.colcon_core.event_handler.log_command:Invoking command in '/home/melodse/ef_ws/build/unitree_description': CMAKE_PREFIX_PATH=${CMAKE_PREFIX_PATH}:/home/melodse/ros2_ws/install/unitree_description:/home/melodse/ef_ws/install/unitree_hg:/home/melodse/ef_ws/install/g1_description:/opt/ros/jazzy /usr/bin/cmake --build /home/melodse/ef_ws/build/unitree_description -- -j12 -l12
[0.732s] DEBUG:colcon.colcon_core.event_handler.log_command:Invoked command in '/home/melodse/ef_ws/build/unitree_description' returned '0': CMAKE_PREFIX_PATH=${CMAKE_PREFIX_PATH}:/home/melodse/ros2_ws/install/unitree_description:/home/melodse/ef_ws/install/unitree_hg:/home/melodse/ef_ws/install/g1_description:/opt/ros/jazzy /usr/bin/cmake --build /home/melodse/ef_ws/build/unitree_description -- -j12 -l12
[0.751s] DEBUG:colcon.colcon_core.event_handler.log_command:Invoking command in '/home/melodse/ef_ws/build/unitree_description': CMAKE_PREFIX_PATH=${CMAKE_PREFIX_PATH}:/home/melodse/ros2_ws/install/unitree_description:/home/melodse/ef_ws/install/unitree_hg:/home/melodse/ef_ws/install/g1_description:/opt/ros/jazzy /usr/bin/cmake --install /home/melodse/ef_ws/build/unitree_description
[0.829s] DEBUG:colcon.colcon_core.event_handler.log_command:Invoked command in '/home/melodse/ef_ws/build/unitree_description' returned '0': CMAKE_PREFIX_PATH=${CMAKE_PREFIX_PATH}:/home/melodse/ros2_ws/install/unitree_description:/home/melodse/ef_ws/install/unitree_hg:/home/melodse/ef_ws/install/g1_description:/opt/ros/jazzy /usr/bin/cmake --install /home/melodse/ef_ws/build/unitree_description
[0.829s] Level 1:colcon.colcon_core.shell:create_environment_hook('unitree_description', 'pkg_config_path')
[0.830s] INFO:colcon.colcon_core.shell:Creating environment hook '/home/melodse/ef_ws/install/unitree_description/share/unitree_description/hook/pkg_config_path.ps1'
[0.830s] INFO:colcon.colcon_core.shell:Creating environment descriptor '/home/melodse/ef_ws/install/unitree_description/share/unitree_description/hook/pkg_config_path.dsv'
[0.831s] INFO:colcon.colcon_core.shell:Creating environment hook '/home/melodse/ef_ws/install/unitree_description/share/unitree_description/hook/pkg_config_path.sh'
[0.834s] Level 1:colcon.colcon_core.shell:create_environment_hook('unitree_description', 'pkg_config_path_multiarch')
[0.835s] INFO:colcon.colcon_core.shell:Creating environment hook '/home/melodse/ef_ws/install/unitree_description/share/unitree_description/hook/pkg_config_path_multiarch.ps1'
[0.835s] INFO:colcon.colcon_core.shell:Creating environment descriptor '/home/melodse/ef_ws/install/unitree_description/share/unitree_description/hook/pkg_config_path_multiarch.dsv'
[0.836s] INFO:colcon.colcon_core.shell:Creating environment hook '/home/melodse/ef_ws/install/unitree_description/share/unitree_description/hook/pkg_config_path_multiarch.sh'
[0.836s] Level 1:colcon.colcon_core.environment:create_environment_scripts_only(unitree_description)
[0.839s] Level 1:colcon.colcon_core.environment:checking '/home/melodse/ef_ws/install/unitree_description' for CMake module files
[0.840s] Level 1:colcon.colcon_core.environment:checking '/home/melodse/ef_ws/install/unitree_description' for CMake config files
[0.840s] Level 1:colcon.colcon_core.shell:create_environment_hook('unitree_description', 'cmake_prefix_path')
[0.841s] INFO:colcon.colcon_core.shell:Creating environment hook '/home/melodse/ef_ws/install/unitree_description/share/unitree_description/hook/cmake_prefix_path.ps1'
[0.841s] INFO:colcon.colcon_core.shell:Creating environment descriptor '/home/melodse/ef_ws/install/unitree_description/share/unitree_description/hook/cmake_prefix_path.dsv'
[0.841s] INFO:colcon.colcon_core.shell:Creating environment hook '/home/melodse/ef_ws/install/unitree_description/share/unitree_description/hook/cmake_prefix_path.sh'
[0.842s] Level 1:colcon.colcon_core.environment:checking '/home/melodse/ef_ws/install/unitree_description/lib'
[0.843s] Level 1:colcon.colcon_core.environment:checking '/home/melodse/ef_ws/install/unitree_description/bin'
[0.843s] Level 1:colcon.colcon_core.environment:checking '/home/melodse/ef_ws/install/unitree_description/lib/pkgconfig/unitree_description.pc'
[0.843s] Level 1:colcon.colcon_core.shell:create_environment_hook('unitree_description', 'pkg_config')
[0.843s] INFO:colcon.colcon_core.shell:Creating environment hook '/home/melodse/ef_ws/install/unitree_description/share/unitree_description/hook/pkg_config.ps1'
[0.843s] INFO:colcon.colcon_core.shell:Creating environment descriptor '/home/melodse/ef_ws/install/unitree_description/share/unitree_description/hook/pkg_config.dsv'
[0.844s] INFO:colcon.colcon_core.shell:Creating environment hook '/home/melodse/ef_ws/install/unitree_description/share/unitree_description/hook/pkg_config.sh'
[0.844s] Level 1:colcon.colcon_core.environment:checking '/home/melodse/ef_ws/install/unitree_description/lib/python3.12/site-packages'
[0.845s] Level 1:colcon.colcon_core.shell:create_environment_hook('unitree_description', 'pythonpath')
[0.845s] INFO:colcon.colcon_core.shell:Creating environment hook '/home/melodse/ef_ws/install/unitree_description/share/unitree_description/hook/pythonpath.ps1'
[0.845s] INFO:colcon.colcon_core.shell:Creating environment descriptor '/home/melodse/ef_ws/install/unitree_description/share/unitree_description/hook/pythonpath.dsv'
[0.845s] INFO:colcon.colcon_core.shell:Creating environment hook '/home/melodse/ef_ws/install/unitree_description/share/unitree_description/hook/pythonpath.sh'
[0.846s] Level 1:colcon.colcon_core.environment:checking '/home/melodse/ef_ws/install/unitree_description/bin'
[0.847s] INFO:colcon.colcon_core.shell:Creating package script '/home/melodse/ef_ws/install/unitree_description/share/unitree_description/package.ps1'
[0.848s] INFO:colcon.colcon_core.shell:Creating package descriptor '/home/melodse/ef_ws/install/unitree_description/share/unitree_description/package.dsv'
[0.849s] INFO:colcon.colcon_core.shell:Creating package script '/home/melodse/ef_ws/install/unitree_description/share/unitree_description/package.sh'
[0.849s] INFO:colcon.colcon_core.shell:Creating package script '/home/melodse/ef_ws/install/unitree_description/share/unitree_description/package.bash'
[0.850s] INFO:colcon.colcon_core.shell:Creating package script '/home/melodse/ef_ws/install/unitree_description/share/unitree_description/package.zsh'
[0.851s] Level 1:colcon.colcon_core.environment:create_file_with_runtime_dependencies(/home/melodse/ef_ws/install/unitree_description/share/colcon-core/packages/unitree_description)
[0.851s] DEBUG:colcon.colcon_parallel_executor.executor.parallel:closing loop
[0.852s] DEBUG:colcon.colcon_parallel_executor.executor.parallel:loop closed
[0.853s] DEBUG:colcon.colcon_parallel_executor.executor.parallel:run_until_complete finished with '0'
[0.853s] DEBUG:colcon.colcon_core.event_reactor:joining thread
[0.879s] INFO:colcon.colcon_core.plugin_system:Skipping extension 'colcon_notification.desktop_notification.terminal_notifier': Not used on non-Darwin systems
[0.879s] INFO:colcon.colcon_core.plugin_system:Skipping extension 'colcon_notification.desktop_notification.win32': Not used on non-Windows systems
[0.879s] INFO:colcon.colcon_notification.desktop_notification:Sending desktop notification using 'notify2'
[0.880s] DEBUG:colcon.colcon_notification.desktop_notification.notify2:Failed to initialize notify2: org.freedesktop.DBus.Error.AccessDenied: Failed to connect to socket /run/user/1000/bus: Operation not permitted
[0.880s] DEBUG:colcon.colcon_core.event_reactor:joined thread
[0.880s] INFO:colcon.colcon_core.shell:Creating prefix script '/home/melodse/ef_ws/install/local_setup.ps1'
[0.881s] INFO:colcon.colcon_core.shell:Creating prefix util module '/home/melodse/ef_ws/install/_local_setup_util_ps1.py'
[0.883s] INFO:colcon.colcon_core.shell:Creating prefix chain script '/home/melodse/ef_ws/install/setup.ps1'
[0.885s] INFO:colcon.colcon_core.shell:Creating prefix script '/home/melodse/ef_ws/install/local_setup.sh'
[0.885s] INFO:colcon.colcon_core.shell:Creating prefix util module '/home/melodse/ef_ws/install/_local_setup_util_sh.py'
[0.886s] INFO:colcon.colcon_core.shell:Creating prefix chain script '/home/melodse/ef_ws/install/setup.sh'
[0.888s] INFO:colcon.colcon_core.shell:Creating prefix script '/home/melodse/ef_ws/install/local_setup.bash'
[0.888s] INFO:colcon.colcon_core.shell:Creating prefix chain script '/home/melodse/ef_ws/install/setup.bash'
[0.891s] INFO:colcon.colcon_core.shell:Creating prefix script '/home/melodse/ef_ws/install/local_setup.zsh'
[0.892s] INFO:colcon.colcon_core.shell:Creating prefix chain script '/home/melodse/ef_ws/install/setup.zsh'
