[0.224s] DEBUG:colcon:Command line arguments: ['/usr/bin/colcon', 'build']
[0.225s] DEBUG:colcon:Parsed command line arguments: Namespace(log_base=None, log_level=None, verb_name='build', build_base='build', install_base='install', merge_install=False, symlink_install=False, test_result_base=None, continue_on_error=False, executor='parallel', parallel_workers=12, event_handlers=None, ignore_user_meta=False, metas=['./colcon.meta'], base_paths=['.'], packages_ignore=None, packages_ignore_regex=None, paths=None, packages_up_to=None, packages_up_to_regex=None, packages_above=None, packages_above_and_dependencies=None, packages_above_depth=None, packages_select_by_dep=None, packages_skip_by_dep=None, packages_skip_up_to=None, packages_select_build_failed=False, packages_skip_build_finished=False, packages_select_test_failures=False, packages_skip_test_passed=False, packages_select=None, packages_skip=None, packages_select_regex=None, packages_skip_regex=None, packages_start=None, packages_end=None, allow_overriding=[], cmake_args=None, cmake_target=None, cmake_target_skip_unavailable=False, cmake_clean_cache=False, cmake_clean_first=False, cmake_force_configure=False, ament_cmake_args=None, catkin_cmake_args=None, catkin_skip_building_tests=False, mixin_files=None, mixin=None, verb_parser=<colcon_mixin.mixin.mixin_argument.MixinArgumentDecorator object at 0x70d619dbcc80>, verb_extension=<colcon_core.verb.build.BuildVerb object at 0x70d619ce10a0>, main=<bound method BuildVerb.main of <colcon_core.verb.build.BuildVerb object at 0x70d619ce10a0>>, mixin_verb=('build',))
[0.297s] Level 1:colcon.colcon_core.package_discovery:discover_packages(colcon_meta) check parameters
[0.297s] Level 1:colcon.colcon_core.package_discovery:discover_packages(recursive) check parameters
[0.297s] Level 1:colcon.colcon_core.package_discovery:discover_packages(ignore) check parameters
[0.297s] Level 1:colcon.colcon_core.package_discovery:discover_packages(path) check parameters
[0.297s] Level 1:colcon.colcon_core.package_discovery:discover_packages(colcon_meta) discover
[0.297s] Level 1:colcon.colcon_core.package_discovery:discover_packages(recursive) discover
[0.297s] INFO:colcon.colcon_core.package_discovery:Crawling recursively for packages in '/home/melodse/ef_ws/src'
[0.297s] Level 1:colcon.colcon_core.package_identification:_identify(.) by extensions ['ignore', 'ignore_ament_install']
[0.297s] Level 1:colcon.colcon_core.package_identification:_identify(.) by extension 'ignore'
[0.298s] Level 1:colcon.colcon_core.package_identification:_identify(.) by extension 'ignore_ament_install'
[0.298s] Level 1:colcon.colcon_core.package_identification:_identify(.) by extensions ['colcon_pkg']
[0.298s] Level 1:colcon.colcon_core.package_identification:_identify(.) by extension 'colcon_pkg'
[0.298s] Level 1:colcon.colcon_core.package_identification:_identify(.) by extensions ['colcon_meta']
[0.298s] Level 1:colcon.colcon_core.package_identification:_identify(.) by extension 'colcon_meta'
[0.298s] Level 1:colcon.colcon_core.package_identification:_identify(.) by extensions ['ros']
[0.298s] Level 1:colcon.colcon_core.package_identification:_identify(.) by extension 'ros'
[0.335s] Level 1:colcon.colcon_core.package_identification:_identify(.) by extensions ['cmake', 'python']
[0.335s] Level 1:colcon.colcon_core.package_identification:_identify(.) by extension 'cmake'
[0.335s] Level 1:colcon.colcon_core.package_identification:_identify(.) by extension 'python'
[0.335s] Level 1:colcon.colcon_core.package_identification:_identify(.) by extensions ['python_setup_py']
[0.335s] Level 1:colcon.colcon_core.package_identification:_identify(.) by extension 'python_setup_py'
[0.335s] Level 1:colcon.colcon_core.package_identification:_identify(build) by extensions ['ignore', 'ignore_ament_install']
[0.335s] Level 1:colcon.colcon_core.package_identification:_identify(build) by extension 'ignore'
[0.336s] Level 1:colcon.colcon_core.package_identification:_identify(build) ignored
[0.336s] Level 1:colcon.colcon_core.package_identification:_identify(g1_rviz_simulation) by extensions ['ignore', 'ignore_ament_install']
[0.336s] Level 1:colcon.colcon_core.package_identification:_identify(g1_rviz_simulation) by extension 'ignore'
[0.336s] Level 1:colcon.colcon_core.package_identification:_identify(g1_rviz_simulation) by extension 'ignore_ament_install'
[0.336s] Level 1:colcon.colcon_core.package_identification:_identify(g1_rviz_simulation) by extensions ['colcon_pkg']
[0.336s] Level 1:colcon.colcon_core.package_identification:_identify(g1_rviz_simulation) by extension 'colcon_pkg'
[0.336s] Level 1:colcon.colcon_core.package_identification:_identify(g1_rviz_simulation) by extensions ['colcon_meta']
[0.336s] Level 1:colcon.colcon_core.package_identification:_identify(g1_rviz_simulation) by extension 'colcon_meta'
[0.336s] Level 1:colcon.colcon_core.package_identification:_identify(g1_rviz_simulation) by extensions ['ros']
[0.336s] Level 1:colcon.colcon_core.package_identification:_identify(g1_rviz_simulation) by extension 'ros'
[0.340s] DEBUG:colcon.colcon_core.package_identification:Package 'g1_rviz_simulation' with type 'ros.ament_python' and name 'g1_description'
[0.340s] Level 1:colcon.colcon_core.package_identification:_identify(install) by extensions ['ignore', 'ignore_ament_install']
[0.340s] Level 1:colcon.colcon_core.package_identification:_identify(install) by extension 'ignore'
[0.340s] Level 1:colcon.colcon_core.package_identification:_identify(install) ignored
[0.340s] Level 1:colcon.colcon_core.package_identification:_identify(log) by extensions ['ignore', 'ignore_ament_install']
[0.340s] Level 1:colcon.colcon_core.package_identification:_identify(log) by extension 'ignore'
[0.341s] Level 1:colcon.colcon_core.package_identification:_identify(log) ignored
[0.341s] Level 1:colcon.colcon_core.package_identification:_identify(unitree_description) by extensions ['ignore', 'ignore_ament_install']
[0.341s] Level 1:colcon.colcon_core.package_identification:_identify(unitree_description) by extension 'ignore'
[0.341s] Level 1:colcon.colcon_core.package_identification:_identify(unitree_description) by extension 'ignore_ament_install'
[0.341s] Level 1:colcon.colcon_core.package_identification:_identify(unitree_description) by extensions ['colcon_pkg']
[0.341s] Level 1:colcon.colcon_core.package_identification:_identify(unitree_description) by extension 'colcon_pkg'
[0.342s] Level 1:colcon.colcon_core.package_identification:_identify(unitree_description) by extensions ['colcon_meta']
[0.342s] Level 1:colcon.colcon_core.package_identification:_identify(unitree_description) by extension 'colcon_meta'
[0.342s] Level 1:colcon.colcon_core.package_identification:_identify(unitree_description) by extensions ['ros']
[0.342s] Level 1:colcon.colcon_core.package_identification:_identify(unitree_description) by extension 'ros'
[0.349s] DEBUG:colcon.colcon_core.package_identification:Package 'unitree_description' with type 'ros.cmake' and name 'unitree_description'
[0.349s] Level 1:colcon.colcon_core.package_discovery:discover_packages(recursive) using defaults
[0.349s] Level 1:colcon.colcon_core.package_discovery:discover_packages(ignore) discover
[0.349s] Level 1:colcon.colcon_core.package_discovery:discover_packages(ignore) using defaults
[0.349s] Level 1:colcon.colcon_core.package_discovery:discover_packages(path) discover
[0.349s] Level 1:colcon.colcon_core.package_discovery:discover_packages(path) using defaults
[0.376s] INFO:colcon.colcon_metadata.metadata.colcon_pkg:Updating descriptor of package 'unitree_description' from colcon.pkg: {'hooks': ['share/unitree_description/hook/ament_prefix_path.dsv', 'share/unitree_description/hook/python_path.dsv']}
[0.377s] Level 1:colcon.colcon_core.package_discovery:discover_packages(prefix_path) check parameters
[0.377s] Level 1:colcon.colcon_core.package_discovery:discover_packages(prefix_path) discover
[0.378s] WARNING:colcon.colcon_ros.prefix_path.ament:The path '/home/melodse/ef_ws/install/unitree_hg' in the environment variable AMENT_PREFIX_PATH doesn't exist
[0.378s] WARNING:colcon.colcon_ros.prefix_path.catkin:The path '/home/melodse/ef_ws/install/unitree_hg' in the environment variable CMAKE_PREFIX_PATH doesn't exist
[0.381s] DEBUG:colcon.colcon_installed_package_information.package_discovery:Found 2 installed packages in /home/melodse/ef_ws/install
[0.381s] DEBUG:colcon.colcon_installed_package_information.package_discovery:Found 1 installed packages in /home/melodse/ros2_ws/install
[0.384s] DEBUG:colcon.colcon_installed_package_information.package_discovery:Found 423 installed packages in /opt/ros/jazzy
[0.386s] Level 1:colcon.colcon_core.package_discovery:discover_packages(prefix_path) using defaults
[0.498s] Level 5:colcon.colcon_core.verb:set package 'unitree_description' build argument 'cmake_args' from command line to 'None'
[0.498s] Level 5:colcon.colcon_core.verb:set package 'unitree_description' build argument 'cmake_target' from command line to 'None'
[0.498s] Level 5:colcon.colcon_core.verb:set package 'unitree_description' build argument 'cmake_target_skip_unavailable' from command line to 'False'
[0.498s] Level 5:colcon.colcon_core.verb:set package 'unitree_description' build argument 'cmake_clean_cache' from command line to 'False'
[0.498s] Level 5:colcon.colcon_core.verb:set package 'unitree_description' build argument 'cmake_clean_first' from command line to 'False'
[0.498s] Level 5:colcon.colcon_core.verb:set package 'unitree_description' build argument 'cmake_force_configure' from command line to 'False'
[0.498s] Level 5:colcon.colcon_core.verb:set package 'unitree_description' build argument 'ament_cmake_args' from command line to 'None'
[0.498s] Level 5:colcon.colcon_core.verb:set package 'unitree_description' build argument 'catkin_cmake_args' from command line to 'None'
[0.498s] Level 5:colcon.colcon_core.verb:set package 'unitree_description' build argument 'catkin_skip_building_tests' from command line to 'False'
[0.498s] DEBUG:colcon.colcon_core.verb:Building package 'unitree_description' with the following arguments: {'ament_cmake_args': None, 'build_base': '/home/melodse/ef_ws/src/build/unitree_description', 'catkin_cmake_args': None, 'catkin_skip_building_tests': False, 'cmake_args': None, 'cmake_clean_cache': False, 'cmake_clean_first': False, 'cmake_force_configure': False, 'cmake_target': None, 'cmake_target_skip_unavailable': False, 'install_base': '/home/melodse/ef_ws/src/install/unitree_description', 'merge_install': False, 'path': '/home/melodse/ef_ws/src/unitree_description', 'symlink_install': False, 'test_result_base': None}
[0.499s] Level 5:colcon.colcon_core.verb:set package 'g1_description' build argument 'cmake_args' from command line to 'None'
[0.499s] Level 5:colcon.colcon_core.verb:set package 'g1_description' build argument 'cmake_target' from command line to 'None'
[0.499s] Level 5:colcon.colcon_core.verb:set package 'g1_description' build argument 'cmake_target_skip_unavailable' from command line to 'False'
[0.499s] Level 5:colcon.colcon_core.verb:set package 'g1_description' build argument 'cmake_clean_cache' from command line to 'False'
[0.499s] Level 5:colcon.colcon_core.verb:set package 'g1_description' build argument 'cmake_clean_first' from command line to 'False'
[0.499s] Level 5:colcon.colcon_core.verb:set package 'g1_description' build argument 'cmake_force_configure' from command line to 'False'
[0.499s] Level 5:colcon.colcon_core.verb:set package 'g1_description' build argument 'ament_cmake_args' from command line to 'None'
[0.500s] Level 5:colcon.colcon_core.verb:set package 'g1_description' build argument 'catkin_cmake_args' from command line to 'None'
[0.500s] Level 5:colcon.colcon_core.verb:set package 'g1_description' build argument 'catkin_skip_building_tests' from command line to 'False'
[0.500s] DEBUG:colcon.colcon_core.verb:Building package 'g1_description' with the following arguments: {'ament_cmake_args': None, 'build_base': '/home/melodse/ef_ws/src/build/g1_description', 'catkin_cmake_args': None, 'catkin_skip_building_tests': False, 'cmake_args': None, 'cmake_clean_cache': False, 'cmake_clean_first': False, 'cmake_force_configure': False, 'cmake_target': None, 'cmake_target_skip_unavailable': False, 'install_base': '/home/melodse/ef_ws/src/install/g1_description', 'merge_install': False, 'path': '/home/melodse/ef_ws/src/g1_rviz_simulation', 'symlink_install': False, 'test_result_base': None}
[0.501s] INFO:colcon.colcon_core.executor:Executing jobs using 'parallel' executor
[0.502s] DEBUG:colcon.colcon_parallel_executor.executor.parallel:run_until_complete
[0.503s] INFO:colcon.colcon_ros.task.cmake.build:Building ROS package in '/home/melodse/ef_ws/src/unitree_description' with build type 'cmake'
[0.503s] INFO:colcon.colcon_cmake.task.cmake.build:Building CMake package in '/home/melodse/ef_ws/src/unitree_description'
[0.507s] INFO:colcon.colcon_core.plugin_system:Skipping extension 'colcon_core.shell.bat': Not used on non-Windows systems
[0.507s] INFO:colcon.colcon_core.shell:Skip shell extension 'powershell' for command environment: Not usable outside of PowerShell
[0.507s] DEBUG:colcon.colcon_core.shell:Skip shell extension 'dsv' for command environment
[0.527s] DEBUG:colcon.colcon_core.event_handler.log_command:Invoking command in '/home/melodse/ef_ws/src/build/unitree_description': CMAKE_PREFIX_PATH=${CMAKE_PREFIX_PATH}:/home/melodse/ef_ws/install/g1_description:/opt/ros/jazzy /usr/bin/cmake --build /home/melodse/ef_ws/src/build/unitree_description -- -j12 -l12
[0.761s] DEBUG:colcon.colcon_core.event_handler.log_command:Invoked command in '/home/melodse/ef_ws/src/build/unitree_description' returned '0': CMAKE_PREFIX_PATH=${CMAKE_PREFIX_PATH}:/home/melodse/ef_ws/install/g1_description:/opt/ros/jazzy /usr/bin/cmake --build /home/melodse/ef_ws/src/build/unitree_description -- -j12 -l12
[0.776s] DEBUG:colcon.colcon_core.event_handler.log_command:Invoking command in '/home/melodse/ef_ws/src/build/unitree_description': CMAKE_PREFIX_PATH=${CMAKE_PREFIX_PATH}:/home/melodse/ef_ws/install/g1_description:/opt/ros/jazzy /usr/bin/cmake --install /home/melodse/ef_ws/src/build/unitree_description
[0.814s] DEBUG:colcon.colcon_core.event_handler.log_command:Invoked command in '/home/melodse/ef_ws/src/build/unitree_description' returned '0': CMAKE_PREFIX_PATH=${CMAKE_PREFIX_PATH}:/home/melodse/ef_ws/install/g1_description:/opt/ros/jazzy /usr/bin/cmake --install /home/melodse/ef_ws/src/build/unitree_description
[0.815s] Level 1:colcon.colcon_core.shell:create_environment_hook('unitree_description', 'pkg_config_path')
[0.815s] INFO:colcon.colcon_core.shell:Creating environment hook '/home/melodse/ef_ws/src/install/unitree_description/share/unitree_description/hook/pkg_config_path.ps1'
[0.816s] INFO:colcon.colcon_core.shell:Creating environment descriptor '/home/melodse/ef_ws/src/install/unitree_description/share/unitree_description/hook/pkg_config_path.dsv'
[0.816s] INFO:colcon.colcon_core.shell:Creating environment hook '/home/melodse/ef_ws/src/install/unitree_description/share/unitree_description/hook/pkg_config_path.sh'
[0.820s] Level 1:colcon.colcon_core.shell:create_environment_hook('unitree_description', 'pkg_config_path_multiarch')
[0.820s] INFO:colcon.colcon_core.shell:Creating environment hook '/home/melodse/ef_ws/src/install/unitree_description/share/unitree_description/hook/pkg_config_path_multiarch.ps1'
[0.820s] INFO:colcon.colcon_core.shell:Creating environment descriptor '/home/melodse/ef_ws/src/install/unitree_description/share/unitree_description/hook/pkg_config_path_multiarch.dsv'
[0.821s] INFO:colcon.colcon_core.shell:Creating environment hook '/home/melodse/ef_ws/src/install/unitree_description/share/unitree_description/hook/pkg_config_path_multiarch.sh'
[0.822s] Level 1:colcon.colcon_core.environment:create_environment_scripts_only(unitree_description)
[0.824s] Level 1:colcon.colcon_core.environment:checking '/home/melodse/ef_ws/src/install/unitree_description' for CMake module files
[0.825s] Level 1:colcon.colcon_core.environment:checking '/home/melodse/ef_ws/src/install/unitree_description' for CMake config files
[0.826s] Level 1:colcon.colcon_core.shell:create_environment_hook('unitree_description', 'cmake_prefix_path')
[0.826s] INFO:colcon.colcon_core.shell:Creating environment hook '/home/melodse/ef_ws/src/install/unitree_description/share/unitree_description/hook/cmake_prefix_path.ps1'
[0.827s] INFO:colcon.colcon_core.shell:Creating environment descriptor '/home/melodse/ef_ws/src/install/unitree_description/share/unitree_description/hook/cmake_prefix_path.dsv'
[0.827s] INFO:colcon.colcon_core.shell:Creating environment hook '/home/melodse/ef_ws/src/install/unitree_description/share/unitree_description/hook/cmake_prefix_path.sh'
[0.828s] Level 1:colcon.colcon_core.environment:checking '/home/melodse/ef_ws/src/install/unitree_description/lib'
[0.828s] Level 1:colcon.colcon_core.environment:checking '/home/melodse/ef_ws/src/install/unitree_description/bin'
[0.828s] Level 1:colcon.colcon_core.environment:checking '/home/melodse/ef_ws/src/install/unitree_description/lib/pkgconfig/unitree_description.pc'
[0.828s] Level 1:colcon.colcon_core.shell:create_environment_hook('unitree_description', 'pkg_config')
[0.828s] INFO:colcon.colcon_core.shell:Creating environment hook '/home/melodse/ef_ws/src/install/unitree_description/share/unitree_description/hook/pkg_config.ps1'
[0.829s] INFO:colcon.colcon_core.shell:Creating environment descriptor '/home/melodse/ef_ws/src/install/unitree_description/share/unitree_description/hook/pkg_config.dsv'
[0.829s] INFO:colcon.colcon_core.shell:Creating environment hook '/home/melodse/ef_ws/src/install/unitree_description/share/unitree_description/hook/pkg_config.sh'
[0.830s] Level 1:colcon.colcon_core.environment:checking '/home/melodse/ef_ws/src/install/unitree_description/lib/python3.12/site-packages'
[0.830s] Level 1:colcon.colcon_core.shell:create_environment_hook('unitree_description', 'pythonpath')
[0.830s] INFO:colcon.colcon_core.shell:Creating environment hook '/home/melodse/ef_ws/src/install/unitree_description/share/unitree_description/hook/pythonpath.ps1'
[0.831s] INFO:colcon.colcon_core.shell:Creating environment descriptor '/home/melodse/ef_ws/src/install/unitree_description/share/unitree_description/hook/pythonpath.dsv'
[0.831s] INFO:colcon.colcon_core.shell:Creating environment hook '/home/melodse/ef_ws/src/install/unitree_description/share/unitree_description/hook/pythonpath.sh'
[0.832s] Level 1:colcon.colcon_core.environment:checking '/home/melodse/ef_ws/src/install/unitree_description/bin'
[0.833s] INFO:colcon.colcon_core.shell:Creating package script '/home/melodse/ef_ws/src/install/unitree_description/share/unitree_description/package.ps1'
[0.834s] INFO:colcon.colcon_core.shell:Creating package descriptor '/home/melodse/ef_ws/src/install/unitree_description/share/unitree_description/package.dsv'
[0.835s] INFO:colcon.colcon_core.shell:Creating package script '/home/melodse/ef_ws/src/install/unitree_description/share/unitree_description/package.sh'
[0.836s] INFO:colcon.colcon_core.shell:Creating package script '/home/melodse/ef_ws/src/install/unitree_description/share/unitree_description/package.bash'
[0.837s] INFO:colcon.colcon_core.shell:Creating package script '/home/melodse/ef_ws/src/install/unitree_description/share/unitree_description/package.zsh'
[0.851s] Level 1:colcon.colcon_core.environment:create_file_with_runtime_dependencies(/home/melodse/ef_ws/src/install/unitree_description/share/colcon-core/packages/unitree_description)
[0.852s] INFO:colcon.colcon_ros.task.ament_python.build:Building ROS package in '/home/melodse/ef_ws/src/g1_rviz_simulation' with build type 'ament_python'
[0.852s] Level 1:colcon.colcon_core.shell:create_environment_hook('g1_description', 'ament_prefix_path')
[0.852s] INFO:colcon.colcon_core.shell:Creating environment hook '/home/melodse/ef_ws/src/install/g1_description/share/g1_description/hook/ament_prefix_path.ps1'
[0.855s] INFO:colcon.colcon_core.shell:Creating environment descriptor '/home/melodse/ef_ws/src/install/g1_description/share/g1_description/hook/ament_prefix_path.dsv'
[0.859s] INFO:colcon.colcon_core.shell:Creating environment hook '/home/melodse/ef_ws/src/install/g1_description/share/g1_description/hook/ament_prefix_path.sh'
[0.860s] INFO:colcon.colcon_core.shell:Skip shell extension 'powershell' for command environment: Not usable outside of PowerShell
[0.860s] DEBUG:colcon.colcon_core.shell:Skip shell extension 'dsv' for command environment
[1.455s] INFO:colcon.colcon_core.task.python.build:Building Python package in '/home/melodse/ef_ws/src/g1_rviz_simulation'
[1.455s] INFO:colcon.colcon_core.shell:Skip shell extension 'powershell' for command environment: Not usable outside of PowerShell
[1.455s] DEBUG:colcon.colcon_core.shell:Skip shell extension 'dsv' for command environment
[2.667s] DEBUG:colcon.colcon_core.event_handler.log_command:Invoking command in '/home/melodse/ef_ws/src/g1_rviz_simulation': CMAKE_PREFIX_PATH=/home/melodse/ef_ws/src/install/unitree_description:${CMAKE_PREFIX_PATH} PKG_CONFIG_PATH=/home/melodse/ef_ws/src/install/unitree_description/lib/x86_64-linux-gnu/pkgconfig:/home/melodse/ef_ws/src/install/unitree_description/lib/pkgconfig:${PKG_CONFIG_PATH} PYTHONPATH=/home/melodse/ef_ws/src/build/g1_description/prefix_override:/usr/lib/python3/dist-packages/colcon_core/task/python/colcon_distutils_commands:/home/melodse/ef_ws/src/install/g1_description/lib/python3.12/site-packages:/home/melodse/ef_ws/src/install/unitree_description/lib/python3.12/site-packages:${PYTHONPATH} /usr/bin/python3 -W ignore:setup.py install is deprecated -W ignore:easy_install command is deprecated setup.py egg_info --egg-base ../../../../src/build/g1_description build --build-base /home/melodse/ef_ws/src/build/g1_description/build install --record /home/melodse/ef_ws/src/build/g1_description/install.log --single-version-externally-managed install_data
[3.706s] Level 1:colcon.colcon_core.environment:checking '/home/melodse/ef_ws/src/install/g1_description' for CMake module files
[3.707s] DEBUG:colcon.colcon_core.event_handler.log_command:Invoked command in '/home/melodse/ef_ws/src/g1_rviz_simulation' returned '0': CMAKE_PREFIX_PATH=/home/melodse/ef_ws/src/install/unitree_description:${CMAKE_PREFIX_PATH} PKG_CONFIG_PATH=/home/melodse/ef_ws/src/install/unitree_description/lib/x86_64-linux-gnu/pkgconfig:/home/melodse/ef_ws/src/install/unitree_description/lib/pkgconfig:${PKG_CONFIG_PATH} PYTHONPATH=/home/melodse/ef_ws/src/build/g1_description/prefix_override:/usr/lib/python3/dist-packages/colcon_core/task/python/colcon_distutils_commands:/home/melodse/ef_ws/src/install/g1_description/lib/python3.12/site-packages:/home/melodse/ef_ws/src/install/unitree_description/lib/python3.12/site-packages:${PYTHONPATH} /usr/bin/python3 -W ignore:setup.py install is deprecated -W ignore:easy_install command is deprecated setup.py egg_info --egg-base ../../../../src/build/g1_description build --build-base /home/melodse/ef_ws/src/build/g1_description/build install --record /home/melodse/ef_ws/src/build/g1_description/install.log --single-version-externally-managed install_data
[3.708s] Level 1:colcon.colcon_core.environment:checking '/home/melodse/ef_ws/src/install/g1_description' for CMake config files
[3.709s] Level 1:colcon.colcon_core.environment:checking '/home/melodse/ef_ws/src/install/g1_description/lib'
[3.709s] Level 1:colcon.colcon_core.environment:checking '/home/melodse/ef_ws/src/install/g1_description/bin'
[3.709s] Level 1:colcon.colcon_core.environment:checking '/home/melodse/ef_ws/src/install/g1_description/lib/pkgconfig/g1_description.pc'
[3.710s] Level 1:colcon.colcon_core.environment:checking '/home/melodse/ef_ws/src/install/g1_description/lib/python3.12/site-packages'
[3.710s] Level 1:colcon.colcon_core.shell:create_environment_hook('g1_description', 'pythonpath')
[3.710s] INFO:colcon.colcon_core.shell:Creating environment hook '/home/melodse/ef_ws/src/install/g1_description/share/g1_description/hook/pythonpath.ps1'
[3.710s] INFO:colcon.colcon_core.shell:Creating environment descriptor '/home/melodse/ef_ws/src/install/g1_description/share/g1_description/hook/pythonpath.dsv'
[3.711s] INFO:colcon.colcon_core.shell:Creating environment hook '/home/melodse/ef_ws/src/install/g1_description/share/g1_description/hook/pythonpath.sh'
[3.712s] Level 1:colcon.colcon_core.environment:checking '/home/melodse/ef_ws/src/install/g1_description/bin'
[3.712s] Level 1:colcon.colcon_core.environment:create_environment_scripts_only(g1_description)
[3.713s] INFO:colcon.colcon_core.shell:Creating package script '/home/melodse/ef_ws/src/install/g1_description/share/g1_description/package.ps1'
[3.714s] INFO:colcon.colcon_core.shell:Creating package descriptor '/home/melodse/ef_ws/src/install/g1_description/share/g1_description/package.dsv'
[3.714s] INFO:colcon.colcon_core.shell:Creating package script '/home/melodse/ef_ws/src/install/g1_description/share/g1_description/package.sh'
[3.715s] INFO:colcon.colcon_core.shell:Creating package script '/home/melodse/ef_ws/src/install/g1_description/share/g1_description/package.bash'
[3.715s] INFO:colcon.colcon_core.shell:Creating package script '/home/melodse/ef_ws/src/install/g1_description/share/g1_description/package.zsh'
[3.716s] Level 1:colcon.colcon_core.environment:create_file_with_runtime_dependencies(/home/melodse/ef_ws/src/install/g1_description/share/colcon-core/packages/g1_description)
[3.716s] DEBUG:colcon.colcon_parallel_executor.executor.parallel:closing loop
[3.717s] DEBUG:colcon.colcon_parallel_executor.executor.parallel:loop closed
[3.717s] DEBUG:colcon.colcon_parallel_executor.executor.parallel:run_until_complete finished with '0'
[3.717s] DEBUG:colcon.colcon_core.event_reactor:joining thread
[3.725s] INFO:colcon.colcon_core.plugin_system:Skipping extension 'colcon_notification.desktop_notification.terminal_notifier': Not used on non-Darwin systems
[3.725s] INFO:colcon.colcon_core.plugin_system:Skipping extension 'colcon_notification.desktop_notification.win32': Not used on non-Windows systems
[3.725s] INFO:colcon.colcon_notification.desktop_notification:Sending desktop notification using 'notify2'
[3.727s] DEBUG:colcon.colcon_notification.desktop_notification.notify2:Failed to initialize notify2: org.freedesktop.DBus.Error.ServiceUnknown: The name org.freedesktop.Notifications was not provided by any .service files
[3.727s] DEBUG:colcon.colcon_core.event_reactor:joined thread
[3.727s] INFO:colcon.colcon_core.shell:Creating prefix script '/home/melodse/ef_ws/src/install/local_setup.ps1'
[3.728s] INFO:colcon.colcon_core.shell:Creating prefix util module '/home/melodse/ef_ws/src/install/_local_setup_util_ps1.py'
[3.729s] INFO:colcon.colcon_core.shell:Creating prefix chain script '/home/melodse/ef_ws/src/install/setup.ps1'
[3.731s] INFO:colcon.colcon_core.shell:Creating prefix script '/home/melodse/ef_ws/src/install/local_setup.sh'
[3.732s] INFO:colcon.colcon_core.shell:Creating prefix util module '/home/melodse/ef_ws/src/install/_local_setup_util_sh.py'
[3.733s] INFO:colcon.colcon_core.shell:Creating prefix chain script '/home/melodse/ef_ws/src/install/setup.sh'
[3.734s] INFO:colcon.colcon_core.shell:Creating prefix script '/home/melodse/ef_ws/src/install/local_setup.bash'
[3.735s] INFO:colcon.colcon_core.shell:Creating prefix chain script '/home/melodse/ef_ws/src/install/setup.bash'
[3.736s] INFO:colcon.colcon_core.shell:Creating prefix script '/home/melodse/ef_ws/src/install/local_setup.zsh'
[3.737s] INFO:colcon.colcon_core.shell:Creating prefix chain script '/home/melodse/ef_ws/src/install/setup.zsh'
