[0.037s] Invoking command in '/home/melodse/ef_ws/build/slam_example': /usr/bin/cmake /home/melodse/ef_ws/g1/scripts/navigation/obstacle_avoidance/slam_sdk_example/example -DCMAKE_INSTALL_PREFIX=/home/melodse/ef_ws/install/slam_example
[0.125s] [33mCMake Warning (dev) at CMakeLists.txt:1 (project):
[0.125s]   cmake_minimum_required() should be called prior to this top-level project()
[0.125s]   call.  Please see the cmake-commands(7) manual for usage documentation of
[0.125s]   both commands.
[0.125s] This warning is for project developers.  Use -Wno-dev to suppress it.
[0.125s] [0m
[0.445s] -- The C compiler identification is GNU 13.3.0
[0.937s] -- The CXX compiler identification is GNU 13.3.0
[1.317s] -- Detecting C compiler ABI info
[1.614s] -- Detecting C compiler ABI info - done
[1.629s] -- Check for working C compiler: /usr/bin/cc - skipped
[1.654s] -- Detecting C compile features
[1.667s] -- Detecting C compile features - done
[1.776s] -- Detecting CXX compiler ABI info
[2.090s] -- Detecting CXX compiler ABI info - done
[2.104s] -- Check for working CXX compiler: /usr/bin/c++ - skipped
[2.104s] -- Detecting CXX compile features
[2.105s] -- Detecting CXX compile features - done
[2.115s] -- Performing Test CMAKE_HAVE_LIBC_PTHREAD
[2.333s] -- Performing Test CMAKE_HAVE_LIBC_PTHREAD - Success
[2.333s] -- Found Threads: TRUE  
[2.337s] -- Configuring done (2.2s)
[2.343s] -- Generating done (0.0s)
[2.343s] -- Build files have been written to: /home/melodse/ef_ws/build/slam_example
