[0.000000] (-) TimerEvent: {}
[0.000641] (-) JobUnselected: {'identifier': 'slam_example'}
[0.000698] (-) JobUnselected: {'identifier': 'tx_lidar'}
[0.000733] (go2_ros2_bridge) JobQueued: {'identifier': 'go2_ros2_bridge', 'dependencies': OrderedDict()}
[0.000749] (unitree_description) JobQueued: {'identifier': 'unitree_description', 'dependencies': OrderedDict()}
[0.000759] (g1_description) JobQueued: {'identifier': 'g1_description', 'dependencies': OrderedDict({'unitree_description': '/home/melodse/ef_ws/install/unitree_description'})}
[0.001655] (unitree_description) JobStarted: {'identifier': 'unitree_description'}
[0.006087] (go2_ros2_bridge) JobStarted: {'identifier': 'go2_ros2_bridge'}
[0.011971] (unitree_description) JobProgress: {'identifier': 'unitree_description', 'progress': 'cmake'}
[0.012273] (unitree_description) JobProgress: {'identifier': 'unitree_description', 'progress': 'build'}
[0.013129] (unitree_description) Command: {'cmd': ['/usr/bin/cmake', '--build', '/home/melodse/ef_ws/build/unitree_description', '--', '-j12', '-l12'], 'cwd': '/home/melodse/ef_ws/build/unitree_description', 'env': OrderedDict({'GZ_CONFIG_PATH': '/opt/ros/jazzy/opt/gz_sim_vendor/share/gz:/opt/ros/jazzy/opt/sdformat_vendor/share/gz:/opt/ros/jazzy/opt/gz_gui_vendor/share/gz:/opt/ros/jazzy/opt/gz_transport_vendor/share/gz:/opt/ros/jazzy/opt/gz_rendering_vendor/share/gz:/opt/ros/jazzy/opt/gz_plugin_vendor/share/gz:/opt/ros/jazzy/opt/gz_fuel_tools_vendor/share/gz:/opt/ros/jazzy/opt/gz_msgs_vendor/share/gz:/opt/ros/jazzy/opt/gz_common_vendor/share/gz', 'SHLVL': '0', 'LD_LIBRARY_PATH': '/opt/ros/jazzy/opt/gz_sim_vendor/lib:/opt/ros/jazzy/opt/gz_sensors_vendor/lib:/opt/ros/jazzy/opt/gz_physics_vendor/lib:/opt/ros/jazzy/opt/sdformat_vendor/lib:/opt/ros/jazzy/opt/rviz_ogre_vendor/lib:/opt/ros/jazzy/lib/x86_64-linux-gnu:/opt/ros/jazzy/opt/gz_gui_vendor/lib:/opt/ros/jazzy/opt/gz_transport_vendor/lib:/opt/ros/jazzy/opt/gz_rendering_vendor/lib:/opt/ros/jazzy/opt/gz_plugin_vendor/lib:/opt/ros/jazzy/opt/gz_fuel_tools_vendor/lib:/opt/ros/jazzy/opt/gz_msgs_vendor/lib:/opt/ros/jazzy/opt/gz_common_vendor/lib:/opt/ros/jazzy/opt/gz_math_vendor/lib:/opt/ros/jazzy/opt/gz_utils_vendor/lib:/opt/ros/jazzy/opt/gz_tools_vendor/lib:/opt/ros/jazzy/opt/gz_ogre_next_vendor/lib:/opt/ros/jazzy/opt/gz_dartsim_vendor/lib:/opt/ros/jazzy/opt/gz_cmake_vendor/lib:/opt/ros/jazzy/lib', 'HOME': '/home/melodse', 'OLDPWD': '/home/melodse/ef_ws/go2/sim/unitree_description-master/launch', 'ROS_PYTHON_VERSION': '3', 'LC_CTYPE': 'C.UTF-8', 'ROS_DISTRO': 'jazzy', '_': '/usr/bin/colcon', 'ROS_VERSION': '2', 'PATH': '/opt/ros/jazzy/opt/gz_msgs_vendor/bin:/opt/ros/jazzy/opt/gz_tools_vendor/bin:/opt/ros/jazzy/opt/gz_ogre_next_vendor/bin:/opt/ros/jazzy/bin:/usr/bin:/bin', 'AMENT_PREFIX_PATH': '/opt/ros/jazzy', 'ROS_AUTOMATIC_DISCOVERY_RANGE': 'SUBNET', 'PWD': '/home/melodse/ef_ws/build/unitree_description', 'PYTHONPATH': '/opt/ros/jazzy/lib/python3.12/site-packages', 'COLCON': '1', 'CMAKE_PREFIX_PATH': '/opt/ros/jazzy/opt/gz_sim_vendor:/opt/ros/jazzy/opt/gz_sensors_vendor:/opt/ros/jazzy/opt/gz_physics_vendor:/opt/ros/jazzy/opt/sdformat_vendor:/opt/ros/jazzy/opt/gz_gui_vendor:/opt/ros/jazzy/opt/gz_transport_vendor:/opt/ros/jazzy/opt/gz_rendering_vendor:/opt/ros/jazzy/opt/gz_plugin_vendor:/opt/ros/jazzy/opt/gz_fuel_tools_vendor:/opt/ros/jazzy/opt/gz_msgs_vendor:/opt/ros/jazzy/opt/gz_common_vendor:/opt/ros/jazzy/opt/gz_math_vendor:/opt/ros/jazzy/opt/gz_utils_vendor:/opt/ros/jazzy/opt/gz_tools_vendor:/opt/ros/jazzy/opt/gz_ogre_next_vendor:/opt/ros/jazzy/opt/gz_dartsim_vendor:/opt/ros/jazzy/opt/gz_cmake_vendor:/opt/ros/jazzy'}), 'shell': False}
[0.029756] (unitree_description) StdoutLine: {'line': b'/usr/bin/cmake -S/home/melodse/ef_ws/go2/sim/unitree_description-master -B/home/melodse/ef_ws/build/unitree_description --check-build-system CMakeFiles/Makefile.cmake 0\n'}
[0.039079] (unitree_description) StdoutLine: {'line': b'/usr/bin/cmake -E cmake_progress_start /home/melodse/ef_ws/build/unitree_description/CMakeFiles /home/melodse/ef_ws/build/unitree_description//CMakeFiles/progress.marks\n'}
[0.047483] (unitree_description) StdoutLine: {'line': b'/usr/bin/gmake  -f CMakeFiles/Makefile2 all\n'}
[0.049986] (unitree_description) StdoutLine: {'line': b"gmake[1]: Entering directory '/home/melodse/ef_ws/build/unitree_description'\n"}
[0.050132] (unitree_description) StdoutLine: {'line': b'/usr/bin/gmake  -f python/CMakeFiles/unitree_description_compile_pyc__home_melodse_ef_ws_go2_sim_unitree_description-master_python.dir/build.make python/CMakeFiles/unitree_description_compile_pyc__home_melodse_ef_ws_go2_sim_unitree_description-master_python.dir/depend\n'}
[0.051159] (unitree_description) StdoutLine: {'line': b"gmake[2]: Entering directory '/home/melodse/ef_ws/build/unitree_description'\n"}
[0.051271] (unitree_description) StdoutLine: {'line': b'cd /home/melodse/ef_ws/build/unitree_description && /usr/bin/cmake -E cmake_depends "Unix Makefiles" /home/melodse/ef_ws/go2/sim/unitree_description-master /home/melodse/ef_ws/go2/sim/unitree_description-master/python /home/melodse/ef_ws/build/unitree_description /home/melodse/ef_ws/build/unitree_description/python /home/melodse/ef_ws/build/unitree_description/python/CMakeFiles/unitree_description_compile_pyc__home_melodse_ef_ws_go2_sim_unitree_description-master_python.dir/DependInfo.cmake "--color="\n'}
[0.061179] (unitree_description) StdoutLine: {'line': b"gmake[2]: Leaving directory '/home/melodse/ef_ws/build/unitree_description'\n"}
[0.061449] (unitree_description) StdoutLine: {'line': b'/usr/bin/gmake  -f python/CMakeFiles/unitree_description_compile_pyc__home_melodse_ef_ws_go2_sim_unitree_description-master_python.dir/build.make python/CMakeFiles/unitree_description_compile_pyc__home_melodse_ef_ws_go2_sim_unitree_description-master_python.dir/build\n'}
[0.062893] (unitree_description) StdoutLine: {'line': b"gmake[2]: Entering directory '/home/melodse/ef_ws/build/unitree_description'\n"}
[0.063070] (unitree_description) StdoutLine: {'line': b'cd /home/melodse/ef_ws/build/unitree_description/python && /usr/bin/cmake -E make_directory /home/melodse/ef_ws/build/unitree_description/python/unitree_description\n'}
[0.072130] (unitree_description) StdoutLine: {'line': b'cd /home/melodse/ef_ws/build/unitree_description/python && /usr/bin/python -c "import py_compile; py_compile.compile(\\"/home/melodse/ef_ws/go2/sim/unitree_description-master/python/unitree_description/__init__.py\\",\\"/home/melodse/ef_ws/build/unitree_description/python/unitree_description/__init__.pyc\\")"\n'}
[0.100064] (-) TimerEvent: {}
[0.107589] (unitree_description) StdoutLine: {'line': b'cd /home/melodse/ef_ws/build/unitree_description/python && /usr/bin/cmake -E make_directory /home/melodse/ef_ws/build/unitree_description/python/unitree_description\n'}
[0.118443] (unitree_description) StdoutLine: {'line': b'cd /home/melodse/ef_ws/build/unitree_description/python && /usr/bin/python -c "import py_compile; py_compile.compile(\\"/home/melodse/ef_ws/go2/sim/unitree_description-master/python/unitree_description/loader.py\\",\\"/home/melodse/ef_ws/build/unitree_description/python/unitree_description/loader.pyc\\")"\n'}
[0.155863] (unitree_description) StdoutLine: {'line': b"gmake[2]: Leaving directory '/home/melodse/ef_ws/build/unitree_description'\n"}
[0.164434] (unitree_description) StdoutLine: {'line': b'Built target unitree_description_compile_pyc__home_melodse_ef_ws_go2_sim_unitree_description-master_python\n'}
[0.165239] (unitree_description) StdoutLine: {'line': b"gmake[1]: Leaving directory '/home/melodse/ef_ws/build/unitree_description'\n"}
[0.165522] (unitree_description) StdoutLine: {'line': b'/usr/bin/cmake -E cmake_progress_start /home/melodse/ef_ws/build/unitree_description/CMakeFiles 0\n'}
[0.200170] (-) TimerEvent: {}
[0.263864] (unitree_description) CommandEnded: {'returncode': 0}
[0.264822] (unitree_description) JobProgress: {'identifier': 'unitree_description', 'progress': 'install'}
[0.274694] (unitree_description) Command: {'cmd': ['/usr/bin/cmake', '--install', '/home/melodse/ef_ws/build/unitree_description'], 'cwd': '/home/melodse/ef_ws/build/unitree_description', 'env': OrderedDict({'GZ_CONFIG_PATH': '/opt/ros/jazzy/opt/gz_sim_vendor/share/gz:/opt/ros/jazzy/opt/sdformat_vendor/share/gz:/opt/ros/jazzy/opt/gz_gui_vendor/share/gz:/opt/ros/jazzy/opt/gz_transport_vendor/share/gz:/opt/ros/jazzy/opt/gz_rendering_vendor/share/gz:/opt/ros/jazzy/opt/gz_plugin_vendor/share/gz:/opt/ros/jazzy/opt/gz_fuel_tools_vendor/share/gz:/opt/ros/jazzy/opt/gz_msgs_vendor/share/gz:/opt/ros/jazzy/opt/gz_common_vendor/share/gz', 'SHLVL': '0', 'LD_LIBRARY_PATH': '/opt/ros/jazzy/opt/gz_sim_vendor/lib:/opt/ros/jazzy/opt/gz_sensors_vendor/lib:/opt/ros/jazzy/opt/gz_physics_vendor/lib:/opt/ros/jazzy/opt/sdformat_vendor/lib:/opt/ros/jazzy/opt/rviz_ogre_vendor/lib:/opt/ros/jazzy/lib/x86_64-linux-gnu:/opt/ros/jazzy/opt/gz_gui_vendor/lib:/opt/ros/jazzy/opt/gz_transport_vendor/lib:/opt/ros/jazzy/opt/gz_rendering_vendor/lib:/opt/ros/jazzy/opt/gz_plugin_vendor/lib:/opt/ros/jazzy/opt/gz_fuel_tools_vendor/lib:/opt/ros/jazzy/opt/gz_msgs_vendor/lib:/opt/ros/jazzy/opt/gz_common_vendor/lib:/opt/ros/jazzy/opt/gz_math_vendor/lib:/opt/ros/jazzy/opt/gz_utils_vendor/lib:/opt/ros/jazzy/opt/gz_tools_vendor/lib:/opt/ros/jazzy/opt/gz_ogre_next_vendor/lib:/opt/ros/jazzy/opt/gz_dartsim_vendor/lib:/opt/ros/jazzy/opt/gz_cmake_vendor/lib:/opt/ros/jazzy/lib', 'HOME': '/home/melodse', 'OLDPWD': '/home/melodse/ef_ws/go2/sim/unitree_description-master/launch', 'ROS_PYTHON_VERSION': '3', 'LC_CTYPE': 'C.UTF-8', 'ROS_DISTRO': 'jazzy', '_': '/usr/bin/colcon', 'ROS_VERSION': '2', 'PATH': '/opt/ros/jazzy/opt/gz_msgs_vendor/bin:/opt/ros/jazzy/opt/gz_tools_vendor/bin:/opt/ros/jazzy/opt/gz_ogre_next_vendor/bin:/opt/ros/jazzy/bin:/usr/bin:/bin', 'AMENT_PREFIX_PATH': '/opt/ros/jazzy', 'ROS_AUTOMATIC_DISCOVERY_RANGE': 'SUBNET', 'PWD': '/home/melodse/ef_ws/build/unitree_description', 'PYTHONPATH': '/opt/ros/jazzy/lib/python3.12/site-packages', 'COLCON': '1', 'CMAKE_PREFIX_PATH': '/opt/ros/jazzy/opt/gz_sim_vendor:/opt/ros/jazzy/opt/gz_sensors_vendor:/opt/ros/jazzy/opt/gz_physics_vendor:/opt/ros/jazzy/opt/sdformat_vendor:/opt/ros/jazzy/opt/gz_gui_vendor:/opt/ros/jazzy/opt/gz_transport_vendor:/opt/ros/jazzy/opt/gz_rendering_vendor:/opt/ros/jazzy/opt/gz_plugin_vendor:/opt/ros/jazzy/opt/gz_fuel_tools_vendor:/opt/ros/jazzy/opt/gz_msgs_vendor:/opt/ros/jazzy/opt/gz_common_vendor:/opt/ros/jazzy/opt/gz_math_vendor:/opt/ros/jazzy/opt/gz_utils_vendor:/opt/ros/jazzy/opt/gz_tools_vendor:/opt/ros/jazzy/opt/gz_ogre_next_vendor:/opt/ros/jazzy/opt/gz_dartsim_vendor:/opt/ros/jazzy/opt/gz_cmake_vendor:/opt/ros/jazzy'}), 'shell': False}
[0.283105] (unitree_description) StdoutLine: {'line': b'-- Install configuration: ""\n'}
[0.283410] (unitree_description) StdoutLine: {'line': b'-- Up-to-date: /home/melodse/ef_ws/install/unitree_description/include/unitree/description/config.hh\n'}
[0.283596] (unitree_description) StdoutLine: {'line': b'-- Up-to-date: /home/melodse/ef_ws/install/unitree_description/include/unitree/description/deprecated.hh\n'}
[0.283876] (unitree_description) StdoutLine: {'line': b'-- Up-to-date: /home/melodse/ef_ws/install/unitree_description/include/unitree/description/warning.hh\n'}
[0.284034] (unitree_description) StdoutLine: {'line': b'-- Up-to-date: /home/melodse/ef_ws/install/unitree_description/share/unitree_description/model\n'}
[0.284277] (unitree_description) StdoutLine: {'line': b'-- Up-to-date: /home/melodse/ef_ws/install/unitree_description/share/unitree_description/model/go2\n'}
[0.284375] (unitree_description) StdoutLine: {'line': b'-- Up-to-date: /home/melodse/ef_ws/install/unitree_description/share/unitree_description/model/go2/assets\n'}
[0.284426] (unitree_description) StdoutLine: {'line': b'-- Up-to-date: /home/melodse/ef_ws/install/unitree_description/share/unitree_description/model/go2/assets/visuals\n'}
[0.284919] (unitree_description) StdoutLine: {'line': b'-- Up-to-date: /home/melodse/ef_ws/install/unitree_description/share/unitree_description/model/go2/assets/visuals/hip.dae\n'}
[0.285026] (unitree_description) StdoutLine: {'line': b'-- Up-to-date: /home/melodse/ef_ws/install/unitree_description/share/unitree_description/model/go2/assets/visuals/base.dae\n'}
[0.285269] (unitree_description) StdoutLine: {'line': b'-- Up-to-date: /home/melodse/ef_ws/install/unitree_description/share/unitree_description/model/go2/assets/visuals/foot.dae\n'}
[0.285528] (unitree_description) StdoutLine: {'line': b'-- Up-to-date: /home/melodse/ef_ws/install/unitree_description/share/unitree_description/model/go2/assets/visuals/calf_mirror.dae\n'}
[0.285753] (unitree_description) StdoutLine: {'line': b'-- Up-to-date: /home/melodse/ef_ws/install/unitree_description/share/unitree_description/model/go2/assets/visuals/thigh.dae\n'}
[0.285866] (unitree_description) StdoutLine: {'line': b'-- Up-to-date: /home/melodse/ef_ws/install/unitree_description/share/unitree_description/model/go2/assets/visuals/calf.dae\n'}
[0.286351] (unitree_description) StdoutLine: {'line': b'-- Up-to-date: /home/melodse/ef_ws/install/unitree_description/share/unitree_description/model/go2/assets/visuals/thigh_mirror.dae\n'}
[0.286649] (unitree_description) StdoutLine: {'line': b'-- Up-to-date: /home/melodse/ef_ws/install/unitree_description/share/unitree_description/model/go2/assets/collisions\n'}
[0.286914] (unitree_description) StdoutLine: {'line': b'-- Up-to-date: /home/melodse/ef_ws/install/unitree_description/share/unitree_description/model/go2/assets/collisions/calf_lower_mirror_convex.stl\n'}
[0.287173] (unitree_description) StdoutLine: {'line': b'-- Up-to-date: /home/melodse/ef_ws/install/unitree_description/share/unitree_description/model/go2/assets/collisions/foot_convex.stl\n'}
[0.287555] (unitree_description) StdoutLine: {'line': b'-- Up-to-date: /home/melodse/ef_ws/install/unitree_description/share/unitree_description/model/go2/assets/collisions/thigh_convex.stl\n'}
[0.287803] (unitree_description) StdoutLine: {'line': b'-- Up-to-date: /home/melodse/ef_ws/install/unitree_description/share/unitree_description/model/go2/assets/collisions/thigh_mirror_convex.stl\n'}
[0.287994] (unitree_description) StdoutLine: {'line': b'-- Up-to-date: /home/melodse/ef_ws/install/unitree_description/share/unitree_description/model/go2/assets/collisions/base_convex.stl\n'}
[0.288218] (unitree_description) StdoutLine: {'line': b'-- Up-to-date: /home/melodse/ef_ws/install/unitree_description/share/unitree_description/model/go2/assets/collisions/calf_upper_convex.stl\n'}
[0.288454] (unitree_description) StdoutLine: {'line': b'-- Up-to-date: /home/melodse/ef_ws/install/unitree_description/share/unitree_description/model/go2/assets/collisions/hip_convex.stl\n'}
[0.288775] (unitree_description) StdoutLine: {'line': b'-- Up-to-date: /home/melodse/ef_ws/install/unitree_description/share/unitree_description/model/go2/assets/collisions/calf_upper_mirror_convex.stl\n'}
[0.288950] (unitree_description) StdoutLine: {'line': b'-- Up-to-date: /home/melodse/ef_ws/install/unitree_description/share/unitree_description/model/go2/assets/collisions/calf_lower_convex.stl\n'}
[0.289136] (unitree_description) StdoutLine: {'line': b'-- Up-to-date: /home/melodse/ef_ws/install/unitree_description/share/unitree_description/model/go2/go2.urdf\n'}
[0.289223] (unitree_description) StdoutLine: {'line': b'-- Up-to-date: /home/melodse/ef_ws/install/unitree_description/share/unitree_description/model/go2/go2.srdf\n'}
[0.289659] (unitree_description) StdoutLine: {'line': b'-- Up-to-date: /home/melodse/ef_ws/install/unitree_description/share/unitree_description/model/g1\n'}
[0.290330] (unitree_description) StdoutLine: {'line': b'-- Up-to-date: /home/melodse/ef_ws/install/unitree_description/share/unitree_description/model/g1/assets\n'}
[0.290705] (unitree_description) StdoutLine: {'line': b'-- Up-to-date: /home/melodse/ef_ws/install/unitree_description/share/unitree_description/model/g1/assets/visuals\n'}
[0.290827] (unitree_description) StdoutLine: {'line': b'-- Up-to-date: /home/melodse/ef_ws/install/unitree_description/share/unitree_description/model/g1/assets/visuals/right_elbow_link.STL\n'}
[0.290922] (unitree_description) StdoutLine: {'line': b'-- Up-to-date: /home/melodse/ef_ws/install/unitree_description/share/unitree_description/model/g1/assets/visuals/logo_link.STL\n'}
[0.291028] (unitree_description) StdoutLine: {'line': b'-- Up-to-date: /home/melodse/ef_ws/install/unitree_description/share/unitree_description/model/g1/assets/visuals/left_rubber_hand.STL\n'}
[0.291113] (unitree_description) StdoutLine: {'line': b'-- Up-to-date: /home/melodse/ef_ws/install/unitree_description/share/unitree_description/model/g1/assets/visuals/left_shoulder_roll_link.STL\n'}
[0.291206] (unitree_description) StdoutLine: {'line': b'-- Up-to-date: /home/melodse/ef_ws/install/unitree_description/share/unitree_description/model/g1/assets/visuals/left_wrist_yaw_link.STL\n'}
[0.291296] (unitree_description) StdoutLine: {'line': b'-- Up-to-date: /home/melodse/ef_ws/install/unitree_description/share/unitree_description/model/g1/assets/visuals/right_hip_yaw_link.STL\n'}
[0.291385] (unitree_description) StdoutLine: {'line': b'-- Up-to-date: /home/melodse/ef_ws/install/unitree_description/share/unitree_description/model/g1/assets/visuals/right_ankle_pitch_link.STL\n'}
[0.291475] (unitree_description) StdoutLine: {'line': b'-- Up-to-date: /home/melodse/ef_ws/install/unitree_description/share/unitree_description/model/g1/assets/visuals/waist_yaw_link_rev_1_0.STL\n'}
[0.291562] (unitree_description) StdoutLine: {'line': b'-- Up-to-date: /home/melodse/ef_ws/install/unitree_description/share/unitree_description/model/g1/assets/visuals/right_shoulder_pitch_link.STL\n'}
[0.291648] (unitree_description) StdoutLine: {'line': b'-- Up-to-date: /home/melodse/ef_ws/install/unitree_description/share/unitree_description/model/g1/assets/visuals/left_shoulder_yaw_link.STL\n'}
[0.291735] (unitree_description) StdoutLine: {'line': b'-- Up-to-date: /home/melodse/ef_ws/install/unitree_description/share/unitree_description/model/g1/assets/visuals/right_knee_link.STL\n'}
[0.292391] (unitree_description) StdoutLine: {'line': b'-- Up-to-date: /home/melodse/ef_ws/install/unitree_description/share/unitree_description/model/g1/assets/visuals/right_rubber_hand.STL\n'}
[0.292549] (unitree_description) StdoutLine: {'line': b'-- Up-to-date: /home/melodse/ef_ws/install/unitree_description/share/unitree_description/model/g1/assets/visuals/torso_link_rev_1_0.STL\n'}
[0.293062] (unitree_description) StdoutLine: {'line': b'-- Up-to-date: /home/melodse/ef_ws/install/unitree_description/share/unitree_description/model/g1/assets/visuals/left_shoulder_pitch_link.STL\n'}
[0.293181] (unitree_description) StdoutLine: {'line': b'-- Up-to-date: /home/melodse/ef_ws/install/unitree_description/share/unitree_description/model/g1/assets/visuals/right_wrist_roll_link.STL\n'}
[0.293710] (unitree_description) StdoutLine: {'line': b'-- Up-to-date: /home/melodse/ef_ws/install/unitree_description/share/unitree_description/model/g1/assets/visuals/right_wrist_pitch_link.STL\n'}
[0.294852] (unitree_description) StdoutLine: {'line': b'-- Up-to-date: /home/melodse/ef_ws/install/unitree_description/share/unitree_description/model/g1/assets/visuals/right_shoulder_yaw_link.STL\n'}
[0.296957] (unitree_description) StdoutLine: {'line': b'-- Up-to-date: /home/melodse/ef_ws/install/unitree_description/share/unitree_description/model/g1/assets/visuals/left_hip_yaw_link.STL\n'}
[0.297149] (unitree_description) StdoutLine: {'line': b'-- Up-to-date: /home/melodse/ef_ws/install/unitree_description/share/unitree_description/model/g1/assets/visuals/head_link.STL\n'}
[0.297434] (unitree_description) StdoutLine: {'line': b'-- Up-to-date: /home/melodse/ef_ws/install/unitree_description/share/unitree_description/model/g1/assets/visuals/left_elbow_link.STL\n'}
[0.297714] (unitree_description) StdoutLine: {'line': b'-- Up-to-date: /home/melodse/ef_ws/install/unitree_description/share/unitree_description/model/g1/assets/visuals/right_ankle_roll_link.STL\n'}
[0.298625] (unitree_description) StdoutLine: {'line': b'-- Up-to-date: /home/melodse/ef_ws/install/unitree_description/share/unitree_description/model/g1/assets/visuals/pelvis.STL\n'}
[0.298762] (unitree_description) StdoutLine: {'line': b'-- Up-to-date: /home/melodse/ef_ws/install/unitree_description/share/unitree_description/model/g1/assets/visuals/left_wrist_pitch_link.STL\n'}
[0.299382] (unitree_description) StdoutLine: {'line': b'-- Up-to-date: /home/melodse/ef_ws/install/unitree_description/share/unitree_description/model/g1/assets/visuals/right_wrist_yaw_link.STL\n'}
[0.299627] (unitree_description) StdoutLine: {'line': b'-- Up-to-date: /home/melodse/ef_ws/install/unitree_description/share/unitree_description/model/g1/assets/visuals/right_hip_pitch_link.STL\n'}
[0.299871] (unitree_description) StdoutLine: {'line': b'-- Up-to-date: /home/melodse/ef_ws/install/unitree_description/share/unitree_description/model/g1/assets/visuals/right_shoulder_roll_link.STL\n'}
[0.300056] (unitree_description) StdoutLine: {'line': b'-- Up-to-date: /home/melodse/ef_ws/install/unitree_description/share/unitree_description/model/g1/assets/visuals/left_knee_link.STL\n'}
[0.300233] (-) TimerEvent: {}
[0.300524] (unitree_description) StdoutLine: {'line': b'-- Up-to-date: /home/melodse/ef_ws/install/unitree_description/share/unitree_description/model/g1/assets/visuals/right_hip_roll_link.STL\n'}
[0.301842] (unitree_description) StdoutLine: {'line': b'-- Up-to-date: /home/melodse/ef_ws/install/unitree_description/share/unitree_description/model/g1/assets/visuals/left_ankle_pitch_link.STL\n'}
[0.302147] (unitree_description) StdoutLine: {'line': b'-- Up-to-date: /home/melodse/ef_ws/install/unitree_description/share/unitree_description/model/g1/assets/visuals/left_hip_pitch_link.STL\n'}
[0.302416] (unitree_description) StdoutLine: {'line': b'-- Up-to-date: /home/melodse/ef_ws/install/unitree_description/share/unitree_description/model/g1/assets/visuals/waist_roll_link_rev_1_0.STL\n'}
[0.302673] (unitree_description) StdoutLine: {'line': b'-- Up-to-date: /home/melodse/ef_ws/install/unitree_description/share/unitree_description/model/g1/assets/visuals/left_ankle_roll_link.STL\n'}
[0.302954] (unitree_description) StdoutLine: {'line': b'-- Up-to-date: /home/melodse/ef_ws/install/unitree_description/share/unitree_description/model/g1/assets/visuals/pelvis_contour_link.STL\n'}
[0.303236] (unitree_description) StdoutLine: {'line': b'-- Up-to-date: /home/melodse/ef_ws/install/unitree_description/share/unitree_description/model/g1/assets/visuals/left_hip_roll_link.STL\n'}
[0.303395] (unitree_description) StdoutLine: {'line': b'-- Up-to-date: /home/melodse/ef_ws/install/unitree_description/share/unitree_description/model/g1/assets/visuals/left_wrist_roll_link.STL\n'}
[0.303630] (unitree_description) StdoutLine: {'line': b'-- Up-to-date: /home/melodse/ef_ws/install/unitree_description/share/unitree_description/model/g1/assets/collisions\n'}
[0.303868] (unitree_description) StdoutLine: {'line': b'-- Up-to-date: /home/melodse/ef_ws/install/unitree_description/share/unitree_description/model/g1/assets/collisions/left_shoulder_roll_link_collision.STL\n'}
[0.304137] (unitree_description) StdoutLine: {'line': b'-- Up-to-date: /home/melodse/ef_ws/install/unitree_description/share/unitree_description/model/g1/assets/collisions/right_shoulder_pitch_link_collision.STL\n'}
[0.304403] (unitree_description) StdoutLine: {'line': b'-- Up-to-date: /home/melodse/ef_ws/install/unitree_description/share/unitree_description/model/g1/assets/collisions/left_knee_link_collision.STL\n'}
[0.304680] (unitree_description) StdoutLine: {'line': b'-- Up-to-date: /home/melodse/ef_ws/install/unitree_description/share/unitree_description/model/g1/assets/collisions/right_shoulder_roll_link_collision.STL\n'}
[0.305162] (unitree_description) StdoutLine: {'line': b'-- Up-to-date: /home/melodse/ef_ws/install/unitree_description/share/unitree_description/model/g1/assets/collisions/logo_link_collision.STL\n'}
[0.305287] (unitree_description) StdoutLine: {'line': b'-- Up-to-date: /home/melodse/ef_ws/install/unitree_description/share/unitree_description/model/g1/assets/collisions/left_wrist_roll_link_collision.STL\n'}
[0.305409] (unitree_description) StdoutLine: {'line': b'-- Up-to-date: /home/melodse/ef_ws/install/unitree_description/share/unitree_description/model/g1/assets/collisions/right_elbow_link_collision.STL\n'}
[0.305518] (unitree_description) StdoutLine: {'line': b'-- Up-to-date: /home/melodse/ef_ws/install/unitree_description/share/unitree_description/model/g1/assets/collisions/left_hip_pitch_link_collision.STL\n'}
[0.305670] (unitree_description) StdoutLine: {'line': b'-- Up-to-date: /home/melodse/ef_ws/install/unitree_description/share/unitree_description/model/g1/assets/collisions/right_wrist_hand_collision.STL\n'}
[0.305825] (unitree_description) StdoutLine: {'line': b'-- Up-to-date: /home/melodse/ef_ws/install/unitree_description/share/unitree_description/model/g1/assets/collisions/head_link_collision.STL\n'}
[0.305980] (unitree_description) StdoutLine: {'line': b'-- Up-to-date: /home/melodse/ef_ws/install/unitree_description/share/unitree_description/model/g1/assets/collisions/right_ankle_roll_link_collision.STL\n'}
[0.306134] (unitree_description) StdoutLine: {'line': b'-- Up-to-date: /home/melodse/ef_ws/install/unitree_description/share/unitree_description/model/g1/assets/collisions/left_shoulder_pitch_link_collision.STL\n'}
[0.306344] (unitree_description) StdoutLine: {'line': b'-- Up-to-date: /home/melodse/ef_ws/install/unitree_description/share/unitree_description/model/g1/assets/collisions/torso_waist_roll_pitch_collision.STL\n'}
[0.306582] (unitree_description) StdoutLine: {'line': b'-- Up-to-date: /home/melodse/ef_ws/install/unitree_description/share/unitree_description/model/g1/assets/collisions/pelvis_collision.STL\n'}
[0.306887] (unitree_description) StdoutLine: {'line': b'-- Up-to-date: /home/melodse/ef_ws/install/unitree_description/share/unitree_description/model/g1/assets/collisions/left_wrist_hand_collision.STL\n'}
[0.307204] (unitree_description) StdoutLine: {'line': b'-- Up-to-date: /home/melodse/ef_ws/install/unitree_description/share/unitree_description/model/g1/assets/collisions/left_shoulder_yaw_link_collision.STL\n'}
[0.307406] (unitree_description) StdoutLine: {'line': b'-- Up-to-date: /home/melodse/ef_ws/install/unitree_description/share/unitree_description/model/g1/assets/collisions/left_ankle_roll_link_collision.STL\n'}
[0.307490] (unitree_description) StdoutLine: {'line': b'-- Up-to-date: /home/melodse/ef_ws/install/unitree_description/share/unitree_description/model/g1/assets/collisions/left_hip_yaw_link_collision.STL\n'}
[0.307934] (unitree_description) StdoutLine: {'line': b'-- Up-to-date: /home/melodse/ef_ws/install/unitree_description/share/unitree_description/model/g1/assets/collisions/left_elbow_link_collision.STL\n'}
[0.308081] (unitree_description) StdoutLine: {'line': b'-- Up-to-date: /home/melodse/ef_ws/install/unitree_description/share/unitree_description/model/g1/assets/collisions/left_wrist_pitch_link_collision.STL\n'}
[0.308275] (unitree_description) StdoutLine: {'line': b'-- Up-to-date: /home/melodse/ef_ws/install/unitree_description/share/unitree_description/model/g1/assets/collisions/right_wrist_roll_link_collision.STL\n'}
[0.308458] (unitree_description) StdoutLine: {'line': b'-- Up-to-date: /home/melodse/ef_ws/install/unitree_description/share/unitree_description/model/g1/assets/collisions/right_shoulder_yaw_link_collision.STL\n'}
[0.309435] (unitree_description) StdoutLine: {'line': b'-- Up-to-date: /home/melodse/ef_ws/install/unitree_description/share/unitree_description/model/g1/assets/collisions/right_wrist_pitch_link_collision.STL\n'}
[0.309544] (unitree_description) StdoutLine: {'line': b'-- Up-to-date: /home/melodse/ef_ws/install/unitree_description/share/unitree_description/model/g1/assets/collisions/right_hip_yaw_link_collision.STL\n'}
[0.309644] (unitree_description) StdoutLine: {'line': b'-- Up-to-date: /home/melodse/ef_ws/install/unitree_description/share/unitree_description/model/g1/assets/collisions/right_hip_pitch_link_collision.STL\n'}
[0.309774] (unitree_description) StdoutLine: {'line': b'-- Up-to-date: /home/melodse/ef_ws/install/unitree_description/share/unitree_description/model/g1/assets/collisions/right_hip_roll_link_collision.STL\n'}
[0.309899] (unitree_description) StdoutLine: {'line': b'-- Up-to-date: /home/melodse/ef_ws/install/unitree_description/share/unitree_description/model/g1/assets/collisions/right_knee_link_collision.STL\n'}
[0.310023] (unitree_description) StdoutLine: {'line': b'-- Up-to-date: /home/melodse/ef_ws/install/unitree_description/share/unitree_description/model/g1/assets/collisions/left_hip_roll_link_collision.STL\n'}
[0.310160] (unitree_description) StdoutLine: {'line': b'-- Up-to-date: /home/melodse/ef_ws/install/unitree_description/share/unitree_description/model/g1/g1.srdf\n'}
[0.310265] (unitree_description) StdoutLine: {'line': b'-- Up-to-date: /home/melodse/ef_ws/install/unitree_description/share/unitree_description/model/g1/g1.urdf\n'}
[0.310393] (unitree_description) StdoutLine: {'line': b'-- Up-to-date: /home/melodse/ef_ws/install/unitree_description/share/unitree_description/launch\n'}
[0.310511] (unitree_description) StdoutLine: {'line': b'-- Up-to-date: /home/melodse/ef_ws/install/unitree_description/share/unitree_description/launch/go2_rviz.launch.py\n'}
[0.310578] (unitree_description) StdoutLine: {'line': b'-- Up-to-date: /home/melodse/ef_ws/install/unitree_description/share/unitree_description/launch/rviz_go2.launch.py\n'}
[0.310698] (unitree_description) StdoutLine: {'line': b'-- Up-to-date: /home/melodse/ef_ws/install/unitree_description/share/unitree_description/launch/__pycache__\n'}
[0.310780] (unitree_description) StdoutLine: {'line': b'-- Up-to-date: /home/melodse/ef_ws/install/unitree_description/share/unitree_description/launch/__pycache__/rviz_go2.launch.cpython-312.pyc\n'}
[0.310927] (unitree_description) StdoutLine: {'line': b'-- Up-to-date: /home/melodse/ef_ws/install/unitree_description/share/unitree_description/rviz\n'}
[0.311178] (unitree_description) StdoutLine: {'line': b'-- Up-to-date: /home/melodse/ef_ws/install/unitree_description/share/unitree_description/rviz/go2.rviz\n'}
[0.311462] (unitree_description) StdoutLine: {'line': b'-- Up-to-date: /home/melodse/ef_ws/install/unitree_description/lib/python3.12/site-packages/unitree_description/__init__.py\n'}
[0.311743] (unitree_description) StdoutLine: {'line': b'-- Up-to-date: /home/melodse/ef_ws/install/unitree_description/lib/python3.12/site-packages/unitree_description/loader.py\n'}
[0.312040] (unitree_description) StdoutLine: {'line': b'-- Up-to-date: /home/melodse/ef_ws/install/unitree_description/lib/python3.12/site-packages/unitree_description/path.py\n'}
[0.312319] (unitree_description) StdoutLine: {'line': b'-- Up-to-date: /home/melodse/ef_ws/install/unitree_description/lib/pkgconfig/unitree_description.pc\n'}
[0.312851] (unitree_description) StdoutLine: {'line': b'-- Up-to-date: /home/melodse/ef_ws/install/unitree_description/share/ament_index/resource_index/packages/unitree_description\n'}
[0.313153] (unitree_description) StdoutLine: {'line': b'-- Up-to-date: /home/melodse/ef_ws/install/unitree_description/share/unitree_description/hook/ament_prefix_path.dsv\n'}
[0.313293] (unitree_description) StdoutLine: {'line': b'-- Up-to-date: /home/melodse/ef_ws/install/unitree_description/share/unitree_description/hook/python_path.dsv\n'}
[0.313425] (unitree_description) StdoutLine: {'line': b'-- Up-to-date: /home/melodse/ef_ws/install/unitree_description/share/unitree_description/package.xml\n'}
[0.313565] (unitree_description) StdoutLine: {'line': b'-- Up-to-date: /home/melodse/ef_ws/install/unitree_description/lib/cmake/unitree_description/unitree_descriptionConfig.cmake\n'}
[0.313706] (unitree_description) StdoutLine: {'line': b'-- Up-to-date: /home/melodse/ef_ws/install/unitree_description/lib/cmake/unitree_description/unitree_descriptionConfigVersion.cmake\n'}
[0.313846] (unitree_description) StdoutLine: {'line': b'-- Up-to-date: /home/melodse/ef_ws/install/unitree_description/lib/cmake/unitree_description/unitree_descriptionTargets.cmake\n'}
[0.313994] (unitree_description) StdoutLine: {'line': b'-- Up-to-date: /home/melodse/ef_ws/install/unitree_description/lib/pkgconfig/unitree_description.pc\n'}
[0.314287] (unitree_description) StdoutLine: {'line': b'-- Up-to-date: /home/melodse/ef_ws/install/unitree_description/share/ament_index/resource_index/packages/unitree_description\n'}
[0.314471] (unitree_description) StdoutLine: {'line': b'-- Up-to-date: /home/melodse/ef_ws/install/unitree_description/share/unitree_description/hook/ament_prefix_path.dsv\n'}
[0.314947] (unitree_description) StdoutLine: {'line': b'-- Up-to-date: /home/melodse/ef_ws/install/unitree_description/share/unitree_description/hook/python_path.dsv\n'}
[0.315130] (unitree_description) StdoutLine: {'line': b'-- Up-to-date: /home/melodse/ef_ws/install/unitree_description/share/unitree_description/package.xml\n'}
[0.315262] (unitree_description) StdoutLine: {'line': b'-- Up-to-date: /home/melodse/ef_ws/install/unitree_description/lib/cmake/unitree_description/unitree_descriptionConfig.cmake\n'}
[0.316080] (unitree_description) StdoutLine: {'line': b'-- Up-to-date: /home/melodse/ef_ws/install/unitree_description/lib/cmake/unitree_description/unitree_descriptionConfigVersion.cmake\n'}
[0.316485] (unitree_description) StdoutLine: {'line': b'-- Up-to-date: /home/melodse/ef_ws/install/unitree_description/lib/cmake/unitree_description/unitree_descriptionTargets.cmake\n'}
[0.316820] (unitree_description) CommandEnded: {'returncode': 0}
[0.341354] (unitree_description) JobEnded: {'identifier': 'unitree_description', 'rc': 0}
[0.343200] (g1_description) JobStarted: {'identifier': 'g1_description'}
[0.400404] (-) TimerEvent: {}
[0.500726] (-) TimerEvent: {}
[0.601053] (-) TimerEvent: {}
[0.701358] (-) TimerEvent: {}
[0.801587] (-) TimerEvent: {}
[0.901942] (-) TimerEvent: {}
[0.931629] (go2_ros2_bridge) Command: {'cmd': ['/usr/bin/python3', '-W', 'ignore:setup.py install is deprecated', '-W', 'ignore:easy_install command is deprecated', 'setup.py', 'egg_info', '--egg-base', '../../build/go2_ros2_bridge', 'build', '--build-base', '/home/melodse/ef_ws/build/go2_ros2_bridge/build', 'install', '--record', '/home/melodse/ef_ws/build/go2_ros2_bridge/install.log', '--single-version-externally-managed', 'install_data'], 'cwd': '/home/melodse/ef_ws/src/go2_ros2_bridge', 'env': {'GZ_CONFIG_PATH': '/opt/ros/jazzy/opt/gz_sim_vendor/share/gz:/opt/ros/jazzy/opt/sdformat_vendor/share/gz:/opt/ros/jazzy/opt/gz_gui_vendor/share/gz:/opt/ros/jazzy/opt/gz_transport_vendor/share/gz:/opt/ros/jazzy/opt/gz_rendering_vendor/share/gz:/opt/ros/jazzy/opt/gz_plugin_vendor/share/gz:/opt/ros/jazzy/opt/gz_fuel_tools_vendor/share/gz:/opt/ros/jazzy/opt/gz_msgs_vendor/share/gz:/opt/ros/jazzy/opt/gz_common_vendor/share/gz', 'SHLVL': '0', 'LD_LIBRARY_PATH': '/opt/ros/jazzy/opt/gz_sim_vendor/lib:/opt/ros/jazzy/opt/gz_sensors_vendor/lib:/opt/ros/jazzy/opt/gz_physics_vendor/lib:/opt/ros/jazzy/opt/sdformat_vendor/lib:/opt/ros/jazzy/opt/rviz_ogre_vendor/lib:/opt/ros/jazzy/lib/x86_64-linux-gnu:/opt/ros/jazzy/opt/gz_gui_vendor/lib:/opt/ros/jazzy/opt/gz_transport_vendor/lib:/opt/ros/jazzy/opt/gz_rendering_vendor/lib:/opt/ros/jazzy/opt/gz_plugin_vendor/lib:/opt/ros/jazzy/opt/gz_fuel_tools_vendor/lib:/opt/ros/jazzy/opt/gz_msgs_vendor/lib:/opt/ros/jazzy/opt/gz_common_vendor/lib:/opt/ros/jazzy/opt/gz_math_vendor/lib:/opt/ros/jazzy/opt/gz_utils_vendor/lib:/opt/ros/jazzy/opt/gz_tools_vendor/lib:/opt/ros/jazzy/opt/gz_ogre_next_vendor/lib:/opt/ros/jazzy/opt/gz_dartsim_vendor/lib:/opt/ros/jazzy/opt/gz_cmake_vendor/lib:/opt/ros/jazzy/lib', 'HOME': '/home/melodse', 'OLDPWD': '/home/melodse/ef_ws/go2/sim/unitree_description-master/launch', 'ROS_PYTHON_VERSION': '3', 'LC_CTYPE': 'C.UTF-8', 'ROS_DISTRO': 'jazzy', '_': '/usr/bin/colcon', 'ROS_VERSION': '2', 'PATH': '/opt/ros/jazzy/opt/gz_msgs_vendor/bin:/opt/ros/jazzy/opt/gz_tools_vendor/bin:/opt/ros/jazzy/opt/gz_ogre_next_vendor/bin:/opt/ros/jazzy/bin:/usr/bin:/bin', 'AMENT_PREFIX_PATH': '/opt/ros/jazzy', 'ROS_AUTOMATIC_DISCOVERY_RANGE': 'SUBNET', 'PWD': '/home/melodse/ef_ws/build/go2_ros2_bridge', 'PYTHONPATH': '/home/melodse/ef_ws/build/go2_ros2_bridge/prefix_override:/usr/lib/python3/dist-packages/colcon_core/task/python/colcon_distutils_commands:/home/melodse/ef_ws/install/go2_ros2_bridge/lib/python3.12/site-packages:/opt/ros/jazzy/lib/python3.12/site-packages', 'COLCON': '1', 'CMAKE_PREFIX_PATH': '/opt/ros/jazzy/opt/gz_sim_vendor:/opt/ros/jazzy/opt/gz_sensors_vendor:/opt/ros/jazzy/opt/gz_physics_vendor:/opt/ros/jazzy/opt/sdformat_vendor:/opt/ros/jazzy/opt/gz_gui_vendor:/opt/ros/jazzy/opt/gz_transport_vendor:/opt/ros/jazzy/opt/gz_rendering_vendor:/opt/ros/jazzy/opt/gz_plugin_vendor:/opt/ros/jazzy/opt/gz_fuel_tools_vendor:/opt/ros/jazzy/opt/gz_msgs_vendor:/opt/ros/jazzy/opt/gz_common_vendor:/opt/ros/jazzy/opt/gz_math_vendor:/opt/ros/jazzy/opt/gz_utils_vendor:/opt/ros/jazzy/opt/gz_tools_vendor:/opt/ros/jazzy/opt/gz_ogre_next_vendor:/opt/ros/jazzy/opt/gz_dartsim_vendor:/opt/ros/jazzy/opt/gz_cmake_vendor'}, 'shell': False}
[1.002162] (-) TimerEvent: {}
[1.102560] (-) TimerEvent: {}
[1.202701] (go2_ros2_bridge) StdoutLine: {'line': b'running egg_info\n'}
[1.202907] (-) TimerEvent: {}
[1.214645] (g1_description) Command: {'cmd': ['/usr/bin/python3', '-W', 'ignore:setup.py install is deprecated', '-W', 'ignore:easy_install command is deprecated', 'setup.py', 'egg_info', '--egg-base', '../../../../build/g1_description', 'build', '--build-base', '/home/melodse/ef_ws/build/g1_description/build', 'install', '--record', '/home/melodse/ef_ws/build/g1_description/install.log', '--single-version-externally-managed', 'install_data'], 'cwd': '/home/melodse/ef_ws/g1/sim/G1_rviz_simulation-main/G1_rviz_simulation-main', 'env': {'GZ_CONFIG_PATH': '/opt/ros/jazzy/opt/gz_sim_vendor/share/gz:/opt/ros/jazzy/opt/sdformat_vendor/share/gz:/opt/ros/jazzy/opt/gz_gui_vendor/share/gz:/opt/ros/jazzy/opt/gz_transport_vendor/share/gz:/opt/ros/jazzy/opt/gz_rendering_vendor/share/gz:/opt/ros/jazzy/opt/gz_plugin_vendor/share/gz:/opt/ros/jazzy/opt/gz_fuel_tools_vendor/share/gz:/opt/ros/jazzy/opt/gz_msgs_vendor/share/gz:/opt/ros/jazzy/opt/gz_common_vendor/share/gz', 'SHLVL': '0', 'LD_LIBRARY_PATH': '/opt/ros/jazzy/opt/gz_sim_vendor/lib:/opt/ros/jazzy/opt/gz_sensors_vendor/lib:/opt/ros/jazzy/opt/gz_physics_vendor/lib:/opt/ros/jazzy/opt/sdformat_vendor/lib:/opt/ros/jazzy/opt/rviz_ogre_vendor/lib:/opt/ros/jazzy/lib/x86_64-linux-gnu:/opt/ros/jazzy/opt/gz_gui_vendor/lib:/opt/ros/jazzy/opt/gz_transport_vendor/lib:/opt/ros/jazzy/opt/gz_rendering_vendor/lib:/opt/ros/jazzy/opt/gz_plugin_vendor/lib:/opt/ros/jazzy/opt/gz_fuel_tools_vendor/lib:/opt/ros/jazzy/opt/gz_msgs_vendor/lib:/opt/ros/jazzy/opt/gz_common_vendor/lib:/opt/ros/jazzy/opt/gz_math_vendor/lib:/opt/ros/jazzy/opt/gz_utils_vendor/lib:/opt/ros/jazzy/opt/gz_tools_vendor/lib:/opt/ros/jazzy/opt/gz_ogre_next_vendor/lib:/opt/ros/jazzy/opt/gz_dartsim_vendor/lib:/opt/ros/jazzy/opt/gz_cmake_vendor/lib:/opt/ros/jazzy/lib', 'HOME': '/home/melodse', 'OLDPWD': '/home/melodse/ef_ws/go2/sim/unitree_description-master/launch', 'ROS_PYTHON_VERSION': '3', 'LC_CTYPE': 'C.UTF-8', 'ROS_DISTRO': 'jazzy', '_': '/usr/bin/colcon', 'ROS_VERSION': '2', 'PKG_CONFIG_PATH': '/home/melodse/ef_ws/install/unitree_description/lib/x86_64-linux-gnu/pkgconfig:/home/melodse/ef_ws/install/unitree_description/lib/pkgconfig', 'PATH': '/opt/ros/jazzy/opt/gz_msgs_vendor/bin:/opt/ros/jazzy/opt/gz_tools_vendor/bin:/opt/ros/jazzy/opt/gz_ogre_next_vendor/bin:/opt/ros/jazzy/bin:/usr/bin:/bin', 'AMENT_PREFIX_PATH': '/opt/ros/jazzy', 'ROS_AUTOMATIC_DISCOVERY_RANGE': 'SUBNET', 'PWD': '/home/melodse/ef_ws/build/g1_description', 'PYTHONPATH': '/home/melodse/ef_ws/build/g1_description/prefix_override:/usr/lib/python3/dist-packages/colcon_core/task/python/colcon_distutils_commands:/home/melodse/ef_ws/install/g1_description/lib/python3.12/site-packages:/home/melodse/ef_ws/install/unitree_description/lib/python3.12/site-packages:/opt/ros/jazzy/lib/python3.12/site-packages', 'COLCON': '1', 'CMAKE_PREFIX_PATH': '/home/melodse/ef_ws/install/unitree_description:/opt/ros/jazzy/opt/gz_sim_vendor:/opt/ros/jazzy/opt/gz_sensors_vendor:/opt/ros/jazzy/opt/gz_physics_vendor:/opt/ros/jazzy/opt/sdformat_vendor:/opt/ros/jazzy/opt/gz_gui_vendor:/opt/ros/jazzy/opt/gz_transport_vendor:/opt/ros/jazzy/opt/gz_rendering_vendor:/opt/ros/jazzy/opt/gz_plugin_vendor:/opt/ros/jazzy/opt/gz_fuel_tools_vendor:/opt/ros/jazzy/opt/gz_msgs_vendor:/opt/ros/jazzy/opt/gz_common_vendor:/opt/ros/jazzy/opt/gz_math_vendor:/opt/ros/jazzy/opt/gz_utils_vendor:/opt/ros/jazzy/opt/gz_tools_vendor:/opt/ros/jazzy/opt/gz_ogre_next_vendor:/opt/ros/jazzy/opt/gz_dartsim_vendor:/opt/ros/jazzy/opt/gz_cmake_vendor'}, 'shell': False}
[1.227770] (go2_ros2_bridge) StdoutLine: {'line': b'writing ../../build/go2_ros2_bridge/go2_ros2_bridge.egg-info/PKG-INFO\n'}
[1.228138] (go2_ros2_bridge) StdoutLine: {'line': b'writing dependency_links to ../../build/go2_ros2_bridge/go2_ros2_bridge.egg-info/dependency_links.txt\n'}
[1.228549] (go2_ros2_bridge) StdoutLine: {'line': b'writing entry points to ../../build/go2_ros2_bridge/go2_ros2_bridge.egg-info/entry_points.txt\n'}
[1.228952] (go2_ros2_bridge) StdoutLine: {'line': b'writing requirements to ../../build/go2_ros2_bridge/go2_ros2_bridge.egg-info/requires.txt\n'}
[1.229127] (go2_ros2_bridge) StdoutLine: {'line': b'writing top-level names to ../../build/go2_ros2_bridge/go2_ros2_bridge.egg-info/top_level.txt\n'}
[1.273682] (go2_ros2_bridge) StdoutLine: {'line': b"reading manifest file '../../build/go2_ros2_bridge/go2_ros2_bridge.egg-info/SOURCES.txt'\n"}
[1.277060] (go2_ros2_bridge) StdoutLine: {'line': b"writing manifest file '../../build/go2_ros2_bridge/go2_ros2_bridge.egg-info/SOURCES.txt'\n"}
[1.277381] (go2_ros2_bridge) StdoutLine: {'line': b'running build\n'}
[1.277490] (go2_ros2_bridge) StdoutLine: {'line': b'running build_py\n'}
[1.277798] (go2_ros2_bridge) StdoutLine: {'line': b'running install\n'}
[1.282989] (go2_ros2_bridge) StdoutLine: {'line': b'running install_lib\n'}
[1.303082] (-) TimerEvent: {}
[1.306253] (go2_ros2_bridge) StdoutLine: {'line': b'running install_data\n'}
[1.306399] (go2_ros2_bridge) StdoutLine: {'line': b'running install_egg_info\n'}
[1.329723] (go2_ros2_bridge) StdoutLine: {'line': b"removing '/home/melodse/ef_ws/install/go2_ros2_bridge/lib/python3.12/site-packages/go2_ros2_bridge-0.1.0-py3.12.egg-info' (and everything under it)\n"}
[1.330202] (go2_ros2_bridge) StdoutLine: {'line': b'Copying ../../build/go2_ros2_bridge/go2_ros2_bridge.egg-info to /home/melodse/ef_ws/install/go2_ros2_bridge/lib/python3.12/site-packages/go2_ros2_bridge-0.1.0-py3.12.egg-info\n'}
[1.332772] (go2_ros2_bridge) StdoutLine: {'line': b'running install_scripts\n'}
[1.403286] (-) TimerEvent: {}
[1.468138] (go2_ros2_bridge) StdoutLine: {'line': b'Installing go2_state_bridge script to /home/melodse/ef_ws/install/go2_ros2_bridge/lib/go2_ros2_bridge\n'}
[1.468539] (go2_ros2_bridge) StdoutLine: {'line': b"writing list of installed files to '/home/melodse/ef_ws/build/go2_ros2_bridge/install.log'\n"}
[1.491814] (g1_description) StdoutLine: {'line': b'running egg_info\n'}
[1.494766] (go2_ros2_bridge) CommandEnded: {'returncode': 0}
[1.501682] (go2_ros2_bridge) JobEnded: {'identifier': 'go2_ros2_bridge', 'rc': 0}
[1.503367] (-) TimerEvent: {}
[1.515321] (g1_description) StdoutLine: {'line': b'writing ../../../../build/g1_description/g1_description.egg-info/PKG-INFO\n'}
[1.515620] (g1_description) StdoutLine: {'line': b'writing dependency_links to ../../../../build/g1_description/g1_description.egg-info/dependency_links.txt\n'}
[1.515931] (g1_description) StdoutLine: {'line': b'writing entry points to ../../../../build/g1_description/g1_description.egg-info/entry_points.txt\n'}
[1.516198] (g1_description) StdoutLine: {'line': b'writing requirements to ../../../../build/g1_description/g1_description.egg-info/requires.txt\n'}
[1.516383] (g1_description) StdoutLine: {'line': b'writing top-level names to ../../../../build/g1_description/g1_description.egg-info/top_level.txt\n'}
[1.570875] (g1_description) StdoutLine: {'line': b"reading manifest file '../../../../build/g1_description/g1_description.egg-info/SOURCES.txt'\n"}
[1.573154] (g1_description) StdoutLine: {'line': b"writing manifest file '../../../../build/g1_description/g1_description.egg-info/SOURCES.txt'\n"}
[1.573348] (g1_description) StdoutLine: {'line': b'running build\n'}
[1.573399] (g1_description) StdoutLine: {'line': b'running build_py\n'}
[1.573941] (g1_description) StdoutLine: {'line': b'running install\n'}
[1.579180] (g1_description) StdoutLine: {'line': b'running install_lib\n'}
[1.603512] (-) TimerEvent: {}
[1.608744] (g1_description) StdoutLine: {'line': b'running install_data\n'}
[1.611495] (g1_description) StdoutLine: {'line': b'running install_egg_info\n'}
[1.637085] (g1_description) StdoutLine: {'line': b"removing '/home/melodse/ef_ws/install/g1_description/lib/python3.12/site-packages/g1_description-0.0.0-py3.12.egg-info' (and everything under it)\n"}
[1.637792] (g1_description) StdoutLine: {'line': b'Copying ../../../../build/g1_description/g1_description.egg-info to /home/melodse/ef_ws/install/g1_description/lib/python3.12/site-packages/g1_description-0.0.0-py3.12.egg-info\n'}
[1.639060] (g1_description) StdoutLine: {'line': b'running install_scripts\n'}
[1.703673] (-) TimerEvent: {}
[1.804077] (-) TimerEvent: {}
[1.811671] (g1_description) StdoutLine: {'line': b'Installing demo_joint_motion script to /home/melodse/ef_ws/install/g1_description/lib/g1_description\n'}
[1.812098] (g1_description) StdoutLine: {'line': b'Installing lowstate_jointstate_bridge script to /home/melodse/ef_ws/install/g1_description/lib/g1_description\n'}
[1.812410] (g1_description) StdoutLine: {'line': b'Installing rviz_joint_motion script to /home/melodse/ef_ws/install/g1_description/lib/g1_description\n'}
[1.813328] (g1_description) StdoutLine: {'line': b"writing list of installed files to '/home/melodse/ef_ws/build/g1_description/install.log'\n"}
[1.848093] (g1_description) CommandEnded: {'returncode': 0}
[1.856754] (g1_description) JobEnded: {'identifier': 'g1_description', 'rc': 0}
[1.857901] (-) EventReactorShutdown: {}
