[0.032s] Invoking command in '/home/melodse/ef_ws/src/build/unitree_description': CMAKE_PREFIX_PATH=${CMAKE_PREFIX_PATH}:/home/melodse/ef_ws/install:/home/melodse/ef_ws/install/g1_description:/opt/ros/jazzy /usr/bin/cmake --build /home/melodse/ef_ws/src/build/unitree_description -- -j12 -l12
[0.046s] /usr/bin/cmake -S/home/melodse/ef_ws/src/unitree_description -B/home/melodse/ef_ws/src/build/unitree_description --check-build-system CMakeFiles/Makefile.cmake 0
[0.066s] /usr/bin/cmake -E cmake_progress_start /home/melodse/ef_ws/src/build/unitree_description/CMakeFiles /home/melodse/ef_ws/src/build/unitree_description//CMakeFiles/progress.marks
[0.077s] /usr/bin/gmake  -f CMakeFiles/Makefile2 all
[0.083s] gmake[1]: Entering directory '/home/melodse/ef_ws/src/build/unitree_description'
[0.084s] /usr/bin/gmake  -f python/CMakeFiles/unitree_description_compile_pyc__home_melodse_ef_ws_src_unitree_description_python.dir/build.make python/CMakeFiles/unitree_description_compile_pyc__home_melodse_ef_ws_src_unitree_description_python.dir/depend
[0.087s] gmake[2]: Entering directory '/home/melodse/ef_ws/src/build/unitree_description'
[0.087s] cd /home/melodse/ef_ws/src/build/unitree_description && /usr/bin/cmake -E cmake_depends "Unix Makefiles" /home/melodse/ef_ws/src/unitree_description /home/melodse/ef_ws/src/unitree_description/python /home/melodse/ef_ws/src/build/unitree_description /home/melodse/ef_ws/src/build/unitree_description/python /home/melodse/ef_ws/src/build/unitree_description/python/CMakeFiles/unitree_description_compile_pyc__home_melodse_ef_ws_src_unitree_description_python.dir/DependInfo.cmake "--color="
[0.103s] gmake[2]: Leaving directory '/home/melodse/ef_ws/src/build/unitree_description'
[0.103s] /usr/bin/gmake  -f python/CMakeFiles/unitree_description_compile_pyc__home_melodse_ef_ws_src_unitree_description_python.dir/build.make python/CMakeFiles/unitree_description_compile_pyc__home_melodse_ef_ws_src_unitree_description_python.dir/build
[0.105s] gmake[2]: Entering directory '/home/melodse/ef_ws/src/build/unitree_description'
[0.105s] cd /home/melodse/ef_ws/src/build/unitree_description/python && /usr/bin/cmake -E make_directory /home/melodse/ef_ws/src/build/unitree_description/python/unitree_description
[0.116s] cd /home/melodse/ef_ws/src/build/unitree_description/python && /usr/bin/python -c "import py_compile; py_compile.compile(\"/home/melodse/ef_ws/src/unitree_description/python/unitree_description/__init__.py\",\"/home/melodse/ef_ws/src/build/unitree_description/python/unitree_description/__init__.pyc\")"
[0.160s] cd /home/melodse/ef_ws/src/build/unitree_description/python && /usr/bin/cmake -E make_directory /home/melodse/ef_ws/src/build/unitree_description/python/unitree_description
[0.170s] cd /home/melodse/ef_ws/src/build/unitree_description/python && /usr/bin/python -c "import py_compile; py_compile.compile(\"/home/melodse/ef_ws/src/unitree_description/python/unitree_description/loader.py\",\"/home/melodse/ef_ws/src/build/unitree_description/python/unitree_description/loader.pyc\")"
[0.205s] gmake[2]: Leaving directory '/home/melodse/ef_ws/src/build/unitree_description'
[0.216s] Built target unitree_description_compile_pyc__home_melodse_ef_ws_src_unitree_description_python
[0.217s] gmake[1]: Leaving directory '/home/melodse/ef_ws/src/build/unitree_description'
[0.218s] /usr/bin/cmake -E cmake_progress_start /home/melodse/ef_ws/src/build/unitree_description/CMakeFiles 0
[0.305s] Invoked command in '/home/melodse/ef_ws/src/build/unitree_description' returned '0': CMAKE_PREFIX_PATH=${CMAKE_PREFIX_PATH}:/home/melodse/ef_ws/install:/home/melodse/ef_ws/install/g1_description:/opt/ros/jazzy /usr/bin/cmake --build /home/melodse/ef_ws/src/build/unitree_description -- -j12 -l12
[0.323s] Invoking command in '/home/melodse/ef_ws/src/build/unitree_description': CMAKE_PREFIX_PATH=${CMAKE_PREFIX_PATH}:/home/melodse/ef_ws/install:/home/melodse/ef_ws/install/g1_description:/opt/ros/jazzy /usr/bin/cmake --install /home/melodse/ef_ws/src/build/unitree_description
[0.337s] -- Install configuration: ""
[0.338s] -- Up-to-date: /home/melodse/ef_ws/src/install/unitree_description/include/unitree/description/config.hh
[0.339s] -- Up-to-date: /home/melodse/ef_ws/src/install/unitree_description/include/unitree/description/deprecated.hh
[0.340s] -- Up-to-date: /home/melodse/ef_ws/src/install/unitree_description/include/unitree/description/warning.hh
[0.341s] -- Up-to-date: /home/melodse/ef_ws/src/install/unitree_description/share/unitree_description/model
[0.341s] -- Up-to-date: /home/melodse/ef_ws/src/install/unitree_description/share/unitree_description/model/go2
[0.341s] -- Up-to-date: /home/melodse/ef_ws/src/install/unitree_description/share/unitree_description/model/go2/assets
[0.342s] -- Up-to-date: /home/melodse/ef_ws/src/install/unitree_description/share/unitree_description/model/go2/assets/visuals
[0.343s] -- Up-to-date: /home/melodse/ef_ws/src/install/unitree_description/share/unitree_description/model/go2/assets/visuals/hip.dae
[0.343s] -- Up-to-date: /home/melodse/ef_ws/src/install/unitree_description/share/unitree_description/model/go2/assets/visuals/base.dae
[0.344s] -- Up-to-date: /home/melodse/ef_ws/src/install/unitree_description/share/unitree_description/model/go2/assets/visuals/foot.dae
[0.344s] -- Up-to-date: /home/melodse/ef_ws/src/install/unitree_description/share/unitree_description/model/go2/assets/visuals/calf_mirror.dae
[0.345s] -- Up-to-date: /home/melodse/ef_ws/src/install/unitree_description/share/unitree_description/model/go2/assets/visuals/thigh.dae
[0.345s] -- Up-to-date: /home/melodse/ef_ws/src/install/unitree_description/share/unitree_description/model/go2/assets/visuals/calf.dae
[0.345s] -- Up-to-date: /home/melodse/ef_ws/src/install/unitree_description/share/unitree_description/model/go2/assets/visuals/thigh_mirror.dae
[0.346s] -- Up-to-date: /home/melodse/ef_ws/src/install/unitree_description/share/unitree_description/model/go2/assets/collisions
[0.346s] -- Up-to-date: /home/melodse/ef_ws/src/install/unitree_description/share/unitree_description/model/go2/assets/collisions/calf_lower_mirror_convex.stl
[0.347s] -- Up-to-date: /home/melodse/ef_ws/src/install/unitree_description/share/unitree_description/model/go2/assets/collisions/foot_convex.stl
[0.347s] -- Up-to-date: /home/melodse/ef_ws/src/install/unitree_description/share/unitree_description/model/go2/assets/collisions/thigh_convex.stl
[0.347s] -- Up-to-date: /home/melodse/ef_ws/src/install/unitree_description/share/unitree_description/model/go2/assets/collisions/thigh_mirror_convex.stl
[0.348s] -- Up-to-date: /home/melodse/ef_ws/src/install/unitree_description/share/unitree_description/model/go2/assets/collisions/base_convex.stl
[0.348s] -- Up-to-date: /home/melodse/ef_ws/src/install/unitree_description/share/unitree_description/model/go2/assets/collisions/calf_upper_convex.stl
[0.348s] -- Up-to-date: /home/melodse/ef_ws/src/install/unitree_description/share/unitree_description/model/go2/assets/collisions/hip_convex.stl
[0.348s] -- Up-to-date: /home/melodse/ef_ws/src/install/unitree_description/share/unitree_description/model/go2/assets/collisions/calf_upper_mirror_convex.stl
[0.348s] -- Up-to-date: /home/melodse/ef_ws/src/install/unitree_description/share/unitree_description/model/go2/assets/collisions/calf_lower_convex.stl
[0.349s] -- Up-to-date: /home/melodse/ef_ws/src/install/unitree_description/share/unitree_description/model/go2/go2.urdf
[0.349s] -- Up-to-date: /home/melodse/ef_ws/src/install/unitree_description/share/unitree_description/model/go2/go2.srdf
[0.349s] -- Up-to-date: /home/melodse/ef_ws/src/install/unitree_description/share/unitree_description/model/g1
[0.349s] -- Up-to-date: /home/melodse/ef_ws/src/install/unitree_description/share/unitree_description/model/g1/assets
[0.349s] -- Up-to-date: /home/melodse/ef_ws/src/install/unitree_description/share/unitree_description/model/g1/assets/visuals
[0.350s] -- Up-to-date: /home/melodse/ef_ws/src/install/unitree_description/share/unitree_description/model/g1/assets/visuals/right_elbow_link.STL
[0.350s] -- Up-to-date: /home/melodse/ef_ws/src/install/unitree_description/share/unitree_description/model/g1/assets/visuals/logo_link.STL
[0.350s] -- Up-to-date: /home/melodse/ef_ws/src/install/unitree_description/share/unitree_description/model/g1/assets/visuals/left_rubber_hand.STL
[0.350s] -- Up-to-date: /home/melodse/ef_ws/src/install/unitree_description/share/unitree_description/model/g1/assets/visuals/left_shoulder_roll_link.STL
[0.350s] -- Up-to-date: /home/melodse/ef_ws/src/install/unitree_description/share/unitree_description/model/g1/assets/visuals/left_wrist_yaw_link.STL
[0.351s] -- Up-to-date: /home/melodse/ef_ws/src/install/unitree_description/share/unitree_description/model/g1/assets/visuals/right_hip_yaw_link.STL
[0.351s] -- Up-to-date: /home/melodse/ef_ws/src/install/unitree_description/share/unitree_description/model/g1/assets/visuals/right_ankle_pitch_link.STL
[0.351s] -- Up-to-date: /home/melodse/ef_ws/src/install/unitree_description/share/unitree_description/model/g1/assets/visuals/waist_yaw_link_rev_1_0.STL
[0.351s] -- Up-to-date: /home/melodse/ef_ws/src/install/unitree_description/share/unitree_description/model/g1/assets/visuals/right_shoulder_pitch_link.STL
[0.351s] -- Up-to-date: /home/melodse/ef_ws/src/install/unitree_description/share/unitree_description/model/g1/assets/visuals/left_shoulder_yaw_link.STL
[0.351s] -- Up-to-date: /home/melodse/ef_ws/src/install/unitree_description/share/unitree_description/model/g1/assets/visuals/right_knee_link.STL
[0.351s] -- Up-to-date: /home/melodse/ef_ws/src/install/unitree_description/share/unitree_description/model/g1/assets/visuals/right_rubber_hand.STL
[0.351s] -- Up-to-date: /home/melodse/ef_ws/src/install/unitree_description/share/unitree_description/model/g1/assets/visuals/torso_link_rev_1_0.STL
[0.352s] -- Up-to-date: /home/melodse/ef_ws/src/install/unitree_description/share/unitree_description/model/g1/assets/visuals/left_shoulder_pitch_link.STL
[0.352s] -- Up-to-date: /home/melodse/ef_ws/src/install/unitree_description/share/unitree_description/model/g1/assets/visuals/right_wrist_roll_link.STL
[0.352s] -- Up-to-date: /home/melodse/ef_ws/src/install/unitree_description/share/unitree_description/model/g1/assets/visuals/right_wrist_pitch_link.STL
[0.352s] -- Up-to-date: /home/melodse/ef_ws/src/install/unitree_description/share/unitree_description/model/g1/assets/visuals/right_shoulder_yaw_link.STL
[0.352s] -- Up-to-date: /home/melodse/ef_ws/src/install/unitree_description/share/unitree_description/model/g1/assets/visuals/left_hip_yaw_link.STL
[0.352s] -- Up-to-date: /home/melodse/ef_ws/src/install/unitree_description/share/unitree_description/model/g1/assets/visuals/head_link.STL
[0.352s] -- Up-to-date: /home/melodse/ef_ws/src/install/unitree_description/share/unitree_description/model/g1/assets/visuals/left_elbow_link.STL
[0.352s] -- Up-to-date: /home/melodse/ef_ws/src/install/unitree_description/share/unitree_description/model/g1/assets/visuals/right_ankle_roll_link.STL
[0.352s] -- Up-to-date: /home/melodse/ef_ws/src/install/unitree_description/share/unitree_description/model/g1/assets/visuals/pelvis.STL
[0.352s] -- Up-to-date: /home/melodse/ef_ws/src/install/unitree_description/share/unitree_description/model/g1/assets/visuals/left_wrist_pitch_link.STL
[0.352s] -- Up-to-date: /home/melodse/ef_ws/src/install/unitree_description/share/unitree_description/model/g1/assets/visuals/right_wrist_yaw_link.STL
[0.352s] -- Up-to-date: /home/melodse/ef_ws/src/install/unitree_description/share/unitree_description/model/g1/assets/visuals/right_hip_pitch_link.STL
[0.352s] -- Up-to-date: /home/melodse/ef_ws/src/install/unitree_description/share/unitree_description/model/g1/assets/visuals/right_shoulder_roll_link.STL
[0.352s] -- Up-to-date: /home/melodse/ef_ws/src/install/unitree_description/share/unitree_description/model/g1/assets/visuals/left_knee_link.STL
[0.352s] -- Up-to-date: /home/melodse/ef_ws/src/install/unitree_description/share/unitree_description/model/g1/assets/visuals/right_hip_roll_link.STL
[0.352s] -- Up-to-date: /home/melodse/ef_ws/src/install/unitree_description/share/unitree_description/model/g1/assets/visuals/left_ankle_pitch_link.STL
[0.352s] -- Up-to-date: /home/melodse/ef_ws/src/install/unitree_description/share/unitree_description/model/g1/assets/visuals/left_hip_pitch_link.STL
[0.352s] -- Up-to-date: /home/melodse/ef_ws/src/install/unitree_description/share/unitree_description/model/g1/assets/visuals/waist_roll_link_rev_1_0.STL
[0.352s] -- Up-to-date: /home/melodse/ef_ws/src/install/unitree_description/share/unitree_description/model/g1/assets/visuals/left_ankle_roll_link.STL
[0.353s] -- Up-to-date: /home/melodse/ef_ws/src/install/unitree_description/share/unitree_description/model/g1/assets/visuals/pelvis_contour_link.STL
[0.353s] -- Up-to-date: /home/melodse/ef_ws/src/install/unitree_description/share/unitree_description/model/g1/assets/visuals/left_hip_roll_link.STL
[0.353s] -- Up-to-date: /home/melodse/ef_ws/src/install/unitree_description/share/unitree_description/model/g1/assets/visuals/left_wrist_roll_link.STL
[0.353s] -- Up-to-date: /home/melodse/ef_ws/src/install/unitree_description/share/unitree_description/model/g1/assets/collisions
[0.353s] -- Up-to-date: /home/melodse/ef_ws/src/install/unitree_description/share/unitree_description/model/g1/assets/collisions/left_shoulder_roll_link_collision.STL
[0.353s] -- Up-to-date: /home/melodse/ef_ws/src/install/unitree_description/share/unitree_description/model/g1/assets/collisions/right_shoulder_pitch_link_collision.STL
[0.353s] -- Up-to-date: /home/melodse/ef_ws/src/install/unitree_description/share/unitree_description/model/g1/assets/collisions/left_knee_link_collision.STL
[0.353s] -- Up-to-date: /home/melodse/ef_ws/src/install/unitree_description/share/unitree_description/model/g1/assets/collisions/right_shoulder_roll_link_collision.STL
[0.353s] -- Up-to-date: /home/melodse/ef_ws/src/install/unitree_description/share/unitree_description/model/g1/assets/collisions/logo_link_collision.STL
[0.353s] -- Up-to-date: /home/melodse/ef_ws/src/install/unitree_description/share/unitree_description/model/g1/assets/collisions/left_wrist_roll_link_collision.STL
[0.353s] -- Up-to-date: /home/melodse/ef_ws/src/install/unitree_description/share/unitree_description/model/g1/assets/collisions/right_elbow_link_collision.STL
[0.353s] -- Up-to-date: /home/melodse/ef_ws/src/install/unitree_description/share/unitree_description/model/g1/assets/collisions/left_hip_pitch_link_collision.STL
[0.354s] -- Up-to-date: /home/melodse/ef_ws/src/install/unitree_description/share/unitree_description/model/g1/assets/collisions/right_wrist_hand_collision.STL
[0.354s] -- Up-to-date: /home/melodse/ef_ws/src/install/unitree_description/share/unitree_description/model/g1/assets/collisions/head_link_collision.STL
[0.354s] -- Up-to-date: /home/melodse/ef_ws/src/install/unitree_description/share/unitree_description/model/g1/assets/collisions/right_ankle_roll_link_collision.STL
[0.354s] -- Up-to-date: /home/melodse/ef_ws/src/install/unitree_description/share/unitree_description/model/g1/assets/collisions/left_shoulder_pitch_link_collision.STL
[0.354s] -- Up-to-date: /home/melodse/ef_ws/src/install/unitree_description/share/unitree_description/model/g1/assets/collisions/torso_waist_roll_pitch_collision.STL
[0.354s] -- Up-to-date: /home/melodse/ef_ws/src/install/unitree_description/share/unitree_description/model/g1/assets/collisions/pelvis_collision.STL
[0.355s] -- Up-to-date: /home/melodse/ef_ws/src/install/unitree_description/share/unitree_description/model/g1/assets/collisions/left_wrist_hand_collision.STL
[0.355s] -- Up-to-date: /home/melodse/ef_ws/src/install/unitree_description/share/unitree_description/model/g1/assets/collisions/left_shoulder_yaw_link_collision.STL
[0.355s] -- Up-to-date: /home/melodse/ef_ws/src/install/unitree_description/share/unitree_description/model/g1/assets/collisions/left_ankle_roll_link_collision.STL
[0.355s] -- Up-to-date: /home/melodse/ef_ws/src/install/unitree_description/share/unitree_description/model/g1/assets/collisions/left_hip_yaw_link_collision.STL
[0.355s] -- Up-to-date: /home/melodse/ef_ws/src/install/unitree_description/share/unitree_description/model/g1/assets/collisions/left_elbow_link_collision.STL
[0.355s] -- Up-to-date: /home/melodse/ef_ws/src/install/unitree_description/share/unitree_description/model/g1/assets/collisions/left_wrist_pitch_link_collision.STL
[0.355s] -- Up-to-date: /home/melodse/ef_ws/src/install/unitree_description/share/unitree_description/model/g1/assets/collisions/right_wrist_roll_link_collision.STL
[0.355s] -- Up-to-date: /home/melodse/ef_ws/src/install/unitree_description/share/unitree_description/model/g1/assets/collisions/right_shoulder_yaw_link_collision.STL
[0.356s] -- Up-to-date: /home/melodse/ef_ws/src/install/unitree_description/share/unitree_description/model/g1/assets/collisions/right_wrist_pitch_link_collision.STL
[0.356s] -- Up-to-date: /home/melodse/ef_ws/src/install/unitree_description/share/unitree_description/model/g1/assets/collisions/right_hip_yaw_link_collision.STL
[0.356s] -- Up-to-date: /home/melodse/ef_ws/src/install/unitree_description/share/unitree_description/model/g1/assets/collisions/right_hip_pitch_link_collision.STL
[0.356s] -- Up-to-date: /home/melodse/ef_ws/src/install/unitree_description/share/unitree_description/model/g1/assets/collisions/right_hip_roll_link_collision.STL
[0.356s] -- Up-to-date: /home/melodse/ef_ws/src/install/unitree_description/share/unitree_description/model/g1/assets/collisions/right_knee_link_collision.STL
[0.356s] -- Up-to-date: /home/melodse/ef_ws/src/install/unitree_description/share/unitree_description/model/g1/assets/collisions/left_hip_roll_link_collision.STL
[0.356s] -- Up-to-date: /home/melodse/ef_ws/src/install/unitree_description/share/unitree_description/model/g1/g1.srdf
[0.356s] -- Up-to-date: /home/melodse/ef_ws/src/install/unitree_description/share/unitree_description/model/g1/g1.urdf
[0.356s] -- Up-to-date: /home/melodse/ef_ws/src/install/unitree_description/share/unitree_description/launch
[0.356s] -- Up-to-date: /home/melodse/ef_ws/src/install/unitree_description/share/unitree_description/launch/go2_rviz.launch.py
[0.356s] -- Up-to-date: /home/melodse/ef_ws/src/install/unitree_description/share/unitree_description/launch/rviz_go2.launch.py
[0.357s] -- Up-to-date: /home/melodse/ef_ws/src/install/unitree_description/share/unitree_description/launch/__pycache__
[0.357s] -- Up-to-date: /home/melodse/ef_ws/src/install/unitree_description/share/unitree_description/launch/__pycache__/rviz_go2.launch.cpython-312.pyc
[0.357s] -- Up-to-date: /home/melodse/ef_ws/src/install/unitree_description/share/unitree_description/rviz
[0.357s] -- Up-to-date: /home/melodse/ef_ws/src/install/unitree_description/share/unitree_description/rviz/go2.rviz
[0.357s] -- Up-to-date: /home/melodse/ef_ws/src/install/unitree_description/lib/python3.12/site-packages/unitree_description/__init__.py
[0.357s] -- Up-to-date: /home/melodse/ef_ws/src/install/unitree_description/lib/python3.12/site-packages/unitree_description/loader.py
[0.357s] -- Up-to-date: /home/melodse/ef_ws/src/install/unitree_description/lib/python3.12/site-packages/unitree_description/path.py
[0.358s] -- Up-to-date: /home/melodse/ef_ws/src/install/unitree_description/lib/pkgconfig/unitree_description.pc
[0.358s] -- Up-to-date: /home/melodse/ef_ws/src/install/unitree_description/share/ament_index/resource_index/packages/unitree_description
[0.358s] -- Up-to-date: /home/melodse/ef_ws/src/install/unitree_description/share/unitree_description/hook/ament_prefix_path.dsv
[0.358s] -- Up-to-date: /home/melodse/ef_ws/src/install/unitree_description/share/unitree_description/hook/python_path.dsv
[0.358s] -- Up-to-date: /home/melodse/ef_ws/src/install/unitree_description/share/unitree_description/package.xml
[0.359s] -- Up-to-date: /home/melodse/ef_ws/src/install/unitree_description/lib/cmake/unitree_description/unitree_descriptionConfig.cmake
[0.359s] -- Up-to-date: /home/melodse/ef_ws/src/install/unitree_description/lib/cmake/unitree_description/unitree_descriptionConfigVersion.cmake
[0.359s] -- Up-to-date: /home/melodse/ef_ws/src/install/unitree_description/lib/cmake/unitree_description/unitree_descriptionTargets.cmake
[0.359s] -- Up-to-date: /home/melodse/ef_ws/src/install/unitree_description/lib/pkgconfig/unitree_description.pc
[0.359s] -- Up-to-date: /home/melodse/ef_ws/src/install/unitree_description/share/ament_index/resource_index/packages/unitree_description
[0.359s] -- Up-to-date: /home/melodse/ef_ws/src/install/unitree_description/share/unitree_description/hook/ament_prefix_path.dsv
[0.359s] -- Up-to-date: /home/melodse/ef_ws/src/install/unitree_description/share/unitree_description/hook/python_path.dsv
[0.359s] -- Up-to-date: /home/melodse/ef_ws/src/install/unitree_description/share/unitree_description/package.xml
[0.360s] -- Up-to-date: /home/melodse/ef_ws/src/install/unitree_description/lib/cmake/unitree_description/unitree_descriptionConfig.cmake
[0.360s] -- Up-to-date: /home/melodse/ef_ws/src/install/unitree_description/lib/cmake/unitree_description/unitree_descriptionConfigVersion.cmake
[0.360s] -- Up-to-date: /home/melodse/ef_ws/src/install/unitree_description/lib/cmake/unitree_description/unitree_descriptionTargets.cmake
[0.361s] Invoked command in '/home/melodse/ef_ws/src/build/unitree_description' returned '0': CMAKE_PREFIX_PATH=${CMAKE_PREFIX_PATH}:/home/melodse/ef_ws/install:/home/melodse/ef_ws/install/g1_description:/opt/ros/jazzy /usr/bin/cmake --install /home/melodse/ef_ws/src/build/unitree_description
