[1.958s] Invoking command in '/home/melodse/ef_ws/src/g1_rviz_simulation': CMAKE_PREFIX_PATH=/home/melodse/ef_ws/src/install/unitree_description:${CMAKE_PREFIX_PATH} PKG_CONFIG_PATH=/home/melodse/ef_ws/src/install/unitree_description/lib/x86_64-linux-gnu/pkgconfig:/home/melodse/ef_ws/src/install/unitree_description/lib/pkgconfig:${PKG_CONFIG_PATH} PYTHONPATH=/home/melodse/ef_ws/src/build/g1_description/prefix_override:/usr/lib/python3/dist-packages/colcon_core/task/python/colcon_distutils_commands:/home/melodse/ef_ws/src/install/g1_description/lib/python3.12/site-packages:/home/melodse/ef_ws/src/install/unitree_description/lib/python3.12/site-packages:${PYTHONPATH} /usr/bin/python3 -W ignore:setup.py install is deprecated -W ignore:easy_install command is deprecated setup.py egg_info --egg-base ../../../../src/build/g1_description build --build-base /home/melodse/ef_ws/src/build/g1_description/build install --record /home/melodse/ef_ws/src/build/g1_description/install.log --single-version-externally-managed install_data
[2.474s] running egg_info
[2.474s] creating ../../../../src/build/g1_description/g1_description.egg-info
[2.510s] writing ../../../../src/build/g1_description/g1_description.egg-info/PKG-INFO
[2.511s] writing dependency_links to ../../../../src/build/g1_description/g1_description.egg-info/dependency_links.txt
[2.511s] writing entry points to ../../../../src/build/g1_description/g1_description.egg-info/entry_points.txt
[2.511s] writing requirements to ../../../../src/build/g1_description/g1_description.egg-info/requires.txt
[2.512s] writing top-level names to ../../../../src/build/g1_description/g1_description.egg-info/top_level.txt
[2.512s] writing manifest file '../../../../src/build/g1_description/g1_description.egg-info/SOURCES.txt'
[2.602s] reading manifest file '../../../../src/build/g1_description/g1_description.egg-info/SOURCES.txt'
[2.605s] writing manifest file '../../../../src/build/g1_description/g1_description.egg-info/SOURCES.txt'
[2.606s] running build
[2.606s] running build_py
[2.607s] creating /home/melodse/ef_ws/src/build/g1_description/build
[2.607s] creating /home/melodse/ef_ws/src/build/g1_description/build/lib
[2.607s] creating /home/melodse/ef_ws/src/build/g1_description/build/lib/g1_description
[2.607s] copying g1_description/demo_joint_motion.py -> /home/melodse/ef_ws/src/build/g1_description/build/lib/g1_description
[2.607s] copying g1_description/rviz_joint_motion.py -> /home/melodse/ef_ws/src/build/g1_description/build/lib/g1_description
[2.608s] copying g1_description/__init__.py -> /home/melodse/ef_ws/src/build/g1_description/build/lib/g1_description
[2.608s] copying g1_description/lowstate_jointstate_bridge.py -> /home/melodse/ef_ws/src/build/g1_description/build/lib/g1_description
[2.609s] running install
[2.624s] running install_lib
[2.655s] creating /home/melodse/ef_ws/src/install/g1_description/lib/python3.12/site-packages/g1_description
[2.655s] copying /home/melodse/ef_ws/src/build/g1_description/build/lib/g1_description/demo_joint_motion.py -> /home/melodse/ef_ws/src/install/g1_description/lib/python3.12/site-packages/g1_description
[2.656s] copying /home/melodse/ef_ws/src/build/g1_description/build/lib/g1_description/rviz_joint_motion.py -> /home/melodse/ef_ws/src/install/g1_description/lib/python3.12/site-packages/g1_description
[2.656s] copying /home/melodse/ef_ws/src/build/g1_description/build/lib/g1_description/__init__.py -> /home/melodse/ef_ws/src/install/g1_description/lib/python3.12/site-packages/g1_description
[2.656s] copying /home/melodse/ef_ws/src/build/g1_description/build/lib/g1_description/lowstate_jointstate_bridge.py -> /home/melodse/ef_ws/src/install/g1_description/lib/python3.12/site-packages/g1_description
[2.657s] byte-compiling /home/melodse/ef_ws/src/install/g1_description/lib/python3.12/site-packages/g1_description/demo_joint_motion.py to demo_joint_motion.cpython-312.pyc
[2.660s] byte-compiling /home/melodse/ef_ws/src/install/g1_description/lib/python3.12/site-packages/g1_description/rviz_joint_motion.py to rviz_joint_motion.cpython-312.pyc
[2.661s] byte-compiling /home/melodse/ef_ws/src/install/g1_description/lib/python3.12/site-packages/g1_description/__init__.py to __init__.cpython-312.pyc
[2.661s] byte-compiling /home/melodse/ef_ws/src/install/g1_description/lib/python3.12/site-packages/g1_description/lowstate_jointstate_bridge.py to lowstate_jointstate_bridge.cpython-312.pyc
[2.664s] running install_data
[2.664s] creating /home/melodse/ef_ws/src/install/g1_description/share/ament_index
[2.664s] creating /home/melodse/ef_ws/src/install/g1_description/share/ament_index/resource_index
[2.665s] creating /home/melodse/ef_ws/src/install/g1_description/share/ament_index/resource_index/packages
[2.665s] copying resource/g1_description -> /home/melodse/ef_ws/src/install/g1_description/share/ament_index/resource_index/packages
[2.666s] copying package.xml -> /home/melodse/ef_ws/src/install/g1_description/share/g1_description
[2.666s] creating /home/melodse/ef_ws/src/install/g1_description/share/g1_description/launch
[2.666s] copying launch/rviz_sim.launch.py -> /home/melodse/ef_ws/src/install/g1_description/share/g1_description/launch
[2.666s] copying launch/robot_state_publisher.launch.py -> /home/melodse/ef_ws/src/install/g1_description/share/g1_description/launch
[2.667s] creating /home/melodse/ef_ws/src/install/g1_description/share/g1_description/rviz
[2.667s] copying rviz/g1.rviz -> /home/melodse/ef_ws/src/install/g1_description/share/g1_description/rviz
[2.667s] creating /home/melodse/ef_ws/src/install/g1_description/share/g1_description/urdf
[2.668s] copying urdf/g1_29dof_with_hand_rev_1_0_pkg.urdf -> /home/melodse/ef_ws/src/install/g1_description/share/g1_description/urdf
[2.669s] creating /home/melodse/ef_ws/src/install/g1_description/share/g1_description/meshes
[2.669s] copying meshes/right_elbow_link.STL -> /home/melodse/ef_ws/src/install/g1_description/share/g1_description/meshes
[2.670s] copying meshes/logo_link.STL -> /home/melodse/ef_ws/src/install/g1_description/share/g1_description/meshes
[2.672s] copying meshes/left_palm_force_sensor.STL -> /home/melodse/ef_ws/src/install/g1_description/share/g1_description/meshes
[2.682s] copying meshes/dex1_col_1.stl -> /home/melodse/ef_ws/src/install/g1_description/share/g1_description/meshes
[2.683s] copying meshes/left_middle_2.STL -> /home/melodse/ef_ws/src/install/g1_description/share/g1_description/meshes
[2.686s] copying meshes/right_ring_force_sensor_3.STL -> /home/melodse/ef_ws/src/install/g1_description/share/g1_description/meshes
[2.687s] copying meshes/right_wrist_yaw_link_5010.STL -> /home/melodse/ef_ws/src/install/g1_description/share/g1_description/meshes
[2.692s] copying meshes/left_rubber_hand.STL -> /home/melodse/ef_ws/src/install/g1_description/share/g1_description/meshes
[2.708s] copying meshes/left_shoulder_roll_link.STL -> /home/melodse/ef_ws/src/install/g1_description/share/g1_description/meshes
[2.710s] copying meshes/right_hand_index_1_link.STL -> /home/melodse/ef_ws/src/install/g1_description/share/g1_description/meshes
[2.717s] copying meshes/left_wrist_yaw_link.STL -> /home/melodse/ef_ws/src/install/g1_description/share/g1_description/meshes
[2.719s] copying meshes/left_index_force_sensor_3.STL -> /home/melodse/ef_ws/src/install/g1_description/share/g1_description/meshes
[2.720s] copying meshes/left_little_1.STL -> /home/melodse/ef_ws/src/install/g1_description/share/g1_description/meshes
[2.724s] copying meshes/right_hip_yaw_link.STL -> /home/melodse/ef_ws/src/install/g1_description/share/g1_description/meshes
[2.726s] copying meshes/right_ankle_pitch_link.STL -> /home/melodse/ef_ws/src/install/g1_description/share/g1_description/meshes
[2.726s] copying meshes/left_middle_force_sensor_3.STL -> /home/melodse/ef_ws/src/install/g1_description/share/g1_description/meshes
[2.727s] copying meshes/dex1_col_2.stl -> /home/melodse/ef_ws/src/install/g1_description/share/g1_description/meshes
[2.728s] copying meshes/waist_support_link.STL -> /home/melodse/ef_ws/src/install/g1_description/share/g1_description/meshes
[2.730s] copying meshes/torso_constraint_R_link.STL -> /home/melodse/ef_ws/src/install/g1_description/share/g1_description/meshes
[2.731s] copying meshes/Link16_L.STL -> /home/melodse/ef_ws/src/install/g1_description/share/g1_description/meshes
[2.733s] copying meshes/waist_constraint_R.STL -> /home/melodse/ef_ws/src/install/g1_description/share/g1_description/meshes
[2.734s] copying meshes/left_thumb_force_sensor_2.STL -> /home/melodse/ef_ws/src/install/g1_description/share/g1_description/meshes
[2.735s] copying meshes/d455_link.STL -> /home/melodse/ef_ws/src/install/g1_description/share/g1_description/meshes
[2.746s] copying meshes/left_little_2.STL -> /home/melodse/ef_ws/src/install/g1_description/share/g1_description/meshes
[2.749s] copying meshes/right_middle_force_sensor_2.STL -> /home/melodse/ef_ws/src/install/g1_description/share/g1_description/meshes
[2.752s] copying meshes/left_little_force_sensor_2.STL -> /home/melodse/ef_ws/src/install/g1_description/share/g1_description/meshes
[2.755s] copying meshes/Dex1_finger_link_2.STL -> /home/melodse/ef_ws/src/install/g1_description/share/g1_description/meshes
[2.757s] copying meshes/waist_yaw_link_rev_1_0.STL -> /home/melodse/ef_ws/src/install/g1_description/share/g1_description/meshes
[2.761s] copying meshes/left_hand_thumb_1_link.STL -> /home/melodse/ef_ws/src/install/g1_description/share/g1_description/meshes
[2.765s] copying meshes/right_shoulder_pitch_link.STL -> /home/melodse/ef_ws/src/install/g1_description/share/g1_description/meshes
[2.766s] copying meshes/left_shoulder_yaw_link.STL -> /home/melodse/ef_ws/src/install/g1_description/share/g1_description/meshes
[2.768s] copying meshes/left_little_force_sensor_3.STL -> /home/melodse/ef_ws/src/install/g1_description/share/g1_description/meshes
[2.768s] copying meshes/right_base_link.STL -> /home/melodse/ef_ws/src/install/g1_description/share/g1_description/meshes
[2.803s] copying meshes/left_index_2.STL -> /home/melodse/ef_ws/src/install/g1_description/share/g1_description/meshes
[2.806s] copying meshes/left_wrist_roll_rubber_hand.STL -> /home/melodse/ef_ws/src/install/g1_description/share/g1_description/meshes
[2.827s] copying meshes/right_thumb_force_sensor_2.STL -> /home/melodse/ef_ws/src/install/g1_description/share/g1_description/meshes
[2.829s] copying meshes/right_thumb_1.STL -> /home/melodse/ef_ws/src/install/g1_description/share/g1_description/meshes
[2.830s] copying meshes/left_middle_1.STL -> /home/melodse/ef_ws/src/install/g1_description/share/g1_description/meshes
[2.834s] copying meshes/Link22_R.STL -> /home/melodse/ef_ws/src/install/g1_description/share/g1_description/meshes
[2.837s] copying meshes/right_hand_palm_link.STL -> /home/melodse/ef_ws/src/install/g1_description/share/g1_description/meshes
[2.858s] copying meshes/right_index_force_sensor_3.STL -> /home/melodse/ef_ws/src/install/g1_description/share/g1_description/meshes
[2.858s] copying meshes/right_knee_link.STL -> /home/melodse/ef_ws/src/install/g1_description/share/g1_description/meshes
[2.864s] copying meshes/right_rubber_hand.STL -> /home/melodse/ef_ws/src/install/g1_description/share/g1_description/meshes
[2.878s] copying meshes/Link11_L.STL -> /home/melodse/ef_ws/src/install/g1_description/share/g1_description/meshes
[2.878s] copying meshes/torso_link_rev_1_0.STL -> /home/melodse/ef_ws/src/install/g1_description/share/g1_description/meshes
[2.892s] copying meshes/waist_constraint_L.STL -> /home/melodse/ef_ws/src/install/g1_description/share/g1_description/meshes
[2.893s] copying meshes/left_middle_force_sensor_1.STL -> /home/melodse/ef_ws/src/install/g1_description/share/g1_description/meshes
[2.896s] copying meshes/right_little_force_sensor_2.STL -> /home/melodse/ef_ws/src/install/g1_description/share/g1_description/meshes
[2.898s] copying meshes/right_hand_thumb_1_link.STL -> /home/melodse/ef_ws/src/install/g1_description/share/g1_description/meshes
[2.901s] copying meshes/left_shoulder_pitch_link.STL -> /home/melodse/ef_ws/src/install/g1_description/share/g1_description/meshes
[2.902s] copying meshes/right_middle_force_sensor_1.STL -> /home/melodse/ef_ws/src/install/g1_description/share/g1_description/meshes
[2.904s] copying meshes/right_thumb_3.STL -> /home/melodse/ef_ws/src/install/g1_description/share/g1_description/meshes
[2.906s] copying meshes/torso_constraint_R_rod_link.STL -> /home/melodse/ef_ws/src/install/g1_description/share/g1_description/meshes
[2.907s] copying meshes/right_wrist_roll_link_5010.STL -> /home/melodse/ef_ws/src/install/g1_description/share/g1_description/meshes
[2.911s] copying meshes/right_index_1.STL -> /home/melodse/ef_ws/src/install/g1_description/share/g1_description/meshes
[2.916s] copying meshes/Link13_R.STL -> /home/melodse/ef_ws/src/install/g1_description/share/g1_description/meshes
[2.919s] copying meshes/Link17_R.STL -> /home/melodse/ef_ws/src/install/g1_description/share/g1_description/meshes
[2.921s] copying meshes/right_wrist_roll_link.STL -> /home/melodse/ef_ws/src/install/g1_description/share/g1_description/meshes
[2.923s] copying meshes/left_middle_force_sensor_2.STL -> /home/melodse/ef_ws/src/install/g1_description/share/g1_description/meshes
[2.925s] copying meshes/right_little_force_sensor_3.STL -> /home/melodse/ef_ws/src/install/g1_description/share/g1_description/meshes
[2.926s] copying meshes/Link12_L.STL -> /home/melodse/ef_ws/src/install/g1_description/share/g1_description/meshes
[2.931s] copying meshes/right_index_force_sensor_2.STL -> /home/melodse/ef_ws/src/install/g1_description/share/g1_description/meshes
[2.933s] copying meshes/Dex1_base_link.STL -> /home/melodse/ef_ws/src/install/g1_description/share/g1_description/meshes
[2.946s] copying meshes/waist_roll_link.STL -> /home/melodse/ef_ws/src/install/g1_description/share/g1_description/meshes
[2.947s] copying meshes/right_ring_force_sensor_2.STL -> /home/melodse/ef_ws/src/install/g1_description/share/g1_description/meshes
[2.949s] copying meshes/torso_link.STL -> /home/melodse/ef_ws/src/install/g1_description/share/g1_description/meshes
[2.963s] copying meshes/right_index_2.STL -> /home/melodse/ef_ws/src/install/g1_description/share/g1_description/meshes
[2.965s] copying meshes/left_ring_1.STL -> /home/melodse/ef_ws/src/install/g1_description/share/g1_description/meshes
[2.969s] copying meshes/left_thumb_1.STL -> /home/melodse/ef_ws/src/install/g1_description/share/g1_description/meshes
[2.969s] copying meshes/right_wrist_pitch_link.STL -> /home/melodse/ef_ws/src/install/g1_description/share/g1_description/meshes
[2.970s] copying meshes/Link13_L.STL -> /home/melodse/ef_ws/src/install/g1_description/share/g1_description/meshes
[2.972s] copying meshes/left_hand_palm_link.STL -> /home/melodse/ef_ws/src/install/g1_description/share/g1_description/meshes
[2.985s] copying meshes/right_shoulder_yaw_link.STL -> /home/melodse/ef_ws/src/install/g1_description/share/g1_description/meshes
[2.986s] copying meshes/left_hip_yaw_link.STL -> /home/melodse/ef_ws/src/install/g1_description/share/g1_description/meshes
[2.989s] copying meshes/right_little_2.STL -> /home/melodse/ef_ws/src/install/g1_description/share/g1_description/meshes
[2.998s] copying meshes/left_base_link.STL -> /home/melodse/ef_ws/src/install/g1_description/share/g1_description/meshes
[3.020s] copying meshes/left_hand_index_1_link.STL -> /home/melodse/ef_ws/src/install/g1_description/share/g1_description/meshes
[3.028s] copying meshes/left_index_force_sensor_2.STL -> /home/melodse/ef_ws/src/install/g1_description/share/g1_description/meshes
[3.030s] copying meshes/right_thumb_2.STL -> /home/melodse/ef_ws/src/install/g1_description/share/g1_description/meshes
[3.035s] copying meshes/Link20_L.STL -> /home/melodse/ef_ws/src/install/g1_description/share/g1_description/meshes
[3.037s] copying meshes/left_hand_thumb_2_link.STL -> /home/melodse/ef_ws/src/install/g1_description/share/g1_description/meshes
[3.053s] copying meshes/left_wrist_yaw_link_5010.STL -> /home/melodse/ef_ws/src/install/g1_description/share/g1_description/meshes
[3.057s] copying meshes/left_hand_middle_0_link.STL -> /home/melodse/ef_ws/src/install/g1_description/share/g1_description/meshes
[3.060s] copying meshes/Link14_L.STL -> /home/melodse/ef_ws/src/install/g1_description/share/g1_description/meshes
[3.063s] copying meshes/R_hand_base_link.STL -> /home/melodse/ef_ws/src/install/g1_description/share/g1_description/meshes
[3.072s] copying meshes/left_thumb_3.STL -> /home/melodse/ef_ws/src/install/g1_description/share/g1_description/meshes
[3.075s] copying meshes/Link16_R.STL -> /home/melodse/ef_ws/src/install/g1_description/share/g1_description/meshes
[3.077s] copying meshes/right_middle_2.STL -> /home/melodse/ef_ws/src/install/g1_description/share/g1_description/meshes
[3.080s] copying meshes/Dex1_finger_link_1.STL -> /home/melodse/ef_ws/src/install/g1_description/share/g1_description/meshes
[3.082s] copying meshes/Link14_R.STL -> /home/melodse/ef_ws/src/install/g1_description/share/g1_description/meshes
[3.083s] copying meshes/left_wrist_roll_link_5010.STL -> /home/melodse/ef_ws/src/install/g1_description/share/g1_description/meshes
[3.089s] copying meshes/head_link.STL -> /home/melodse/ef_ws/src/install/g1_description/share/g1_description/meshes
[3.094s] copying meshes/head_servo_link.STL -> /home/melodse/ef_ws/src/install/g1_description/share/g1_description/meshes
[3.099s] copying meshes/right_middle_1.STL -> /home/melodse/ef_ws/src/install/g1_description/share/g1_description/meshes
[3.103s] copying meshes/Link22_L.STL -> /home/melodse/ef_ws/src/install/g1_description/share/g1_description/meshes
[3.105s] copying meshes/right_hand_middle_1_link.STL -> /home/melodse/ef_ws/src/install/g1_description/share/g1_description/meshes
[3.112s] copying meshes/right_hand_thumb_2_link.STL -> /home/melodse/ef_ws/src/install/g1_description/share/g1_description/meshes
[3.122s] copying meshes/torso_constraint_L_link.STL -> /home/melodse/ef_ws/src/install/g1_description/share/g1_description/meshes
[3.123s] copying meshes/right_little_force_sensor_1.STL -> /home/melodse/ef_ws/src/install/g1_description/share/g1_description/meshes
[3.126s] copying meshes/left_elbow_link.STL -> /home/melodse/ef_ws/src/install/g1_description/share/g1_description/meshes
[3.126s] copying meshes/left_ring_force_sensor_1.STL -> /home/melodse/ef_ws/src/install/g1_description/share/g1_description/meshes
[3.129s] copying meshes/left_thumb_force_sensor_3.STL -> /home/melodse/ef_ws/src/install/g1_description/share/g1_description/meshes
[3.131s] copying meshes/torso_constraint_L_rod_link.STL -> /home/melodse/ef_ws/src/install/g1_description/share/g1_description/meshes
[3.132s] copying meshes/right_thumb_4.STL -> /home/melodse/ef_ws/src/install/g1_description/share/g1_description/meshes
[3.135s] copying meshes/L_hand_base_link.STL -> /home/melodse/ef_ws/src/install/g1_description/share/g1_description/meshes
[3.141s] copying meshes/Link17_L.STL -> /home/melodse/ef_ws/src/install/g1_description/share/g1_description/meshes
[3.143s] copying meshes/right_ring_force_sensor_1.STL -> /home/melodse/ef_ws/src/install/g1_description/share/g1_description/meshes
[3.145s] copying meshes/right_wrist_pitch_link_5010.STL -> /home/melodse/ef_ws/src/install/g1_description/share/g1_description/meshes
[3.146s] copying meshes/left_ring_2.STL -> /home/melodse/ef_ws/src/install/g1_description/share/g1_description/meshes
[3.148s] copying meshes/Link18_R.STL -> /home/melodse/ef_ws/src/install/g1_description/share/g1_description/meshes
[3.149s] copying meshes/right_ankle_roll_link.STL -> /home/melodse/ef_ws/src/install/g1_description/share/g1_description/meshes
[3.154s] copying meshes/left_hand_thumb_0_link.STL -> /home/melodse/ef_ws/src/install/g1_description/share/g1_description/meshes
[3.154s] copying meshes/pelvis.STL -> /home/melodse/ef_ws/src/install/g1_description/share/g1_description/meshes
[3.161s] copying meshes/Link19_R.STL -> /home/melodse/ef_ws/src/install/g1_description/share/g1_description/meshes
[3.163s] copying meshes/left_wrist_pitch_link.STL -> /home/melodse/ef_ws/src/install/g1_description/share/g1_description/meshes
[3.163s] copying meshes/right_wrist_yaw_link.STL -> /home/melodse/ef_ws/src/install/g1_description/share/g1_description/meshes
[3.165s] copying meshes/right_little_1.STL -> /home/melodse/ef_ws/src/install/g1_description/share/g1_description/meshes
[3.170s] copying meshes/right_hip_pitch_link.STL -> /home/melodse/ef_ws/src/install/g1_description/share/g1_description/meshes
[3.171s] copying meshes/left_index_1.STL -> /home/melodse/ef_ws/src/install/g1_description/share/g1_description/meshes
[3.175s] copying meshes/right_shoulder_roll_link.STL -> /home/melodse/ef_ws/src/install/g1_description/share/g1_description/meshes
[3.177s] copying meshes/left_index_force_sensor_1.STL -> /home/melodse/ef_ws/src/install/g1_description/share/g1_description/meshes
[3.179s] copying meshes/left_little_force_sensor_1.STL -> /home/melodse/ef_ws/src/install/g1_description/share/g1_description/meshes
[3.181s] copying meshes/Link18_L.STL -> /home/melodse/ef_ws/src/install/g1_description/share/g1_description/meshes
[3.183s] copying meshes/left_knee_link.STL -> /home/melodse/ef_ws/src/install/g1_description/share/g1_description/meshes
[3.188s] copying meshes/right_ring_2.STL -> /home/melodse/ef_ws/src/install/g1_description/share/g1_description/meshes
[3.191s] copying meshes/left_ring_force_sensor_3.STL -> /home/melodse/ef_ws/src/install/g1_description/share/g1_description/meshes
[3.192s] copying meshes/right_hand_middle_0_link.STL -> /home/melodse/ef_ws/src/install/g1_description/share/g1_description/meshes
[3.203s] copying meshes/Link15_R.STL -> /home/melodse/ef_ws/src/install/g1_description/share/g1_description/meshes
[3.206s] copying meshes/left_hand_middle_1_link.STL -> /home/melodse/ef_ws/src/install/g1_description/share/g1_description/meshes
[3.218s] copying meshes/torso_link_23dof_rev_1_0.STL -> /home/melodse/ef_ws/src/install/g1_description/share/g1_description/meshes
[3.272s] copying meshes/right_hand_index_0_link.STL -> /home/melodse/ef_ws/src/install/g1_description/share/g1_description/meshes
[3.275s] copying meshes/right_hip_roll_link.STL -> /home/melodse/ef_ws/src/install/g1_description/share/g1_description/meshes
[3.276s] copying meshes/left_ankle_pitch_link.STL -> /home/melodse/ef_ws/src/install/g1_description/share/g1_description/meshes
[3.277s] copying meshes/right_hand_thumb_0_link.STL -> /home/melodse/ef_ws/src/install/g1_description/share/g1_description/meshes
[3.278s] copying meshes/right_thumb_force_sensor_4.STL -> /home/melodse/ef_ws/src/install/g1_description/share/g1_description/meshes
[3.279s] copying meshes/left_hip_pitch_link.STL -> /home/melodse/ef_ws/src/install/g1_description/share/g1_description/meshes
[3.280s] copying meshes/left_thumb_force_sensor_1.STL -> /home/melodse/ef_ws/src/install/g1_description/share/g1_description/meshes
[3.283s] copying meshes/Link15_L.STL -> /home/melodse/ef_ws/src/install/g1_description/share/g1_description/meshes
[3.286s] copying meshes/right_thumb_force_sensor_3.STL -> /home/melodse/ef_ws/src/install/g1_description/share/g1_description/meshes
[3.289s] copying meshes/right_palm_force_sensor.STL -> /home/melodse/ef_ws/src/install/g1_description/share/g1_description/meshes
[3.299s] copying meshes/left_thumb_force_sensor_4.STL -> /home/melodse/ef_ws/src/install/g1_description/share/g1_description/meshes
[3.300s] copying meshes/Link11_R.STL -> /home/melodse/ef_ws/src/install/g1_description/share/g1_description/meshes
[3.300s] copying meshes/waist_roll_link_rev_1_0.STL -> /home/melodse/ef_ws/src/install/g1_description/share/g1_description/meshes
[3.301s] copying meshes/left_ankle_roll_link.STL -> /home/melodse/ef_ws/src/install/g1_description/share/g1_description/meshes
[3.306s] copying meshes/Link19_L.STL -> /home/melodse/ef_ws/src/install/g1_description/share/g1_description/meshes
[3.308s] copying meshes/right_ring_1.STL -> /home/melodse/ef_ws/src/install/g1_description/share/g1_description/meshes
[3.313s] copying meshes/right_thumb_force_sensor_1.STL -> /home/melodse/ef_ws/src/install/g1_description/share/g1_description/meshes
[3.315s] copying meshes/right_middle_force_sensor_3.STL -> /home/melodse/ef_ws/src/install/g1_description/share/g1_description/meshes
[3.315s] copying meshes/pelvis_contour_link.STL -> /home/melodse/ef_ws/src/install/g1_description/share/g1_description/meshes
[3.324s] copying meshes/Link12_R.STL -> /home/melodse/ef_ws/src/install/g1_description/share/g1_description/meshes
[3.330s] copying meshes/left_ring_force_sensor_2.STL -> /home/melodse/ef_ws/src/install/g1_description/share/g1_description/meshes
[3.333s] copying meshes/left_thumb_2.STL -> /home/melodse/ef_ws/src/install/g1_description/share/g1_description/meshes
[3.336s] copying meshes/left_hip_roll_link.STL -> /home/melodse/ef_ws/src/install/g1_description/share/g1_description/meshes
[3.338s] copying meshes/left_wrist_pitch_link_5010.STL -> /home/melodse/ef_ws/src/install/g1_description/share/g1_description/meshes
[3.339s] copying meshes/waist_yaw_link.STL -> /home/melodse/ef_ws/src/install/g1_description/share/g1_description/meshes
[3.341s] copying meshes/left_thumb_swing.STL -> /home/melodse/ef_ws/src/install/g1_description/share/g1_description/meshes
[3.341s] copying meshes/right_wrist_roll_rubber_hand.STL -> /home/melodse/ef_ws/src/install/g1_description/share/g1_description/meshes
[3.357s] copying meshes/Link21_L.STL -> /home/melodse/ef_ws/src/install/g1_description/share/g1_description/meshes
[3.360s] copying meshes/left_hand_index_0_link.STL -> /home/melodse/ef_ws/src/install/g1_description/share/g1_description/meshes
[3.362s] copying meshes/right_index_force_sensor_1.STL -> /home/melodse/ef_ws/src/install/g1_description/share/g1_description/meshes
[3.364s] copying meshes/left_thumb_4.STL -> /home/melodse/ef_ws/src/install/g1_description/share/g1_description/meshes
[3.367s] copying meshes/xl330_link.STL -> /home/melodse/ef_ws/src/install/g1_description/share/g1_description/meshes
[3.369s] copying meshes/Link20_R.STL -> /home/melodse/ef_ws/src/install/g1_description/share/g1_description/meshes
[3.371s] copying meshes/left_wrist_roll_link.STL -> /home/melodse/ef_ws/src/install/g1_description/share/g1_description/meshes
[3.373s] copying meshes/Link21_R.STL -> /home/melodse/ef_ws/src/install/g1_description/share/g1_description/meshes
[3.375s] running install_egg_info
[3.419s] Copying ../../../../src/build/g1_description/g1_description.egg-info to /home/melodse/ef_ws/src/install/g1_description/lib/python3.12/site-packages/g1_description-0.0.0-py3.12.egg-info
[3.420s] running install_scripts
[3.677s] Installing demo_joint_motion script to /home/melodse/ef_ws/src/install/g1_description/lib/g1_description
[3.677s] Installing lowstate_jointstate_bridge script to /home/melodse/ef_ws/src/install/g1_description/lib/g1_description
[3.677s] Installing rviz_joint_motion script to /home/melodse/ef_ws/src/install/g1_description/lib/g1_description
[3.678s] writing list of installed files to '/home/melodse/ef_ws/src/build/g1_description/install.log'
[3.718s] Invoked command in '/home/melodse/ef_ws/src/g1_rviz_simulation' returned '0': CMAKE_PREFIX_PATH=/home/melodse/ef_ws/src/install/unitree_description:${CMAKE_PREFIX_PATH} PKG_CONFIG_PATH=/home/melodse/ef_ws/src/install/unitree_description/lib/x86_64-linux-gnu/pkgconfig:/home/melodse/ef_ws/src/install/unitree_description/lib/pkgconfig:${PKG_CONFIG_PATH} PYTHONPATH=/home/melodse/ef_ws/src/build/g1_description/prefix_override:/usr/lib/python3/dist-packages/colcon_core/task/python/colcon_distutils_commands:/home/melodse/ef_ws/src/install/g1_description/lib/python3.12/site-packages:/home/melodse/ef_ws/src/install/unitree_description/lib/python3.12/site-packages:${PYTHONPATH} /usr/bin/python3 -W ignore:setup.py install is deprecated -W ignore:easy_install command is deprecated setup.py egg_info --egg-base ../../../../src/build/g1_description build --build-base /home/melodse/ef_ws/src/build/g1_description/build install --record /home/melodse/ef_ws/src/build/g1_description/install.log --single-version-externally-managed install_data
