running egg_info
creating ../build/go2_ros2_bridge/go2_ros2_bridge.egg-info
writing ../build/go2_ros2_bridge/go2_ros2_bridge.egg-info/PKG-INFO
writing dependency_links to ../build/go2_ros2_bridge/go2_ros2_bridge.egg-info/dependency_links.txt
writing entry points to ../build/go2_ros2_bridge/go2_ros2_bridge.egg-info/entry_points.txt
writing requirements to ../build/go2_ros2_bridge/go2_ros2_bridge.egg-info/requires.txt
writing top-level names to ../build/go2_ros2_bridge/go2_ros2_bridge.egg-info/top_level.txt
writing manifest file '../build/go2_ros2_bridge/go2_ros2_bridge.egg-info/SOURCES.txt'
reading manifest file '../build/go2_ros2_bridge/go2_ros2_bridge.egg-info/SOURCES.txt'
writing manifest file '../build/go2_ros2_bridge/go2_ros2_bridge.egg-info/SOURCES.txt'
running build
running build_py
creating /home/melodse/ef_ws/src/build/go2_ros2_bridge/build
creating /home/melodse/ef_ws/src/build/go2_ros2_bridge/build/lib
creating /home/melodse/ef_ws/src/build/go2_ros2_bridge/build/lib/go2_ros2_bridge
copying go2_ros2_bridge/go2_state_bridge.py -> /home/melodse/ef_ws/src/build/go2_ros2_bridge/build/lib/go2_ros2_bridge
copying go2_ros2_bridge/__init__.py -> /home/melodse/ef_ws/src/build/go2_ros2_bridge/build/lib/go2_ros2_bridge
running install
running install_lib
creating /home/melodse/ef_ws/src/install/go2_ros2_bridge/lib/python3.12/site-packages/go2_ros2_bridge
copying /home/melodse/ef_ws/src/build/go2_ros2_bridge/build/lib/go2_ros2_bridge/go2_state_bridge.py -> /home/melodse/ef_ws/src/install/go2_ros2_bridge/lib/python3.12/site-packages/go2_ros2_bridge
copying /home/melodse/ef_ws/src/build/go2_ros2_bridge/build/lib/go2_ros2_bridge/__init__.py -> /home/melodse/ef_ws/src/install/go2_ros2_bridge/lib/python3.12/site-packages/go2_ros2_bridge
byte-compiling /home/melodse/ef_ws/src/install/go2_ros2_bridge/lib/python3.12/site-packages/go2_ros2_bridge/go2_state_bridge.py to go2_state_bridge.cpython-312.pyc
byte-compiling /home/melodse/ef_ws/src/install/go2_ros2_bridge/lib/python3.12/site-packages/go2_ros2_bridge/__init__.py to __init__.cpython-312.pyc
running install_data
creating /home/melodse/ef_ws/src/install/go2_ros2_bridge/share
creating /home/melodse/ef_ws/src/install/go2_ros2_bridge/share/ament_index
creating /home/melodse/ef_ws/src/install/go2_ros2_bridge/share/ament_index/resource_index
creating /home/melodse/ef_ws/src/install/go2_ros2_bridge/share/ament_index/resource_index/packages
copying resource/go2_ros2_bridge -> /home/melodse/ef_ws/src/install/go2_ros2_bridge/share/ament_index/resource_index/packages
creating /home/melodse/ef_ws/src/install/go2_ros2_bridge/share/go2_ros2_bridge
copying package.xml -> /home/melodse/ef_ws/src/install/go2_ros2_bridge/share/go2_ros2_bridge
creating /home/melodse/ef_ws/src/install/go2_ros2_bridge/share/go2_ros2_bridge/launch
copying launch/go2_state_bridge.launch.py -> /home/melodse/ef_ws/src/install/go2_ros2_bridge/share/go2_ros2_bridge/launch
running install_egg_info
Copying ../build/go2_ros2_bridge/go2_ros2_bridge.egg-info to /home/melodse/ef_ws/src/install/go2_ros2_bridge/lib/python3.12/site-packages/go2_ros2_bridge-0.1.0-py3.12.egg-info
running install_scripts
Installing go2_state_bridge script to /home/melodse/ef_ws/src/install/go2_ros2_bridge/lib/go2_ros2_bridge
writing list of installed files to '/home/melodse/ef_ws/src/build/go2_ros2_bridge/install.log'
