[2.794s] Invoking command in '/home/melodse/ef_ws/g1/sim/G1_rviz_simulation-main/G1_rviz_simulation-main': PYTHONPATH=/home/melodse/ef_ws/g1/sim/G1_rviz_simulation-main/G1_rviz_simulation-main/build/g1_description/prefix_override:/usr/lib/python3/dist-packages/colcon_core/task/python/colcon_distutils_commands:/home/melodse/ef_ws/g1/sim/G1_rviz_simulation-main/G1_rviz_simulation-main/install/g1_description/lib/python3.12/site-packages:${PYTHONPATH} /usr/bin/python3 -W ignore:setup.py install is deprecated -W ignore:easy_install command is deprecated setup.py egg_info --egg-base build/g1_description build --build-base /home/melodse/ef_ws/g1/sim/G1_rviz_simulation-main/G1_rviz_simulation-main/build/g1_description/build install --record /home/melodse/ef_ws/g1/sim/G1_rviz_simulation-main/G1_rviz_simulation-main/build/g1_description/install.log --single-version-externally-managed install_data
[3.218s] running egg_info
[3.218s] creating build/g1_description/g1_description.egg-info
[3.256s] writing build/g1_description/g1_description.egg-info/PKG-INFO
[3.257s] writing dependency_links to build/g1_description/g1_description.egg-info/dependency_links.txt
[3.257s] writing entry points to build/g1_description/g1_description.egg-info/entry_points.txt
[3.257s] writing requirements to build/g1_description/g1_description.egg-info/requires.txt
[3.257s] writing top-level names to build/g1_description/g1_description.egg-info/top_level.txt
[3.258s] writing manifest file 'build/g1_description/g1_description.egg-info/SOURCES.txt'
[3.335s] reading manifest file 'build/g1_description/g1_description.egg-info/SOURCES.txt'
[3.337s] writing manifest file 'build/g1_description/g1_description.egg-info/SOURCES.txt'
[3.340s] running build
[3.340s] running build_py
[3.340s] creating /home/melodse/ef_ws/g1/sim/G1_rviz_simulation-main/G1_rviz_simulation-main/build/g1_description/build
[3.341s] creating /home/melodse/ef_ws/g1/sim/G1_rviz_simulation-main/G1_rviz_simulation-main/build/g1_description/build/lib
[3.341s] creating /home/melodse/ef_ws/g1/sim/G1_rviz_simulation-main/G1_rviz_simulation-main/build/g1_description/build/lib/g1_description
[3.341s] copying g1_description/demo_joint_motion.py -> /home/melodse/ef_ws/g1/sim/G1_rviz_simulation-main/G1_rviz_simulation-main/build/g1_description/build/lib/g1_description
[3.343s] copying g1_description/rviz_joint_motion.py -> /home/melodse/ef_ws/g1/sim/G1_rviz_simulation-main/G1_rviz_simulation-main/build/g1_description/build/lib/g1_description
[3.343s] copying g1_description/__init__.py -> /home/melodse/ef_ws/g1/sim/G1_rviz_simulation-main/G1_rviz_simulation-main/build/g1_description/build/lib/g1_description
[3.343s] copying g1_description/lowstate_jointstate_bridge.py -> /home/melodse/ef_ws/g1/sim/G1_rviz_simulation-main/G1_rviz_simulation-main/build/g1_description/build/lib/g1_description
[3.344s] running install
[3.353s] running install_lib
[3.383s] byte-compiling /home/melodse/ef_ws/g1/sim/G1_rviz_simulation-main/G1_rviz_simulation-main/install/g1_description/lib/python3.12/site-packages/g1_description/demo_joint_motion.py to demo_joint_motion.cpython-312.pyc
[3.385s] byte-compiling /home/melodse/ef_ws/g1/sim/G1_rviz_simulation-main/G1_rviz_simulation-main/install/g1_description/lib/python3.12/site-packages/g1_description/rviz_joint_motion.py to rviz_joint_motion.cpython-312.pyc
[3.387s] byte-compiling /home/melodse/ef_ws/g1/sim/G1_rviz_simulation-main/G1_rviz_simulation-main/install/g1_description/lib/python3.12/site-packages/g1_description/__init__.py to __init__.cpython-312.pyc
[3.387s] byte-compiling /home/melodse/ef_ws/g1/sim/G1_rviz_simulation-main/G1_rviz_simulation-main/install/g1_description/lib/python3.12/site-packages/g1_description/lowstate_jointstate_bridge.py to lowstate_jointstate_bridge.cpython-312.pyc
[3.389s] running install_data
[3.389s] copying resource/g1_description -> /home/melodse/ef_ws/g1/sim/G1_rviz_simulation-main/G1_rviz_simulation-main/install/g1_description/share/ament_index/resource_index/packages
[3.389s] copying launch/rviz_sim.launch.py -> /home/melodse/ef_ws/g1/sim/G1_rviz_simulation-main/G1_rviz_simulation-main/install/g1_description/share/g1_description/launch
[3.389s] copying launch/robot_state_publisher.launch.py -> /home/melodse/ef_ws/g1/sim/G1_rviz_simulation-main/G1_rviz_simulation-main/install/g1_description/share/g1_description/launch
[3.390s] copying meshes/dex1_col_1.stl -> /home/melodse/ef_ws/g1/sim/G1_rviz_simulation-main/G1_rviz_simulation-main/install/g1_description/share/g1_description/meshes
[3.394s] copying meshes/dex1_col_2.stl -> /home/melodse/ef_ws/g1/sim/G1_rviz_simulation-main/G1_rviz_simulation-main/install/g1_description/share/g1_description/meshes
[3.395s] copying meshes/Link16_L.STL -> /home/melodse/ef_ws/g1/sim/G1_rviz_simulation-main/G1_rviz_simulation-main/install/g1_description/share/g1_description/meshes
[3.398s] copying meshes/d455_link.STL -> /home/melodse/ef_ws/g1/sim/G1_rviz_simulation-main/G1_rviz_simulation-main/install/g1_description/share/g1_description/meshes
[3.406s] copying meshes/Dex1_finger_link_2.STL -> /home/melodse/ef_ws/g1/sim/G1_rviz_simulation-main/G1_rviz_simulation-main/install/g1_description/share/g1_description/meshes
[3.409s] copying meshes/Link22_R.STL -> /home/melodse/ef_ws/g1/sim/G1_rviz_simulation-main/G1_rviz_simulation-main/install/g1_description/share/g1_description/meshes
[3.411s] copying meshes/Link11_L.STL -> /home/melodse/ef_ws/g1/sim/G1_rviz_simulation-main/G1_rviz_simulation-main/install/g1_description/share/g1_description/meshes
[3.413s] copying meshes/Link13_R.STL -> /home/melodse/ef_ws/g1/sim/G1_rviz_simulation-main/G1_rviz_simulation-main/install/g1_description/share/g1_description/meshes
[3.416s] copying meshes/Link17_R.STL -> /home/melodse/ef_ws/g1/sim/G1_rviz_simulation-main/G1_rviz_simulation-main/install/g1_description/share/g1_description/meshes
[3.419s] copying meshes/Link12_L.STL -> /home/melodse/ef_ws/g1/sim/G1_rviz_simulation-main/G1_rviz_simulation-main/install/g1_description/share/g1_description/meshes
[3.425s] copying meshes/Dex1_base_link.STL -> /home/melodse/ef_ws/g1/sim/G1_rviz_simulation-main/G1_rviz_simulation-main/install/g1_description/share/g1_description/meshes
[3.436s] copying meshes/Link13_L.STL -> /home/melodse/ef_ws/g1/sim/G1_rviz_simulation-main/G1_rviz_simulation-main/install/g1_description/share/g1_description/meshes
[3.440s] copying meshes/left_base_link.STL -> /home/melodse/ef_ws/g1/sim/G1_rviz_simulation-main/G1_rviz_simulation-main/install/g1_description/share/g1_description/meshes
[3.451s] copying meshes/left_hand_index_1_link.STL -> /home/melodse/ef_ws/g1/sim/G1_rviz_simulation-main/G1_rviz_simulation-main/install/g1_description/share/g1_description/meshes
[3.457s] copying meshes/Link20_L.STL -> /home/melodse/ef_ws/g1/sim/G1_rviz_simulation-main/G1_rviz_simulation-main/install/g1_description/share/g1_description/meshes
[3.460s] copying meshes/left_hand_middle_0_link.STL -> /home/melodse/ef_ws/g1/sim/G1_rviz_simulation-main/G1_rviz_simulation-main/install/g1_description/share/g1_description/meshes
[3.463s] copying meshes/Link14_L.STL -> /home/melodse/ef_ws/g1/sim/G1_rviz_simulation-main/G1_rviz_simulation-main/install/g1_description/share/g1_description/meshes
[3.465s] copying meshes/R_hand_base_link.STL -> /home/melodse/ef_ws/g1/sim/G1_rviz_simulation-main/G1_rviz_simulation-main/install/g1_description/share/g1_description/meshes
[3.471s] copying meshes/Link16_R.STL -> /home/melodse/ef_ws/g1/sim/G1_rviz_simulation-main/G1_rviz_simulation-main/install/g1_description/share/g1_description/meshes
[3.473s] copying meshes/Dex1_finger_link_1.STL -> /home/melodse/ef_ws/g1/sim/G1_rviz_simulation-main/G1_rviz_simulation-main/install/g1_description/share/g1_description/meshes
[3.475s] copying meshes/Link14_R.STL -> /home/melodse/ef_ws/g1/sim/G1_rviz_simulation-main/G1_rviz_simulation-main/install/g1_description/share/g1_description/meshes
[3.477s] copying meshes/head_link.STL -> /home/melodse/ef_ws/g1/sim/G1_rviz_simulation-main/G1_rviz_simulation-main/install/g1_description/share/g1_description/meshes
[3.480s] copying meshes/head_servo_link.STL -> /home/melodse/ef_ws/g1/sim/G1_rviz_simulation-main/G1_rviz_simulation-main/install/g1_description/share/g1_description/meshes
[3.484s] copying meshes/Link22_L.STL -> /home/melodse/ef_ws/g1/sim/G1_rviz_simulation-main/G1_rviz_simulation-main/install/g1_description/share/g1_description/meshes
[3.488s] copying meshes/left_elbow_link.STL -> /home/melodse/ef_ws/g1/sim/G1_rviz_simulation-main/G1_rviz_simulation-main/install/g1_description/share/g1_description/meshes
[3.490s] copying meshes/L_hand_base_link.STL -> /home/melodse/ef_ws/g1/sim/G1_rviz_simulation-main/G1_rviz_simulation-main/install/g1_description/share/g1_description/meshes
[3.497s] copying meshes/Link17_L.STL -> /home/melodse/ef_ws/g1/sim/G1_rviz_simulation-main/G1_rviz_simulation-main/install/g1_description/share/g1_description/meshes
[3.499s] copying meshes/Link18_R.STL -> /home/melodse/ef_ws/g1/sim/G1_rviz_simulation-main/G1_rviz_simulation-main/install/g1_description/share/g1_description/meshes
[3.502s] copying meshes/Link19_R.STL -> /home/melodse/ef_ws/g1/sim/G1_rviz_simulation-main/G1_rviz_simulation-main/install/g1_description/share/g1_description/meshes
[3.504s] copying meshes/Link18_L.STL -> /home/melodse/ef_ws/g1/sim/G1_rviz_simulation-main/G1_rviz_simulation-main/install/g1_description/share/g1_description/meshes
[3.506s] copying meshes/Link15_R.STL -> /home/melodse/ef_ws/g1/sim/G1_rviz_simulation-main/G1_rviz_simulation-main/install/g1_description/share/g1_description/meshes
[3.509s] copying meshes/left_hand_middle_1_link.STL -> /home/melodse/ef_ws/g1/sim/G1_rviz_simulation-main/G1_rviz_simulation-main/install/g1_description/share/g1_description/meshes
[3.516s] copying meshes/left_ankle_pitch_link.STL -> /home/melodse/ef_ws/g1/sim/G1_rviz_simulation-main/G1_rviz_simulation-main/install/g1_description/share/g1_description/meshes
[3.518s] copying meshes/Link15_L.STL -> /home/melodse/ef_ws/g1/sim/G1_rviz_simulation-main/G1_rviz_simulation-main/install/g1_description/share/g1_description/meshes
[3.520s] copying meshes/Link11_R.STL -> /home/melodse/ef_ws/g1/sim/G1_rviz_simulation-main/G1_rviz_simulation-main/install/g1_description/share/g1_description/meshes
[3.521s] copying meshes/left_ankle_roll_link.STL -> /home/melodse/ef_ws/g1/sim/G1_rviz_simulation-main/G1_rviz_simulation-main/install/g1_description/share/g1_description/meshes
[3.525s] copying meshes/Link19_L.STL -> /home/melodse/ef_ws/g1/sim/G1_rviz_simulation-main/G1_rviz_simulation-main/install/g1_description/share/g1_description/meshes
[3.527s] copying meshes/Link12_R.STL -> /home/melodse/ef_ws/g1/sim/G1_rviz_simulation-main/G1_rviz_simulation-main/install/g1_description/share/g1_description/meshes
[3.532s] copying meshes/Link21_L.STL -> /home/melodse/ef_ws/g1/sim/G1_rviz_simulation-main/G1_rviz_simulation-main/install/g1_description/share/g1_description/meshes
[3.534s] copying meshes/left_hand_index_0_link.STL -> /home/melodse/ef_ws/g1/sim/G1_rviz_simulation-main/G1_rviz_simulation-main/install/g1_description/share/g1_description/meshes
[3.536s] copying meshes/Link20_R.STL -> /home/melodse/ef_ws/g1/sim/G1_rviz_simulation-main/G1_rviz_simulation-main/install/g1_description/share/g1_description/meshes
[3.539s] copying meshes/Link21_R.STL -> /home/melodse/ef_ws/g1/sim/G1_rviz_simulation-main/G1_rviz_simulation-main/install/g1_description/share/g1_description/meshes
[3.542s] running install_egg_info
[3.577s] Copying build/g1_description/g1_description.egg-info to /home/melodse/ef_ws/g1/sim/G1_rviz_simulation-main/G1_rviz_simulation-main/install/g1_description/lib/python3.12/site-packages/g1_description-0.0.0-py3.12.egg-info
[3.586s] running install_scripts
[3.797s] Installing demo_joint_motion script to /home/melodse/ef_ws/g1/sim/G1_rviz_simulation-main/G1_rviz_simulation-main/install/g1_description/lib/g1_description
[3.797s] Installing lowstate_jointstate_bridge script to /home/melodse/ef_ws/g1/sim/G1_rviz_simulation-main/G1_rviz_simulation-main/install/g1_description/lib/g1_description
[3.798s] Installing rviz_joint_motion script to /home/melodse/ef_ws/g1/sim/G1_rviz_simulation-main/G1_rviz_simulation-main/install/g1_description/lib/g1_description
[3.799s] writing list of installed files to '/home/melodse/ef_ws/g1/sim/G1_rviz_simulation-main/G1_rviz_simulation-main/build/g1_description/install.log'
[3.840s] Invoked command in '/home/melodse/ef_ws/g1/sim/G1_rviz_simulation-main/G1_rviz_simulation-main' returned '0': PYTHONPATH=/home/melodse/ef_ws/g1/sim/G1_rviz_simulation-main/G1_rviz_simulation-main/build/g1_description/prefix_override:/usr/lib/python3/dist-packages/colcon_core/task/python/colcon_distutils_commands:/home/melodse/ef_ws/g1/sim/G1_rviz_simulation-main/G1_rviz_simulation-main/install/g1_description/lib/python3.12/site-packages:${PYTHONPATH} /usr/bin/python3 -W ignore:setup.py install is deprecated -W ignore:easy_install command is deprecated setup.py egg_info --egg-base build/g1_description build --build-base /home/melodse/ef_ws/g1/sim/G1_rviz_simulation-main/G1_rviz_simulation-main/build/g1_description/build install --record /home/melodse/ef_ws/g1/sim/G1_rviz_simulation-main/G1_rviz_simulation-main/build/g1_description/install.log --single-version-externally-managed install_data
