[0.041s] Invoking command in '/home/melodse/ef_ws/build/tx_lidar': /usr/bin/cmake /home/melodse/ef_ws/g1/scripts/sensors/manual_streaming -DCMAKE_INSTALL_PREFIX=/home/melodse/ef_ws/install/tx_lidar
[0.119s] [0mCMake Deprecation Warning at CMakeLists.txt:1 (cmake_minimum_required):
[0.119s]   Compatibility with CMake < 3.5 will be removed from a future version of
[0.119s]   CMake.
[0.119s] 
[0.119s]   Update the VERSION argument <min> value or use a ...<max> suffix to tell
[0.119s]   CMake that the project does not need compatibility with older versions.
[0.119s] 
[0.119s] [0m
[0.443s] -- The C compiler identification is GNU 13.3.0
[0.933s] -- The CXX compiler identification is GNU 13.3.0
[1.310s] -- Detecting C compiler ABI info
[1.608s] -- Detecting C compiler ABI info - done
[1.622s] -- Check for working C compiler: /usr/bin/cc - skipped
[1.648s] -- Detecting C compile features
[1.661s] -- Detecting C compile features - done
[1.767s] -- Detecting CXX compiler ABI info
[2.085s] -- Detecting CXX compiler ABI info - done
[2.099s] -- Check for working CXX compiler: /usr/bin/c++ - skipped
[2.099s] -- Detecting CXX compile features
[2.100s] -- Detecting CXX compile features - done
[2.107s] -- Performing Test CMAKE_HAVE_LIBC_PTHREAD
[2.327s] -- Performing Test CMAKE_HAVE_LIBC_PTHREAD - Success
[2.328s] -- Found Threads: TRUE  
[2.328s] -- Configuring done (2.2s)
[2.329s] [31mCMake Error at CMakeLists.txt:5 (add_executable):
[2.329s]   Cannot find source file:
[2.330s] 
[2.330s]     main.cpp
[2.330s] 
[2.330s]   Tried extensions .c .C .c++ .cc .cpp .cxx .cu .mpp .m .M .mm .ixx .cppm
[2.330s]   .ccm .cxxm .c++m .h .hh .h++ .hm .hpp .hxx .in .txx .f .F .for .f77 .f90
[2.331s]   .f95 .f03 .hip .ispc
[2.331s] 
[2.331s] [0m
[2.332s] [31mCMake Error at CMakeLists.txt:5 (add_executable):
[2.332s]   No SOURCES given to target: tx_lidar
[2.332s] 
[2.332s] [0m
[2.332s] [0mCMake Generate step failed.  Build files cannot be regenerated correctly.[0m
[2.342s] Invoked command in '/home/melodse/ef_ws/build/tx_lidar' returned '1': /usr/bin/cmake /home/melodse/ef_ws/g1/scripts/sensors/manual_streaming -DCMAKE_INSTALL_PREFIX=/home/melodse/ef_ws/install/tx_lidar
