[1.080s] Invoking command in '/home/melodse/ef_ws/src/g1_rviz_simulation': CMAKE_PREFIX_PATH=/home/melodse/ef_ws/src/install/unitree_description:${CMAKE_PREFIX_PATH} PKG_CONFIG_PATH=/home/melodse/ef_ws/src/install/unitree_description/lib/x86_64-linux-gnu/pkgconfig:/home/melodse/ef_ws/src/install/unitree_description/lib/pkgconfig:${PKG_CONFIG_PATH} PYTHONPATH=/home/melodse/ef_ws/src/build/g1_description/prefix_override:/usr/lib/python3/dist-packages/colcon_core/task/python/colcon_distutils_commands:/home/melodse/ef_ws/src/install/g1_description/lib/python3.12/site-packages:/home/melodse/ef_ws/src/install/unitree_description/lib/python3.12/site-packages:${PYTHONPATH} /usr/bin/python3 -W ignore:setup.py install is deprecated -W ignore:easy_install command is deprecated setup.py egg_info --egg-base ../../../../src/build/g1_description build --build-base /home/melodse/ef_ws/src/build/g1_description/build install --record /home/melodse/ef_ws/src/build/g1_description/install.log --single-version-externally-managed install_data
[1.361s] running egg_info
[1.383s] writing ../../../../src/build/g1_description/g1_description.egg-info/PKG-INFO
[1.385s] writing dependency_links to ../../../../src/build/g1_description/g1_description.egg-info/dependency_links.txt
[1.385s] writing entry points to ../../../../src/build/g1_description/g1_description.egg-info/entry_points.txt
[1.385s] writing requirements to ../../../../src/build/g1_description/g1_description.egg-info/requires.txt
[1.385s] writing top-level names to ../../../../src/build/g1_description/g1_description.egg-info/top_level.txt
[1.428s] reading manifest file '../../../../src/build/g1_description/g1_description.egg-info/SOURCES.txt'
[1.434s] writing manifest file '../../../../src/build/g1_description/g1_description.egg-info/SOURCES.txt'
[1.434s] running build
[1.434s] running build_py
[1.435s] running install
[1.440s] running install_lib
[1.467s] running install_data
[1.472s] running install_egg_info
[1.506s] removing '/home/melodse/ef_ws/src/install/g1_description/lib/python3.12/site-packages/g1_description-0.0.0-py3.12.egg-info' (and everything under it)
[1.506s] Copying ../../../../src/build/g1_description/g1_description.egg-info to /home/melodse/ef_ws/src/install/g1_description/lib/python3.12/site-packages/g1_description-0.0.0-py3.12.egg-info
[1.509s] running install_scripts
[1.672s] Installing demo_joint_motion script to /home/melodse/ef_ws/src/install/g1_description/lib/g1_description
[1.672s] Installing lowstate_jointstate_bridge script to /home/melodse/ef_ws/src/install/g1_description/lib/g1_description
[1.672s] Installing rviz_joint_motion script to /home/melodse/ef_ws/src/install/g1_description/lib/g1_description
[1.673s] writing list of installed files to '/home/melodse/ef_ws/src/build/g1_description/install.log'
[1.712s] Invoked command in '/home/melodse/ef_ws/src/g1_rviz_simulation' returned '0': CMAKE_PREFIX_PATH=/home/melodse/ef_ws/src/install/unitree_description:${CMAKE_PREFIX_PATH} PKG_CONFIG_PATH=/home/melodse/ef_ws/src/install/unitree_description/lib/x86_64-linux-gnu/pkgconfig:/home/melodse/ef_ws/src/install/unitree_description/lib/pkgconfig:${PKG_CONFIG_PATH} PYTHONPATH=/home/melodse/ef_ws/src/build/g1_description/prefix_override:/usr/lib/python3/dist-packages/colcon_core/task/python/colcon_distutils_commands:/home/melodse/ef_ws/src/install/g1_description/lib/python3.12/site-packages:/home/melodse/ef_ws/src/install/unitree_description/lib/python3.12/site-packages:${PYTHONPATH} /usr/bin/python3 -W ignore:setup.py install is deprecated -W ignore:easy_install command is deprecated setup.py egg_info --egg-base ../../../../src/build/g1_description build --build-base /home/melodse/ef_ws/src/build/g1_description/build install --record /home/melodse/ef_ws/src/build/g1_description/install.log --single-version-externally-managed install_data
