[1.909s] Invoking command in '/home/melodse/ef_ws/src/go2_ros2_bridge': PYTHONPATH=/home/melodse/ef_ws/build/go2_ros2_bridge/prefix_override:/usr/lib/python3/dist-packages/colcon_core/task/python/colcon_distutils_commands:/home/melodse/ef_ws/install/go2_ros2_bridge/lib/python3.12/site-packages:${PYTHONPATH} /usr/bin/python3 -W ignore:setup.py install is deprecated -W ignore:easy_install command is deprecated setup.py egg_info --egg-base ../../build/go2_ros2_bridge build --build-base /home/melodse/ef_ws/build/go2_ros2_bridge/build install --record /home/melodse/ef_ws/build/go2_ros2_bridge/install.log --single-version-externally-managed install_data
[2.309s] running egg_info
[2.339s] writing ../../build/go2_ros2_bridge/go2_ros2_bridge.egg-info/PKG-INFO
[2.340s] writing dependency_links to ../../build/go2_ros2_bridge/go2_ros2_bridge.egg-info/dependency_links.txt
[2.341s] writing entry points to ../../build/go2_ros2_bridge/go2_ros2_bridge.egg-info/entry_points.txt
[2.341s] writing requirements to ../../build/go2_ros2_bridge/go2_ros2_bridge.egg-info/requires.txt
[2.342s] writing top-level names to ../../build/go2_ros2_bridge/go2_ros2_bridge.egg-info/top_level.txt
[2.403s] reading manifest file '../../build/go2_ros2_bridge/go2_ros2_bridge.egg-info/SOURCES.txt'
[2.406s] writing manifest file '../../build/go2_ros2_bridge/go2_ros2_bridge.egg-info/SOURCES.txt'
[2.407s] running build
[2.407s] running build_py
[2.407s] running install
[2.415s] running install_lib
[2.446s] running install_data
[2.446s] running install_egg_info
[2.480s] removing '/home/melodse/ef_ws/install/go2_ros2_bridge/lib/python3.12/site-packages/go2_ros2_bridge-0.1.0-py3.12.egg-info' (and everything under it)
[2.481s] Copying ../../build/go2_ros2_bridge/go2_ros2_bridge.egg-info to /home/melodse/ef_ws/install/go2_ros2_bridge/lib/python3.12/site-packages/go2_ros2_bridge-0.1.0-py3.12.egg-info
[2.484s] running install_scripts
[2.680s] Installing go2_state_bridge script to /home/melodse/ef_ws/install/go2_ros2_bridge/lib/go2_ros2_bridge
[2.680s] writing list of installed files to '/home/melodse/ef_ws/build/go2_ros2_bridge/install.log'
[2.712s] Invoked command in '/home/melodse/ef_ws/src/go2_ros2_bridge' returned '0': PYTHONPATH=/home/melodse/ef_ws/build/go2_ros2_bridge/prefix_override:/usr/lib/python3/dist-packages/colcon_core/task/python/colcon_distutils_commands:/home/melodse/ef_ws/install/go2_ros2_bridge/lib/python3.12/site-packages:${PYTHONPATH} /usr/bin/python3 -W ignore:setup.py install is deprecated -W ignore:easy_install command is deprecated setup.py egg_info --egg-base ../../build/go2_ros2_bridge build --build-base /home/melodse/ef_ws/build/go2_ros2_bridge/build install --record /home/melodse/ef_ws/build/go2_ros2_bridge/install.log --single-version-externally-managed install_data
