[0.277s] DEBUG:colcon:Command line arguments: ['/usr/bin/colcon', 'build']
[0.277s] DEBUG:colcon:Parsed command line arguments: Namespace(log_base=None, log_level=None, verb_name='build', build_base='build', install_base='install', merge_install=False, symlink_install=False, test_result_base=None, continue_on_error=False, executor='parallel', parallel_workers=12, event_handlers=None, ignore_user_meta=False, metas=['./colcon.meta'], base_paths=['.'], packages_ignore=None, packages_ignore_regex=None, paths=None, packages_up_to=None, packages_up_to_regex=None, packages_above=None, packages_above_and_dependencies=None, packages_above_depth=None, packages_select_by_dep=None, packages_skip_by_dep=None, packages_skip_up_to=None, packages_select_build_failed=False, packages_skip_build_finished=False, packages_select_test_failures=False, packages_skip_test_passed=False, packages_select=None, packages_skip=None, packages_select_regex=None, packages_skip_regex=None, packages_start=None, packages_end=None, allow_overriding=[], cmake_args=None, cmake_target=None, cmake_target_skip_unavailable=False, cmake_clean_cache=False, cmake_clean_first=False, cmake_force_configure=False, ament_cmake_args=None, catkin_cmake_args=None, catkin_skip_building_tests=False, mixin_files=None, mixin=None, verb_parser=<colcon_mixin.mixin.mixin_argument.MixinArgumentDecorator object at 0x73e060bc8cb0>, verb_extension=<colcon_core.verb.build.BuildVerb object at 0x73e060cf1130>, main=<bound method BuildVerb.main of <colcon_core.verb.build.BuildVerb object at 0x73e060cf1130>>, mixin_verb=('build',))
[0.340s] Level 1:colcon.colcon_core.package_discovery:discover_packages(colcon_meta) check parameters
[0.341s] Level 1:colcon.colcon_core.package_discovery:discover_packages(recursive) check parameters
[0.341s] Level 1:colcon.colcon_core.package_discovery:discover_packages(ignore) check parameters
[0.341s] Level 1:colcon.colcon_core.package_discovery:discover_packages(path) check parameters
[0.341s] Level 1:colcon.colcon_core.package_discovery:discover_packages(colcon_meta) discover
[0.341s] Level 1:colcon.colcon_core.package_discovery:discover_packages(recursive) discover
[0.341s] INFO:colcon.colcon_core.package_discovery:Crawling recursively for packages in '/home/melodse/ef_ws/src'
[0.341s] Level 1:colcon.colcon_core.package_identification:_identify(.) by extensions ['ignore', 'ignore_ament_install']
[0.341s] Level 1:colcon.colcon_core.package_identification:_identify(.) by extension 'ignore'
[0.341s] Level 1:colcon.colcon_core.package_identification:_identify(.) by extension 'ignore_ament_install'
[0.341s] Level 1:colcon.colcon_core.package_identification:_identify(.) by extensions ['colcon_pkg']
[0.341s] Level 1:colcon.colcon_core.package_identification:_identify(.) by extension 'colcon_pkg'
[0.341s] Level 1:colcon.colcon_core.package_identification:_identify(.) by extensions ['colcon_meta']
[0.341s] Level 1:colcon.colcon_core.package_identification:_identify(.) by extension 'colcon_meta'
[0.341s] Level 1:colcon.colcon_core.package_identification:_identify(.) by extensions ['ros']
[0.341s] Level 1:colcon.colcon_core.package_identification:_identify(.) by extension 'ros'
[0.387s] Level 1:colcon.colcon_core.package_identification:_identify(.) by extensions ['cmake', 'python']
[0.387s] Level 1:colcon.colcon_core.package_identification:_identify(.) by extension 'cmake'
[0.387s] Level 1:colcon.colcon_core.package_identification:_identify(.) by extension 'python'
[0.388s] Level 1:colcon.colcon_core.package_identification:_identify(.) by extensions ['python_setup_py']
[0.388s] Level 1:colcon.colcon_core.package_identification:_identify(.) by extension 'python_setup_py'
[0.388s] Level 1:colcon.colcon_core.package_identification:_identify(build) by extensions ['ignore', 'ignore_ament_install']
[0.388s] Level 1:colcon.colcon_core.package_identification:_identify(build) by extension 'ignore'
[0.388s] Level 1:colcon.colcon_core.package_identification:_identify(build) ignored
[0.388s] Level 1:colcon.colcon_core.package_identification:_identify(g1_rviz_simulation) by extensions ['ignore', 'ignore_ament_install']
[0.388s] Level 1:colcon.colcon_core.package_identification:_identify(g1_rviz_simulation) by extension 'ignore'
[0.389s] Level 1:colcon.colcon_core.package_identification:_identify(g1_rviz_simulation) by extension 'ignore_ament_install'
[0.389s] Level 1:colcon.colcon_core.package_identification:_identify(g1_rviz_simulation) by extensions ['colcon_pkg']
[0.389s] Level 1:colcon.colcon_core.package_identification:_identify(g1_rviz_simulation) by extension 'colcon_pkg'
[0.389s] Level 1:colcon.colcon_core.package_identification:_identify(g1_rviz_simulation) by extensions ['colcon_meta']
[0.389s] Level 1:colcon.colcon_core.package_identification:_identify(g1_rviz_simulation) by extension 'colcon_meta'
[0.389s] Level 1:colcon.colcon_core.package_identification:_identify(g1_rviz_simulation) by extensions ['ros']
[0.389s] Level 1:colcon.colcon_core.package_identification:_identify(g1_rviz_simulation) by extension 'ros'
[0.393s] DEBUG:colcon.colcon_core.package_identification:Package 'g1_rviz_simulation' with type 'ros.ament_python' and name 'g1_description'
[0.393s] Level 1:colcon.colcon_core.package_identification:_identify(install) by extensions ['ignore', 'ignore_ament_install']
[0.393s] Level 1:colcon.colcon_core.package_identification:_identify(install) by extension 'ignore'
[0.393s] Level 1:colcon.colcon_core.package_identification:_identify(install) ignored
[0.393s] Level 1:colcon.colcon_core.package_identification:_identify(log) by extensions ['ignore', 'ignore_ament_install']
[0.393s] Level 1:colcon.colcon_core.package_identification:_identify(log) by extension 'ignore'
[0.393s] Level 1:colcon.colcon_core.package_identification:_identify(log) ignored
[0.393s] Level 1:colcon.colcon_core.package_identification:_identify(unitree_description) by extensions ['ignore', 'ignore_ament_install']
[0.394s] Level 1:colcon.colcon_core.package_identification:_identify(unitree_description) by extension 'ignore'
[0.394s] Level 1:colcon.colcon_core.package_identification:_identify(unitree_description) by extension 'ignore_ament_install'
[0.394s] Level 1:colcon.colcon_core.package_identification:_identify(unitree_description) by extensions ['colcon_pkg']
[0.394s] Level 1:colcon.colcon_core.package_identification:_identify(unitree_description) by extension 'colcon_pkg'
[0.395s] Level 1:colcon.colcon_core.package_identification:_identify(unitree_description) by extensions ['colcon_meta']
[0.395s] Level 1:colcon.colcon_core.package_identification:_identify(unitree_description) by extension 'colcon_meta'
[0.395s] Level 1:colcon.colcon_core.package_identification:_identify(unitree_description) by extensions ['ros']
[0.395s] Level 1:colcon.colcon_core.package_identification:_identify(unitree_description) by extension 'ros'
[0.408s] DEBUG:colcon.colcon_core.package_identification:Package 'unitree_description' with type 'ros.cmake' and name 'unitree_description'
[0.408s] Level 1:colcon.colcon_core.package_discovery:discover_packages(recursive) using defaults
[0.408s] Level 1:colcon.colcon_core.package_discovery:discover_packages(ignore) discover
[0.408s] Level 1:colcon.colcon_core.package_discovery:discover_packages(ignore) using defaults
[0.409s] Level 1:colcon.colcon_core.package_discovery:discover_packages(path) discover
[0.409s] Level 1:colcon.colcon_core.package_discovery:discover_packages(path) using defaults
[0.443s] INFO:colcon.colcon_metadata.metadata.colcon_pkg:Updating descriptor of package 'unitree_description' from colcon.pkg: {'hooks': ['share/unitree_description/hook/ament_prefix_path.dsv', 'share/unitree_description/hook/python_path.dsv']}
[0.445s] Level 1:colcon.colcon_core.package_discovery:discover_packages(prefix_path) check parameters
[0.445s] Level 1:colcon.colcon_core.package_discovery:discover_packages(prefix_path) discover
[0.448s] WARNING:colcon.colcon_ros.prefix_path.ament:The path '/home/melodse/ef_ws/install/unitree_hg' in the environment variable AMENT_PREFIX_PATH doesn't exist
[0.448s] WARNING:colcon.colcon_ros.prefix_path.catkin:The path '/home/melodse/ef_ws/install/unitree_hg' in the environment variable CMAKE_PREFIX_PATH doesn't exist
[0.450s] DEBUG:colcon.colcon_installed_package_information.package_discovery:Found 2 installed packages in /home/melodse/ef_ws/install
[0.451s] DEBUG:colcon.colcon_installed_package_information.package_discovery:Found 1 installed packages in /home/melodse/ros2_ws/install
[0.454s] DEBUG:colcon.colcon_installed_package_information.package_discovery:Found 423 installed packages in /opt/ros/jazzy
[0.459s] Level 1:colcon.colcon_core.package_discovery:discover_packages(prefix_path) using defaults
[0.542s] Level 5:colcon.colcon_core.verb:set package 'unitree_description' build argument 'cmake_args' from command line to 'None'
[0.542s] Level 5:colcon.colcon_core.verb:set package 'unitree_description' build argument 'cmake_target' from command line to 'None'
[0.542s] Level 5:colcon.colcon_core.verb:set package 'unitree_description' build argument 'cmake_target_skip_unavailable' from command line to 'False'
[0.542s] Level 5:colcon.colcon_core.verb:set package 'unitree_description' build argument 'cmake_clean_cache' from command line to 'False'
[0.542s] Level 5:colcon.colcon_core.verb:set package 'unitree_description' build argument 'cmake_clean_first' from command line to 'False'
[0.542s] Level 5:colcon.colcon_core.verb:set package 'unitree_description' build argument 'cmake_force_configure' from command line to 'False'
[0.542s] Level 5:colcon.colcon_core.verb:set package 'unitree_description' build argument 'ament_cmake_args' from command line to 'None'
[0.542s] Level 5:colcon.colcon_core.verb:set package 'unitree_description' build argument 'catkin_cmake_args' from command line to 'None'
[0.542s] Level 5:colcon.colcon_core.verb:set package 'unitree_description' build argument 'catkin_skip_building_tests' from command line to 'False'
[0.542s] DEBUG:colcon.colcon_core.verb:Building package 'unitree_description' with the following arguments: {'ament_cmake_args': None, 'build_base': '/home/melodse/ef_ws/src/build/unitree_description', 'catkin_cmake_args': None, 'catkin_skip_building_tests': False, 'cmake_args': None, 'cmake_clean_cache': False, 'cmake_clean_first': False, 'cmake_force_configure': False, 'cmake_target': None, 'cmake_target_skip_unavailable': False, 'install_base': '/home/melodse/ef_ws/src/install/unitree_description', 'merge_install': False, 'path': '/home/melodse/ef_ws/src/unitree_description', 'symlink_install': False, 'test_result_base': None}
[0.542s] Level 5:colcon.colcon_core.verb:set package 'g1_description' build argument 'cmake_args' from command line to 'None'
[0.543s] Level 5:colcon.colcon_core.verb:set package 'g1_description' build argument 'cmake_target' from command line to 'None'
[0.543s] Level 5:colcon.colcon_core.verb:set package 'g1_description' build argument 'cmake_target_skip_unavailable' from command line to 'False'
[0.543s] Level 5:colcon.colcon_core.verb:set package 'g1_description' build argument 'cmake_clean_cache' from command line to 'False'
[0.543s] Level 5:colcon.colcon_core.verb:set package 'g1_description' build argument 'cmake_clean_first' from command line to 'False'
[0.543s] Level 5:colcon.colcon_core.verb:set package 'g1_description' build argument 'cmake_force_configure' from command line to 'False'
[0.543s] Level 5:colcon.colcon_core.verb:set package 'g1_description' build argument 'ament_cmake_args' from command line to 'None'
[0.543s] Level 5:colcon.colcon_core.verb:set package 'g1_description' build argument 'catkin_cmake_args' from command line to 'None'
[0.543s] Level 5:colcon.colcon_core.verb:set package 'g1_description' build argument 'catkin_skip_building_tests' from command line to 'False'
[0.543s] DEBUG:colcon.colcon_core.verb:Building package 'g1_description' with the following arguments: {'ament_cmake_args': None, 'build_base': '/home/melodse/ef_ws/src/build/g1_description', 'catkin_cmake_args': None, 'catkin_skip_building_tests': False, 'cmake_args': None, 'cmake_clean_cache': False, 'cmake_clean_first': False, 'cmake_force_configure': False, 'cmake_target': None, 'cmake_target_skip_unavailable': False, 'install_base': '/home/melodse/ef_ws/src/install/g1_description', 'merge_install': False, 'path': '/home/melodse/ef_ws/src/g1_rviz_simulation', 'symlink_install': False, 'test_result_base': None}
[0.543s] INFO:colcon.colcon_core.executor:Executing jobs using 'parallel' executor
[0.544s] DEBUG:colcon.colcon_parallel_executor.executor.parallel:run_until_complete
[0.544s] INFO:colcon.colcon_ros.task.cmake.build:Building ROS package in '/home/melodse/ef_ws/src/unitree_description' with build type 'cmake'
[0.545s] INFO:colcon.colcon_cmake.task.cmake.build:Building CMake package in '/home/melodse/ef_ws/src/unitree_description'
[0.548s] INFO:colcon.colcon_core.plugin_system:Skipping extension 'colcon_core.shell.bat': Not used on non-Windows systems
[0.548s] INFO:colcon.colcon_core.shell:Skip shell extension 'powershell' for command environment: Not usable outside of PowerShell
[0.548s] DEBUG:colcon.colcon_core.shell:Skip shell extension 'dsv' for command environment
[0.562s] DEBUG:colcon.colcon_core.event_handler.log_command:Invoking command in '/home/melodse/ef_ws/src/build/unitree_description': CMAKE_PREFIX_PATH=${CMAKE_PREFIX_PATH}:/home/melodse/ef_ws/install/g1_description:/opt/ros/jazzy /usr/bin/cmake /home/melodse/ef_ws/src/unitree_description -DCMAKE_INSTALL_PREFIX=/home/melodse/ef_ws/src/install/unitree_description
[11.210s] DEBUG:colcon.colcon_core.event_handler.log_command:Invoked command in '/home/melodse/ef_ws/src/build/unitree_description' returned '0': CMAKE_PREFIX_PATH=${CMAKE_PREFIX_PATH}:/home/melodse/ef_ws/install/g1_description:/opt/ros/jazzy /usr/bin/cmake /home/melodse/ef_ws/src/unitree_description -DCMAKE_INSTALL_PREFIX=/home/melodse/ef_ws/src/install/unitree_description
[11.211s] DEBUG:colcon.colcon_core.event_handler.log_command:Invoking command in '/home/melodse/ef_ws/src/build/unitree_description': CMAKE_PREFIX_PATH=${CMAKE_PREFIX_PATH}:/home/melodse/ef_ws/install/g1_description:/opt/ros/jazzy /usr/bin/cmake --build /home/melodse/ef_ws/src/build/unitree_description -- -j12 -l12
[11.444s] DEBUG:colcon.colcon_core.event_handler.log_command:Invoked command in '/home/melodse/ef_ws/src/build/unitree_description' returned '0': CMAKE_PREFIX_PATH=${CMAKE_PREFIX_PATH}:/home/melodse/ef_ws/install/g1_description:/opt/ros/jazzy /usr/bin/cmake --build /home/melodse/ef_ws/src/build/unitree_description -- -j12 -l12
[11.461s] DEBUG:colcon.colcon_core.event_handler.log_command:Invoking command in '/home/melodse/ef_ws/src/build/unitree_description': CMAKE_PREFIX_PATH=${CMAKE_PREFIX_PATH}:/home/melodse/ef_ws/install/g1_description:/opt/ros/jazzy /usr/bin/cmake --install /home/melodse/ef_ws/src/build/unitree_description
[11.694s] DEBUG:colcon.colcon_core.event_handler.log_command:Invoked command in '/home/melodse/ef_ws/src/build/unitree_description' returned '0': CMAKE_PREFIX_PATH=${CMAKE_PREFIX_PATH}:/home/melodse/ef_ws/install/g1_description:/opt/ros/jazzy /usr/bin/cmake --install /home/melodse/ef_ws/src/build/unitree_description
[11.694s] Level 1:colcon.colcon_core.shell:create_environment_hook('unitree_description', 'pkg_config_path')
[11.694s] INFO:colcon.colcon_core.shell:Creating environment hook '/home/melodse/ef_ws/src/install/unitree_description/share/unitree_description/hook/pkg_config_path.ps1'
[11.696s] INFO:colcon.colcon_core.shell:Creating environment descriptor '/home/melodse/ef_ws/src/install/unitree_description/share/unitree_description/hook/pkg_config_path.dsv'
[11.698s] INFO:colcon.colcon_core.shell:Creating environment hook '/home/melodse/ef_ws/src/install/unitree_description/share/unitree_description/hook/pkg_config_path.sh'
[11.701s] Level 1:colcon.colcon_core.shell:create_environment_hook('unitree_description', 'pkg_config_path_multiarch')
[11.701s] INFO:colcon.colcon_core.shell:Creating environment hook '/home/melodse/ef_ws/src/install/unitree_description/share/unitree_description/hook/pkg_config_path_multiarch.ps1'
[11.701s] INFO:colcon.colcon_core.shell:Creating environment descriptor '/home/melodse/ef_ws/src/install/unitree_description/share/unitree_description/hook/pkg_config_path_multiarch.dsv'
[11.702s] INFO:colcon.colcon_core.shell:Creating environment hook '/home/melodse/ef_ws/src/install/unitree_description/share/unitree_description/hook/pkg_config_path_multiarch.sh'
[11.702s] Level 1:colcon.colcon_core.environment:create_environment_scripts_only(unitree_description)
[11.707s] Level 1:colcon.colcon_core.environment:checking '/home/melodse/ef_ws/src/install/unitree_description' for CMake module files
[11.708s] Level 1:colcon.colcon_core.environment:checking '/home/melodse/ef_ws/src/install/unitree_description' for CMake config files
[11.708s] Level 1:colcon.colcon_core.shell:create_environment_hook('unitree_description', 'cmake_prefix_path')
[11.708s] INFO:colcon.colcon_core.shell:Creating environment hook '/home/melodse/ef_ws/src/install/unitree_description/share/unitree_description/hook/cmake_prefix_path.ps1'
[11.709s] INFO:colcon.colcon_core.shell:Creating environment descriptor '/home/melodse/ef_ws/src/install/unitree_description/share/unitree_description/hook/cmake_prefix_path.dsv'
[11.710s] INFO:colcon.colcon_core.shell:Creating environment hook '/home/melodse/ef_ws/src/install/unitree_description/share/unitree_description/hook/cmake_prefix_path.sh'
[11.711s] Level 1:colcon.colcon_core.environment:checking '/home/melodse/ef_ws/src/install/unitree_description/lib'
[11.711s] Level 1:colcon.colcon_core.environment:checking '/home/melodse/ef_ws/src/install/unitree_description/bin'
[11.711s] Level 1:colcon.colcon_core.environment:checking '/home/melodse/ef_ws/src/install/unitree_description/lib/pkgconfig/unitree_description.pc'
[11.711s] Level 1:colcon.colcon_core.shell:create_environment_hook('unitree_description', 'pkg_config')
[11.712s] INFO:colcon.colcon_core.shell:Creating environment hook '/home/melodse/ef_ws/src/install/unitree_description/share/unitree_description/hook/pkg_config.ps1'
[11.712s] INFO:colcon.colcon_core.shell:Creating environment descriptor '/home/melodse/ef_ws/src/install/unitree_description/share/unitree_description/hook/pkg_config.dsv'
[11.712s] INFO:colcon.colcon_core.shell:Creating environment hook '/home/melodse/ef_ws/src/install/unitree_description/share/unitree_description/hook/pkg_config.sh'
[11.714s] Level 1:colcon.colcon_core.environment:checking '/home/melodse/ef_ws/src/install/unitree_description/lib/python3.12/site-packages'
[11.714s] Level 1:colcon.colcon_core.shell:create_environment_hook('unitree_description', 'pythonpath')
[11.714s] INFO:colcon.colcon_core.shell:Creating environment hook '/home/melodse/ef_ws/src/install/unitree_description/share/unitree_description/hook/pythonpath.ps1'
[11.715s] INFO:colcon.colcon_core.shell:Creating environment descriptor '/home/melodse/ef_ws/src/install/unitree_description/share/unitree_description/hook/pythonpath.dsv'
[11.716s] INFO:colcon.colcon_core.shell:Creating environment hook '/home/melodse/ef_ws/src/install/unitree_description/share/unitree_description/hook/pythonpath.sh'
[11.717s] Level 1:colcon.colcon_core.environment:checking '/home/melodse/ef_ws/src/install/unitree_description/bin'
[11.717s] INFO:colcon.colcon_core.shell:Creating package script '/home/melodse/ef_ws/src/install/unitree_description/share/unitree_description/package.ps1'
[11.719s] INFO:colcon.colcon_core.shell:Creating package descriptor '/home/melodse/ef_ws/src/install/unitree_description/share/unitree_description/package.dsv'
[11.720s] INFO:colcon.colcon_core.shell:Creating package script '/home/melodse/ef_ws/src/install/unitree_description/share/unitree_description/package.sh'
[11.722s] INFO:colcon.colcon_core.shell:Creating package script '/home/melodse/ef_ws/src/install/unitree_description/share/unitree_description/package.bash'
[11.724s] INFO:colcon.colcon_core.shell:Creating package script '/home/melodse/ef_ws/src/install/unitree_description/share/unitree_description/package.zsh'
[11.739s] Level 1:colcon.colcon_core.environment:create_file_with_runtime_dependencies(/home/melodse/ef_ws/src/install/unitree_description/share/colcon-core/packages/unitree_description)
[11.744s] INFO:colcon.colcon_ros.task.ament_python.build:Building ROS package in '/home/melodse/ef_ws/src/g1_rviz_simulation' with build type 'ament_python'
[11.744s] Level 1:colcon.colcon_core.shell:create_environment_hook('g1_description', 'ament_prefix_path')
[11.745s] INFO:colcon.colcon_core.shell:Creating environment hook '/home/melodse/ef_ws/src/install/g1_description/share/g1_description/hook/ament_prefix_path.ps1'
[11.750s] INFO:colcon.colcon_core.shell:Creating environment descriptor '/home/melodse/ef_ws/src/install/g1_description/share/g1_description/hook/ament_prefix_path.dsv'
[11.750s] INFO:colcon.colcon_core.shell:Creating environment hook '/home/melodse/ef_ws/src/install/g1_description/share/g1_description/hook/ament_prefix_path.sh'
[11.751s] INFO:colcon.colcon_core.shell:Skip shell extension 'powershell' for command environment: Not usable outside of PowerShell
[11.751s] DEBUG:colcon.colcon_core.shell:Skip shell extension 'dsv' for command environment
[12.317s] INFO:colcon.colcon_core.task.python.build:Building Python package in '/home/melodse/ef_ws/src/g1_rviz_simulation'
[12.318s] INFO:colcon.colcon_core.shell:Skip shell extension 'powershell' for command environment: Not usable outside of PowerShell
[12.318s] DEBUG:colcon.colcon_core.shell:Skip shell extension 'dsv' for command environment
[13.704s] DEBUG:colcon.colcon_core.event_handler.log_command:Invoking command in '/home/melodse/ef_ws/src/g1_rviz_simulation': CMAKE_PREFIX_PATH=/home/melodse/ef_ws/src/install/unitree_description:${CMAKE_PREFIX_PATH} PKG_CONFIG_PATH=/home/melodse/ef_ws/src/install/unitree_description/lib/x86_64-linux-gnu/pkgconfig:/home/melodse/ef_ws/src/install/unitree_description/lib/pkgconfig:${PKG_CONFIG_PATH} PYTHONPATH=/home/melodse/ef_ws/src/build/g1_description/prefix_override:/usr/lib/python3/dist-packages/colcon_core/task/python/colcon_distutils_commands:/home/melodse/ef_ws/src/install/g1_description/lib/python3.12/site-packages:/home/melodse/ef_ws/src/install/unitree_description/lib/python3.12/site-packages:${PYTHONPATH} /usr/bin/python3 -W ignore:setup.py install is deprecated -W ignore:easy_install command is deprecated setup.py egg_info --egg-base ../../../../src/build/g1_description build --build-base /home/melodse/ef_ws/src/build/g1_description/build install --record /home/melodse/ef_ws/src/build/g1_description/install.log --single-version-externally-managed install_data
[15.463s] Level 1:colcon.colcon_core.environment:checking '/home/melodse/ef_ws/src/install/g1_description' for CMake module files
[15.464s] DEBUG:colcon.colcon_core.event_handler.log_command:Invoked command in '/home/melodse/ef_ws/src/g1_rviz_simulation' returned '0': CMAKE_PREFIX_PATH=/home/melodse/ef_ws/src/install/unitree_description:${CMAKE_PREFIX_PATH} PKG_CONFIG_PATH=/home/melodse/ef_ws/src/install/unitree_description/lib/x86_64-linux-gnu/pkgconfig:/home/melodse/ef_ws/src/install/unitree_description/lib/pkgconfig:${PKG_CONFIG_PATH} PYTHONPATH=/home/melodse/ef_ws/src/build/g1_description/prefix_override:/usr/lib/python3/dist-packages/colcon_core/task/python/colcon_distutils_commands:/home/melodse/ef_ws/src/install/g1_description/lib/python3.12/site-packages:/home/melodse/ef_ws/src/install/unitree_description/lib/python3.12/site-packages:${PYTHONPATH} /usr/bin/python3 -W ignore:setup.py install is deprecated -W ignore:easy_install command is deprecated setup.py egg_info --egg-base ../../../../src/build/g1_description build --build-base /home/melodse/ef_ws/src/build/g1_description/build install --record /home/melodse/ef_ws/src/build/g1_description/install.log --single-version-externally-managed install_data
[15.465s] Level 1:colcon.colcon_core.environment:checking '/home/melodse/ef_ws/src/install/g1_description' for CMake config files
[15.465s] Level 1:colcon.colcon_core.environment:checking '/home/melodse/ef_ws/src/install/g1_description/lib'
[15.465s] Level 1:colcon.colcon_core.environment:checking '/home/melodse/ef_ws/src/install/g1_description/bin'
[15.465s] Level 1:colcon.colcon_core.environment:checking '/home/melodse/ef_ws/src/install/g1_description/lib/pkgconfig/g1_description.pc'
[15.466s] Level 1:colcon.colcon_core.environment:checking '/home/melodse/ef_ws/src/install/g1_description/lib/python3.12/site-packages'
[15.466s] Level 1:colcon.colcon_core.shell:create_environment_hook('g1_description', 'pythonpath')
[15.466s] INFO:colcon.colcon_core.shell:Creating environment hook '/home/melodse/ef_ws/src/install/g1_description/share/g1_description/hook/pythonpath.ps1'
[15.467s] INFO:colcon.colcon_core.shell:Creating environment descriptor '/home/melodse/ef_ws/src/install/g1_description/share/g1_description/hook/pythonpath.dsv'
[15.467s] INFO:colcon.colcon_core.shell:Creating environment hook '/home/melodse/ef_ws/src/install/g1_description/share/g1_description/hook/pythonpath.sh'
[15.468s] Level 1:colcon.colcon_core.environment:checking '/home/melodse/ef_ws/src/install/g1_description/bin'
[15.468s] Level 1:colcon.colcon_core.environment:create_environment_scripts_only(g1_description)
[15.468s] INFO:colcon.colcon_core.shell:Creating package script '/home/melodse/ef_ws/src/install/g1_description/share/g1_description/package.ps1'
[15.469s] INFO:colcon.colcon_core.shell:Creating package descriptor '/home/melodse/ef_ws/src/install/g1_description/share/g1_description/package.dsv'
[15.469s] INFO:colcon.colcon_core.shell:Creating package script '/home/melodse/ef_ws/src/install/g1_description/share/g1_description/package.sh'
[15.470s] INFO:colcon.colcon_core.shell:Creating package script '/home/melodse/ef_ws/src/install/g1_description/share/g1_description/package.bash'
[15.470s] INFO:colcon.colcon_core.shell:Creating package script '/home/melodse/ef_ws/src/install/g1_description/share/g1_description/package.zsh'
[15.470s] Level 1:colcon.colcon_core.environment:create_file_with_runtime_dependencies(/home/melodse/ef_ws/src/install/g1_description/share/colcon-core/packages/g1_description)
[15.471s] DEBUG:colcon.colcon_parallel_executor.executor.parallel:closing loop
[15.472s] DEBUG:colcon.colcon_parallel_executor.executor.parallel:loop closed
[15.473s] DEBUG:colcon.colcon_parallel_executor.executor.parallel:run_until_complete finished with '0'
[15.473s] DEBUG:colcon.colcon_core.event_reactor:joining thread
[15.480s] INFO:colcon.colcon_core.plugin_system:Skipping extension 'colcon_notification.desktop_notification.terminal_notifier': Not used on non-Darwin systems
[15.480s] INFO:colcon.colcon_core.plugin_system:Skipping extension 'colcon_notification.desktop_notification.win32': Not used on non-Windows systems
[15.480s] INFO:colcon.colcon_notification.desktop_notification:Sending desktop notification using 'notify2'
[15.481s] DEBUG:colcon.colcon_notification.desktop_notification.notify2:Failed to initialize notify2: org.freedesktop.DBus.Error.ServiceUnknown: The name org.freedesktop.Notifications was not provided by any .service files
[15.481s] DEBUG:colcon.colcon_core.event_reactor:joined thread
[15.482s] INFO:colcon.colcon_core.shell:Creating prefix script '/home/melodse/ef_ws/src/install/local_setup.ps1'
[15.483s] INFO:colcon.colcon_core.shell:Creating prefix util module '/home/melodse/ef_ws/src/install/_local_setup_util_ps1.py'
[15.486s] INFO:colcon.colcon_core.shell:Creating prefix chain script '/home/melodse/ef_ws/src/install/setup.ps1'
[15.488s] INFO:colcon.colcon_core.shell:Creating prefix script '/home/melodse/ef_ws/src/install/local_setup.sh'
[15.489s] INFO:colcon.colcon_core.shell:Creating prefix util module '/home/melodse/ef_ws/src/install/_local_setup_util_sh.py'
[15.490s] INFO:colcon.colcon_core.shell:Creating prefix chain script '/home/melodse/ef_ws/src/install/setup.sh'
[15.492s] INFO:colcon.colcon_core.shell:Creating prefix script '/home/melodse/ef_ws/src/install/local_setup.bash'
[15.493s] INFO:colcon.colcon_core.shell:Creating prefix chain script '/home/melodse/ef_ws/src/install/setup.bash'
[15.495s] INFO:colcon.colcon_core.shell:Creating prefix script '/home/melodse/ef_ws/src/install/local_setup.zsh'
[15.496s] INFO:colcon.colcon_core.shell:Creating prefix chain script '/home/melodse/ef_ws/src/install/setup.zsh'
