[0.307s] DEBUG:colcon:Command line arguments: ['/usr/bin/colcon', 'build', '--base-paths', '/home/melodse/ef_ws/src/g1_rviz_simulation']
[0.307s] DEBUG:colcon:Parsed command line arguments: Namespace(log_base=None, log_level=None, verb_name='build', build_base='build', install_base='install', merge_install=False, symlink_install=False, test_result_base=None, continue_on_error=False, executor='parallel', parallel_workers=12, event_handlers=None, ignore_user_meta=False, metas=['./colcon.meta'], base_paths=['/home/melodse/ef_ws/src/g1_rviz_simulation'], packages_ignore=None, packages_ignore_regex=None, paths=None, packages_up_to=None, packages_up_to_regex=None, packages_above=None, packages_above_and_dependencies=None, packages_above_depth=None, packages_select_by_dep=None, packages_skip_by_dep=None, packages_skip_up_to=None, packages_select_build_failed=False, packages_skip_build_finished=False, packages_select_test_failures=False, packages_skip_test_passed=False, packages_select=None, packages_skip=None, packages_select_regex=None, packages_skip_regex=None, packages_start=None, packages_end=None, allow_overriding=[], cmake_args=None, cmake_target=None, cmake_target_skip_unavailable=False, cmake_clean_cache=False, cmake_clean_first=False, cmake_force_configure=False, ament_cmake_args=None, catkin_cmake_args=None, catkin_skip_building_tests=False, mixin_files=None, mixin=None, verb_parser=<colcon_mixin.mixin.mixin_argument.MixinArgumentDecorator object at 0x747e4a1c88f0>, verb_extension=<colcon_core.verb.build.BuildVerb object at 0x747e4a2f29f0>, main=<bound method BuildVerb.main of <colcon_core.verb.build.BuildVerb object at 0x747e4a2f29f0>>, mixin_verb=('build',))
[0.366s] Level 1:colcon.colcon_core.package_discovery:discover_packages(colcon_meta) check parameters
[0.366s] Level 1:colcon.colcon_core.package_discovery:discover_packages(recursive) check parameters
[0.366s] Level 1:colcon.colcon_core.package_discovery:discover_packages(ignore) check parameters
[0.366s] Level 1:colcon.colcon_core.package_discovery:discover_packages(path) check parameters
[0.366s] Level 1:colcon.colcon_core.package_discovery:discover_packages(recursive) discover
[0.366s] INFO:colcon.colcon_core.package_discovery:Crawling recursively for packages in '/home/melodse/ef_ws/src/g1_rviz_simulation'
[0.366s] Level 1:colcon.colcon_core.package_identification:_identify(/home/melodse/ef_ws/src/g1_rviz_simulation) by extensions ['ignore', 'ignore_ament_install']
[0.366s] Level 1:colcon.colcon_core.package_identification:_identify(/home/melodse/ef_ws/src/g1_rviz_simulation) by extension 'ignore'
[0.366s] Level 1:colcon.colcon_core.package_identification:_identify(/home/melodse/ef_ws/src/g1_rviz_simulation) by extension 'ignore_ament_install'
[0.367s] Level 1:colcon.colcon_core.package_identification:_identify(/home/melodse/ef_ws/src/g1_rviz_simulation) by extensions ['colcon_pkg']
[0.367s] Level 1:colcon.colcon_core.package_identification:_identify(/home/melodse/ef_ws/src/g1_rviz_simulation) by extension 'colcon_pkg'
[0.367s] Level 1:colcon.colcon_core.package_identification:_identify(/home/melodse/ef_ws/src/g1_rviz_simulation) by extensions ['colcon_meta']
[0.367s] Level 1:colcon.colcon_core.package_identification:_identify(/home/melodse/ef_ws/src/g1_rviz_simulation) by extension 'colcon_meta'
[0.367s] Level 1:colcon.colcon_core.package_identification:_identify(/home/melodse/ef_ws/src/g1_rviz_simulation) by extensions ['ros']
[0.367s] Level 1:colcon.colcon_core.package_identification:_identify(/home/melodse/ef_ws/src/g1_rviz_simulation) by extension 'ros'
[0.427s] DEBUG:colcon.colcon_core.package_identification:Package '/home/melodse/ef_ws/src/g1_rviz_simulation' with type 'ros.ament_python' and name 'g1_description'
[0.427s] Level 1:colcon.colcon_core.package_discovery:discover_packages(recursive) using defaults
[0.468s] Level 1:colcon.colcon_core.package_discovery:discover_packages(prefix_path) check parameters
[0.468s] Level 1:colcon.colcon_core.package_discovery:discover_packages(prefix_path) discover
[0.470s] WARNING:colcon.colcon_ros.prefix_path.ament:The path '/home/melodse/ef_ws/install/unitree_hg' in the environment variable AMENT_PREFIX_PATH doesn't exist
[0.470s] WARNING:colcon.colcon_ros.prefix_path.ament:The path '/home/melodse/ef_ws/install/g1_description' in the environment variable AMENT_PREFIX_PATH doesn't exist
[0.472s] DEBUG:colcon.colcon_installed_package_information.package_discovery:Found 1 installed packages in /home/melodse/ros2_ws/install
[0.472s] DEBUG:colcon.colcon_installed_package_information.package_discovery:Found 0 installed packages in /home/melodse/ef_ws/install
[0.474s] DEBUG:colcon.colcon_installed_package_information.package_discovery:Found 423 installed packages in /opt/ros/jazzy
[0.478s] Level 1:colcon.colcon_core.package_discovery:discover_packages(prefix_path) using defaults
[0.555s] Level 5:colcon.colcon_core.verb:set package 'g1_description' build argument 'cmake_args' from command line to 'None'
[0.555s] Level 5:colcon.colcon_core.verb:set package 'g1_description' build argument 'cmake_target' from command line to 'None'
[0.555s] Level 5:colcon.colcon_core.verb:set package 'g1_description' build argument 'cmake_target_skip_unavailable' from command line to 'False'
[0.555s] Level 5:colcon.colcon_core.verb:set package 'g1_description' build argument 'cmake_clean_cache' from command line to 'False'
[0.555s] Level 5:colcon.colcon_core.verb:set package 'g1_description' build argument 'cmake_clean_first' from command line to 'False'
[0.555s] Level 5:colcon.colcon_core.verb:set package 'g1_description' build argument 'cmake_force_configure' from command line to 'False'
[0.555s] Level 5:colcon.colcon_core.verb:set package 'g1_description' build argument 'ament_cmake_args' from command line to 'None'
[0.555s] Level 5:colcon.colcon_core.verb:set package 'g1_description' build argument 'catkin_cmake_args' from command line to 'None'
[0.555s] Level 5:colcon.colcon_core.verb:set package 'g1_description' build argument 'catkin_skip_building_tests' from command line to 'False'
[0.555s] DEBUG:colcon.colcon_core.verb:Building package 'g1_description' with the following arguments: {'ament_cmake_args': None, 'build_base': '/home/melodse/ef_ws/build/g1_description', 'catkin_cmake_args': None, 'catkin_skip_building_tests': False, 'cmake_args': None, 'cmake_clean_cache': False, 'cmake_clean_first': False, 'cmake_force_configure': False, 'cmake_target': None, 'cmake_target_skip_unavailable': False, 'install_base': '/home/melodse/ef_ws/install/g1_description', 'merge_install': False, 'path': '/home/melodse/ef_ws/src/g1_rviz_simulation', 'symlink_install': False, 'test_result_base': None}
[0.556s] INFO:colcon.colcon_core.executor:Executing jobs using 'parallel' executor
[0.559s] DEBUG:colcon.colcon_parallel_executor.executor.parallel:run_until_complete
[0.560s] INFO:colcon.colcon_ros.task.ament_python.build:Building ROS package in '/home/melodse/ef_ws/src/g1_rviz_simulation' with build type 'ament_python'
[0.560s] Level 1:colcon.colcon_core.shell:create_environment_hook('g1_description', 'ament_prefix_path')
[0.565s] INFO:colcon.colcon_core.plugin_system:Skipping extension 'colcon_core.shell.bat': Not used on non-Windows systems
[0.565s] INFO:colcon.colcon_core.shell:Creating environment hook '/home/melodse/ef_ws/install/g1_description/share/g1_description/hook/ament_prefix_path.ps1'
[0.591s] INFO:colcon.colcon_core.shell:Creating environment descriptor '/home/melodse/ef_ws/install/g1_description/share/g1_description/hook/ament_prefix_path.dsv'
[0.602s] INFO:colcon.colcon_core.shell:Creating environment hook '/home/melodse/ef_ws/install/g1_description/share/g1_description/hook/ament_prefix_path.sh'
[0.605s] INFO:colcon.colcon_core.shell:Skip shell extension 'powershell' for command environment: Not usable outside of PowerShell
[0.605s] DEBUG:colcon.colcon_core.shell:Skip shell extension 'dsv' for command environment
[0.994s] INFO:colcon.colcon_core.task.python.build:Building Python package in '/home/melodse/ef_ws/src/g1_rviz_simulation'
[0.994s] INFO:colcon.colcon_core.shell:Skip shell extension 'powershell' for command environment: Not usable outside of PowerShell
[0.994s] DEBUG:colcon.colcon_core.shell:Skip shell extension 'dsv' for command environment
[3.183s] DEBUG:colcon.colcon_core.event_handler.log_command:Invoking command in '/home/melodse/ef_ws/src/g1_rviz_simulation': PYTHONPATH=/home/melodse/ef_ws/build/g1_description/prefix_override:/usr/lib/python3/dist-packages/colcon_core/task/python/colcon_distutils_commands:/home/melodse/ef_ws/install/g1_description/lib/python3.12/site-packages:${PYTHONPATH} /usr/bin/python3 -W ignore:setup.py install is deprecated -W ignore:easy_install command is deprecated setup.py egg_info --egg-base ../../../../build/g1_description build --build-base /home/melodse/ef_ws/build/g1_description/build install --record /home/melodse/ef_ws/build/g1_description/install.log --single-version-externally-managed install_data
[4.396s] DEBUG:colcon.colcon_core.event_handler.log_command:Invoked command in '/home/melodse/ef_ws/src/g1_rviz_simulation' returned '0': PYTHONPATH=/home/melodse/ef_ws/build/g1_description/prefix_override:/usr/lib/python3/dist-packages/colcon_core/task/python/colcon_distutils_commands:/home/melodse/ef_ws/install/g1_description/lib/python3.12/site-packages:${PYTHONPATH} /usr/bin/python3 -W ignore:setup.py install is deprecated -W ignore:easy_install command is deprecated setup.py egg_info --egg-base ../../../../build/g1_description build --build-base /home/melodse/ef_ws/build/g1_description/build install --record /home/melodse/ef_ws/build/g1_description/install.log --single-version-externally-managed install_data
[4.450s] Level 1:colcon.colcon_core.environment:checking '/home/melodse/ef_ws/install/g1_description' for CMake module files
[4.451s] Level 1:colcon.colcon_core.environment:checking '/home/melodse/ef_ws/install/g1_description' for CMake config files
[4.453s] Level 1:colcon.colcon_core.environment:checking '/home/melodse/ef_ws/install/g1_description/lib'
[4.454s] Level 1:colcon.colcon_core.environment:checking '/home/melodse/ef_ws/install/g1_description/bin'
[4.454s] Level 1:colcon.colcon_core.environment:checking '/home/melodse/ef_ws/install/g1_description/lib/pkgconfig/g1_description.pc'
[4.455s] Level 1:colcon.colcon_core.environment:checking '/home/melodse/ef_ws/install/g1_description/lib/python3.12/site-packages'
[4.455s] Level 1:colcon.colcon_core.shell:create_environment_hook('g1_description', 'pythonpath')
[4.455s] INFO:colcon.colcon_core.shell:Creating environment hook '/home/melodse/ef_ws/install/g1_description/share/g1_description/hook/pythonpath.ps1'
[4.456s] INFO:colcon.colcon_core.shell:Creating environment descriptor '/home/melodse/ef_ws/install/g1_description/share/g1_description/hook/pythonpath.dsv'
[4.456s] INFO:colcon.colcon_core.shell:Creating environment hook '/home/melodse/ef_ws/install/g1_description/share/g1_description/hook/pythonpath.sh'
[4.457s] Level 1:colcon.colcon_core.environment:checking '/home/melodse/ef_ws/install/g1_description/bin'
[4.457s] Level 1:colcon.colcon_core.environment:create_environment_scripts_only(g1_description)
[4.458s] INFO:colcon.colcon_core.shell:Creating package script '/home/melodse/ef_ws/install/g1_description/share/g1_description/package.ps1'
[4.462s] INFO:colcon.colcon_core.shell:Creating package descriptor '/home/melodse/ef_ws/install/g1_description/share/g1_description/package.dsv'
[4.464s] INFO:colcon.colcon_core.shell:Creating package script '/home/melodse/ef_ws/install/g1_description/share/g1_description/package.sh'
[4.466s] INFO:colcon.colcon_core.shell:Creating package script '/home/melodse/ef_ws/install/g1_description/share/g1_description/package.bash'
[4.468s] INFO:colcon.colcon_core.shell:Creating package script '/home/melodse/ef_ws/install/g1_description/share/g1_description/package.zsh'
[4.470s] Level 1:colcon.colcon_core.environment:create_file_with_runtime_dependencies(/home/melodse/ef_ws/install/g1_description/share/colcon-core/packages/g1_description)
[4.473s] DEBUG:colcon.colcon_parallel_executor.executor.parallel:closing loop
[4.473s] DEBUG:colcon.colcon_parallel_executor.executor.parallel:loop closed
[4.473s] DEBUG:colcon.colcon_parallel_executor.executor.parallel:run_until_complete finished with '0'
[4.473s] DEBUG:colcon.colcon_core.event_reactor:joining thread
[4.483s] INFO:colcon.colcon_core.plugin_system:Skipping extension 'colcon_notification.desktop_notification.terminal_notifier': Not used on non-Darwin systems
[4.483s] INFO:colcon.colcon_core.plugin_system:Skipping extension 'colcon_notification.desktop_notification.win32': Not used on non-Windows systems
[4.483s] INFO:colcon.colcon_notification.desktop_notification:Sending desktop notification using 'notify2'
[4.483s] DEBUG:colcon.colcon_notification.desktop_notification.notify2:Failed to initialize notify2: org.freedesktop.DBus.Error.AccessDenied: Failed to connect to socket /run/user/1000/bus: Operation not permitted
[4.484s] DEBUG:colcon.colcon_core.event_reactor:joined thread
[4.484s] INFO:colcon.colcon_core.shell:Creating prefix script '/home/melodse/ef_ws/install/local_setup.ps1'
[4.485s] INFO:colcon.colcon_core.shell:Creating prefix util module '/home/melodse/ef_ws/install/_local_setup_util_ps1.py'
[4.487s] INFO:colcon.colcon_core.shell:Creating prefix chain script '/home/melodse/ef_ws/install/setup.ps1'
[4.488s] INFO:colcon.colcon_core.shell:Creating prefix script '/home/melodse/ef_ws/install/local_setup.sh'
[4.489s] INFO:colcon.colcon_core.shell:Creating prefix util module '/home/melodse/ef_ws/install/_local_setup_util_sh.py'
[4.490s] INFO:colcon.colcon_core.shell:Creating prefix chain script '/home/melodse/ef_ws/install/setup.sh'
[4.491s] INFO:colcon.colcon_core.shell:Creating prefix script '/home/melodse/ef_ws/install/local_setup.bash'
[4.491s] INFO:colcon.colcon_core.shell:Creating prefix chain script '/home/melodse/ef_ws/install/setup.bash'
[4.492s] INFO:colcon.colcon_core.shell:Creating prefix script '/home/melodse/ef_ws/install/local_setup.zsh'
[4.493s] INFO:colcon.colcon_core.shell:Creating prefix chain script '/home/melodse/ef_ws/install/setup.zsh'
