[0.014s] Invoking command in '/home/melodse/ef_ws/build/unitree_description': CMAKE_PREFIX_PATH=${CMAKE_PREFIX_PATH}:/home/melodse/ef_ws/install/g1_description:/opt/ros/jazzy /usr/bin/cmake --build /home/melodse/ef_ws/build/unitree_description -- -j12 -l12
[0.030s] /usr/bin/cmake -S/home/melodse/ef_ws/go2/sim/unitree_description-master -B/home/melodse/ef_ws/build/unitree_description --check-build-system CMakeFiles/Makefile.cmake 0
[0.653s] -- JRL cmakemodules not found. Let's fetch it.
[1.852s] -- Configuring "unitree_description" (https://github.com/inria-paris-robotics-lab/unitree_description)
[1.853s] -- Package version (ROS package.xml): 0.0.0
[3.140s] -- Could NOT find Doxygen (missing: DOXYGEN_EXECUTABLE) 
[3.140s] -- Failed to find Doxygen, documentation will not be generated.
[3.206s] -- PythonLibraryDirs: /usr/lib/x86_64-linux-gnu
[3.206s] -- PythonLibVersionString: 3.12.3
[3.232s] -- Python site lib: lib/python3.12/site-packages
[3.232s] -- Python include dirs: /usr/include/python3.12
[3.295s] -- Create files for AMENT (ROS 2)
[3.300s] -- Create files for AMENT (ROS 2)
[3.302s] -- Configuring done (3.3s)
[3.390s] -- Generating done (0.1s)
[3.412s] -- Build files have been written to: /home/melodse/ef_ws/build/unitree_description
[3.415s] /usr/bin/cmake -E cmake_progress_start /home/melodse/ef_ws/build/unitree_description/CMakeFiles /home/melodse/ef_ws/build/unitree_description//CMakeFiles/progress.marks
[3.427s] /usr/bin/gmake  -f CMakeFiles/Makefile2 all
[3.431s] gmake[1]: Entering directory '/home/melodse/ef_ws/build/unitree_description'
[3.431s] /usr/bin/gmake  -f python/CMakeFiles/unitree_description_compile_pyc__home_melodse_ef_ws_go2_sim_unitree_description-master_python.dir/build.make python/CMakeFiles/unitree_description_compile_pyc__home_melodse_ef_ws_go2_sim_unitree_description-master_python.dir/depend
[3.433s] gmake[2]: Entering directory '/home/melodse/ef_ws/build/unitree_description'
[3.433s] cd /home/melodse/ef_ws/build/unitree_description && /usr/bin/cmake -E cmake_depends "Unix Makefiles" /home/melodse/ef_ws/go2/sim/unitree_description-master /home/melodse/ef_ws/go2/sim/unitree_description-master/python /home/melodse/ef_ws/build/unitree_description /home/melodse/ef_ws/build/unitree_description/python /home/melodse/ef_ws/build/unitree_description/python/CMakeFiles/unitree_description_compile_pyc__home_melodse_ef_ws_go2_sim_unitree_description-master_python.dir/DependInfo.cmake "--color="
[3.447s] gmake[2]: Leaving directory '/home/melodse/ef_ws/build/unitree_description'
[3.447s] /usr/bin/gmake  -f python/CMakeFiles/unitree_description_compile_pyc__home_melodse_ef_ws_go2_sim_unitree_description-master_python.dir/build.make python/CMakeFiles/unitree_description_compile_pyc__home_melodse_ef_ws_go2_sim_unitree_description-master_python.dir/build
[3.449s] gmake[2]: Entering directory '/home/melodse/ef_ws/build/unitree_description'
[3.449s] cd /home/melodse/ef_ws/build/unitree_description/python && /usr/bin/cmake -E make_directory /home/melodse/ef_ws/build/unitree_description/python/unitree_description
[3.463s] cd /home/melodse/ef_ws/build/unitree_description/python && /usr/bin/python -c "import py_compile; py_compile.compile(\"/home/melodse/ef_ws/go2/sim/unitree_description-master/python/unitree_description/__init__.py\",\"/home/melodse/ef_ws/build/unitree_description/python/unitree_description/__init__.pyc\")"
[3.506s] cd /home/melodse/ef_ws/build/unitree_description/python && /usr/bin/cmake -E make_directory /home/melodse/ef_ws/build/unitree_description/python/unitree_description
[3.522s] cd /home/melodse/ef_ws/build/unitree_description/python && /usr/bin/python -c "import py_compile; py_compile.compile(\"/home/melodse/ef_ws/go2/sim/unitree_description-master/python/unitree_description/loader.py\",\"/home/melodse/ef_ws/build/unitree_description/python/unitree_description/loader.pyc\")"
[3.575s] cd /home/melodse/ef_ws/build/unitree_description/python && /usr/bin/cmake -E make_directory /home/melodse/ef_ws/build/unitree_description/python/unitree_description
[3.590s] cd /home/melodse/ef_ws/build/unitree_description/python && /usr/bin/python -c "import py_compile; py_compile.compile(\"/home/melodse/ef_ws/go2/sim/unitree_description-master/python/unitree_description/go2_joint_trot.py\",\"/home/melodse/ef_ws/build/unitree_description/python/unitree_description/go2_joint_trot.pyc\")"
[3.632s] cd /home/melodse/ef_ws/build/unitree_description/python && /usr/bin/cmake -E make_directory /home/melodse/ef_ws/build/unitree_description/python/unitree_description
[3.641s] cd /home/melodse/ef_ws/build/unitree_description/python && /usr/bin/python -c "import py_compile; py_compile.compile(\"/home/melodse/ef_ws/go2/sim/unitree_description-master/python/unitree_description/go2_joint_bounce.py\",\"/home/melodse/ef_ws/build/unitree_description/python/unitree_description/go2_joint_bounce.pyc\")"
[3.680s] cd /home/melodse/ef_ws/build/unitree_description/python && /usr/bin/cmake -E make_directory /home/melodse/ef_ws/build/unitree_description/python/unitree_description
[3.691s] cd /home/melodse/ef_ws/build/unitree_description/python && /usr/bin/python -c "import py_compile; py_compile.compile(\"/home/melodse/ef_ws/go2/sim/unitree_description-master/python/unitree_description/go2_joint_step.py\",\"/home/melodse/ef_ws/build/unitree_description/python/unitree_description/go2_joint_step.pyc\")"
[3.735s] gmake[2]: Leaving directory '/home/melodse/ef_ws/build/unitree_description'
[3.744s] Built target unitree_description_compile_pyc__home_melodse_ef_ws_go2_sim_unitree_description-master_python
[3.745s] gmake[1]: Leaving directory '/home/melodse/ef_ws/build/unitree_description'
[3.745s] /usr/bin/cmake -E cmake_progress_start /home/melodse/ef_ws/build/unitree_description/CMakeFiles 0
[3.755s] Invoked command in '/home/melodse/ef_ws/build/unitree_description' returned '0': CMAKE_PREFIX_PATH=${CMAKE_PREFIX_PATH}:/home/melodse/ef_ws/install/g1_description:/opt/ros/jazzy /usr/bin/cmake --build /home/melodse/ef_ws/build/unitree_description -- -j12 -l12
[3.764s] Invoking command in '/home/melodse/ef_ws/build/unitree_description': CMAKE_PREFIX_PATH=${CMAKE_PREFIX_PATH}:/home/melodse/ef_ws/install/g1_description:/opt/ros/jazzy /usr/bin/cmake --install /home/melodse/ef_ws/build/unitree_description
[3.775s] -- Install configuration: ""
[3.775s] -- Up-to-date: /home/melodse/ef_ws/install/unitree_description/include/unitree/description/config.hh
[3.775s] -- Up-to-date: /home/melodse/ef_ws/install/unitree_description/include/unitree/description/deprecated.hh
[3.776s] -- Up-to-date: /home/melodse/ef_ws/install/unitree_description/include/unitree/description/warning.hh
[3.776s] -- Up-to-date: /home/melodse/ef_ws/install/unitree_description/share/unitree_description/model
[3.776s] -- Up-to-date: /home/melodse/ef_ws/install/unitree_description/share/unitree_description/model/go2
[3.776s] -- Up-to-date: /home/melodse/ef_ws/install/unitree_description/share/unitree_description/model/go2/assets
[3.776s] -- Up-to-date: /home/melodse/ef_ws/install/unitree_description/share/unitree_description/model/go2/assets/visuals
[3.776s] -- Up-to-date: /home/melodse/ef_ws/install/unitree_description/share/unitree_description/model/go2/assets/visuals/hip.dae
[3.776s] -- Up-to-date: /home/melodse/ef_ws/install/unitree_description/share/unitree_description/model/go2/assets/visuals/base.dae
[3.777s] -- Up-to-date: /home/melodse/ef_ws/install/unitree_description/share/unitree_description/model/go2/assets/visuals/foot.dae
[3.777s] -- Up-to-date: /home/melodse/ef_ws/install/unitree_description/share/unitree_description/model/go2/assets/visuals/calf_mirror.dae
[3.777s] -- Up-to-date: /home/melodse/ef_ws/install/unitree_description/share/unitree_description/model/go2/assets/visuals/thigh.dae
[3.777s] -- Up-to-date: /home/melodse/ef_ws/install/unitree_description/share/unitree_description/model/go2/assets/visuals/calf.dae
[3.777s] -- Up-to-date: /home/melodse/ef_ws/install/unitree_description/share/unitree_description/model/go2/assets/visuals/thigh_mirror.dae
[3.777s] -- Up-to-date: /home/melodse/ef_ws/install/unitree_description/share/unitree_description/model/go2/assets/collisions
[3.777s] -- Up-to-date: /home/melodse/ef_ws/install/unitree_description/share/unitree_description/model/go2/assets/collisions/calf_lower_mirror_convex.stl
[3.777s] -- Up-to-date: /home/melodse/ef_ws/install/unitree_description/share/unitree_description/model/go2/assets/collisions/foot_convex.stl
[3.777s] -- Up-to-date: /home/melodse/ef_ws/install/unitree_description/share/unitree_description/model/go2/assets/collisions/thigh_convex.stl
[3.777s] -- Up-to-date: /home/melodse/ef_ws/install/unitree_description/share/unitree_description/model/go2/assets/collisions/thigh_mirror_convex.stl
[3.778s] -- Up-to-date: /home/melodse/ef_ws/install/unitree_description/share/unitree_description/model/go2/assets/collisions/base_convex.stl
[3.778s] -- Up-to-date: /home/melodse/ef_ws/install/unitree_description/share/unitree_description/model/go2/assets/collisions/calf_upper_convex.stl
[3.778s] -- Up-to-date: /home/melodse/ef_ws/install/unitree_description/share/unitree_description/model/go2/assets/collisions/hip_convex.stl
[3.778s] -- Up-to-date: /home/melodse/ef_ws/install/unitree_description/share/unitree_description/model/go2/assets/collisions/calf_upper_mirror_convex.stl
[3.778s] -- Up-to-date: /home/melodse/ef_ws/install/unitree_description/share/unitree_description/model/go2/assets/collisions/calf_lower_convex.stl
[3.778s] -- Up-to-date: /home/melodse/ef_ws/install/unitree_description/share/unitree_description/model/go2/go2.urdf
[3.778s] -- Up-to-date: /home/melodse/ef_ws/install/unitree_description/share/unitree_description/model/go2/go2.srdf
[3.778s] -- Up-to-date: /home/melodse/ef_ws/install/unitree_description/share/unitree_description/model/g1
[3.779s] -- Up-to-date: /home/melodse/ef_ws/install/unitree_description/share/unitree_description/model/g1/assets
[3.779s] -- Up-to-date: /home/melodse/ef_ws/install/unitree_description/share/unitree_description/model/g1/assets/visuals
[3.779s] -- Up-to-date: /home/melodse/ef_ws/install/unitree_description/share/unitree_description/model/g1/assets/visuals/right_elbow_link.STL
[3.779s] -- Up-to-date: /home/melodse/ef_ws/install/unitree_description/share/unitree_description/model/g1/assets/visuals/logo_link.STL
[3.779s] -- Up-to-date: /home/melodse/ef_ws/install/unitree_description/share/unitree_description/model/g1/assets/visuals/left_rubber_hand.STL
[3.780s] -- Up-to-date: /home/melodse/ef_ws/install/unitree_description/share/unitree_description/model/g1/assets/visuals/left_shoulder_roll_link.STL
[3.780s] -- Up-to-date: /home/melodse/ef_ws/install/unitree_description/share/unitree_description/model/g1/assets/visuals/left_wrist_yaw_link.STL
[3.780s] -- Up-to-date: /home/melodse/ef_ws/install/unitree_description/share/unitree_description/model/g1/assets/visuals/right_hip_yaw_link.STL
[3.780s] -- Up-to-date: /home/melodse/ef_ws/install/unitree_description/share/unitree_description/model/g1/assets/visuals/right_ankle_pitch_link.STL
[3.780s] -- Up-to-date: /home/melodse/ef_ws/install/unitree_description/share/unitree_description/model/g1/assets/visuals/waist_yaw_link_rev_1_0.STL
[3.780s] -- Up-to-date: /home/melodse/ef_ws/install/unitree_description/share/unitree_description/model/g1/assets/visuals/right_shoulder_pitch_link.STL
[3.781s] -- Up-to-date: /home/melodse/ef_ws/install/unitree_description/share/unitree_description/model/g1/assets/visuals/left_shoulder_yaw_link.STL
[3.781s] -- Up-to-date: /home/melodse/ef_ws/install/unitree_description/share/unitree_description/model/g1/assets/visuals/right_knee_link.STL
[3.781s] -- Up-to-date: /home/melodse/ef_ws/install/unitree_description/share/unitree_description/model/g1/assets/visuals/right_rubber_hand.STL
[3.781s] -- Up-to-date: /home/melodse/ef_ws/install/unitree_description/share/unitree_description/model/g1/assets/visuals/torso_link_rev_1_0.STL
[3.781s] -- Up-to-date: /home/melodse/ef_ws/install/unitree_description/share/unitree_description/model/g1/assets/visuals/left_shoulder_pitch_link.STL
[3.781s] -- Up-to-date: /home/melodse/ef_ws/install/unitree_description/share/unitree_description/model/g1/assets/visuals/right_wrist_roll_link.STL
[3.781s] -- Up-to-date: /home/melodse/ef_ws/install/unitree_description/share/unitree_description/model/g1/assets/visuals/right_wrist_pitch_link.STL
[3.782s] -- Up-to-date: /home/melodse/ef_ws/install/unitree_description/share/unitree_description/model/g1/assets/visuals/right_shoulder_yaw_link.STL
[3.782s] -- Up-to-date: /home/melodse/ef_ws/install/unitree_description/share/unitree_description/model/g1/assets/visuals/left_hip_yaw_link.STL
[3.782s] -- Up-to-date: /home/melodse/ef_ws/install/unitree_description/share/unitree_description/model/g1/assets/visuals/head_link.STL
[3.782s] -- Up-to-date: /home/melodse/ef_ws/install/unitree_description/share/unitree_description/model/g1/assets/visuals/left_elbow_link.STL
[3.782s] -- Up-to-date: /home/melodse/ef_ws/install/unitree_description/share/unitree_description/model/g1/assets/visuals/right_ankle_roll_link.STL
[3.782s] -- Up-to-date: /home/melodse/ef_ws/install/unitree_description/share/unitree_description/model/g1/assets/visuals/pelvis.STL
[3.782s] -- Up-to-date: /home/melodse/ef_ws/install/unitree_description/share/unitree_description/model/g1/assets/visuals/left_wrist_pitch_link.STL
[3.783s] -- Up-to-date: /home/melodse/ef_ws/install/unitree_description/share/unitree_description/model/g1/assets/visuals/right_wrist_yaw_link.STL
[3.783s] -- Up-to-date: /home/melodse/ef_ws/install/unitree_description/share/unitree_description/model/g1/assets/visuals/right_hip_pitch_link.STL
[3.783s] -- Up-to-date: /home/melodse/ef_ws/install/unitree_description/share/unitree_description/model/g1/assets/visuals/right_shoulder_roll_link.STL
[3.783s] -- Up-to-date: /home/melodse/ef_ws/install/unitree_description/share/unitree_description/model/g1/assets/visuals/left_knee_link.STL
[3.783s] -- Up-to-date: /home/melodse/ef_ws/install/unitree_description/share/unitree_description/model/g1/assets/visuals/right_hip_roll_link.STL
[3.783s] -- Up-to-date: /home/melodse/ef_ws/install/unitree_description/share/unitree_description/model/g1/assets/visuals/left_ankle_pitch_link.STL
[3.783s] -- Up-to-date: /home/melodse/ef_ws/install/unitree_description/share/unitree_description/model/g1/assets/visuals/left_hip_pitch_link.STL
[3.784s] -- Up-to-date: /home/melodse/ef_ws/install/unitree_description/share/unitree_description/model/g1/assets/visuals/waist_roll_link_rev_1_0.STL
[3.784s] -- Up-to-date: /home/melodse/ef_ws/install/unitree_description/share/unitree_description/model/g1/assets/visuals/left_ankle_roll_link.STL
[3.784s] -- Up-to-date: /home/melodse/ef_ws/install/unitree_description/share/unitree_description/model/g1/assets/visuals/pelvis_contour_link.STL
[3.784s] -- Up-to-date: /home/melodse/ef_ws/install/unitree_description/share/unitree_description/model/g1/assets/visuals/left_hip_roll_link.STL
[3.784s] -- Up-to-date: /home/melodse/ef_ws/install/unitree_description/share/unitree_description/model/g1/assets/visuals/left_wrist_roll_link.STL
[3.784s] -- Up-to-date: /home/melodse/ef_ws/install/unitree_description/share/unitree_description/model/g1/assets/collisions
[3.785s] -- Up-to-date: /home/melodse/ef_ws/install/unitree_description/share/unitree_description/model/g1/assets/collisions/left_shoulder_roll_link_collision.STL
[3.785s] -- Up-to-date: /home/melodse/ef_ws/install/unitree_description/share/unitree_description/model/g1/assets/collisions/right_shoulder_pitch_link_collision.STL
[3.785s] -- Up-to-date: /home/melodse/ef_ws/install/unitree_description/share/unitree_description/model/g1/assets/collisions/left_knee_link_collision.STL
[3.785s] -- Up-to-date: /home/melodse/ef_ws/install/unitree_description/share/unitree_description/model/g1/assets/collisions/right_shoulder_roll_link_collision.STL
[3.785s] -- Up-to-date: /home/melodse/ef_ws/install/unitree_description/share/unitree_description/model/g1/assets/collisions/logo_link_collision.STL
[3.785s] -- Up-to-date: /home/melodse/ef_ws/install/unitree_description/share/unitree_description/model/g1/assets/collisions/left_wrist_roll_link_collision.STL
[3.785s] -- Up-to-date: /home/melodse/ef_ws/install/unitree_description/share/unitree_description/model/g1/assets/collisions/right_elbow_link_collision.STL
[3.786s] -- Up-to-date: /home/melodse/ef_ws/install/unitree_description/share/unitree_description/model/g1/assets/collisions/left_hip_pitch_link_collision.STL
[3.786s] -- Up-to-date: /home/melodse/ef_ws/install/unitree_description/share/unitree_description/model/g1/assets/collisions/right_wrist_hand_collision.STL
[3.786s] -- Up-to-date: /home/melodse/ef_ws/install/unitree_description/share/unitree_description/model/g1/assets/collisions/head_link_collision.STL
[3.786s] -- Up-to-date: /home/melodse/ef_ws/install/unitree_description/share/unitree_description/model/g1/assets/collisions/right_ankle_roll_link_collision.STL
[3.786s] -- Up-to-date: /home/melodse/ef_ws/install/unitree_description/share/unitree_description/model/g1/assets/collisions/left_shoulder_pitch_link_collision.STL
[3.786s] -- Up-to-date: /home/melodse/ef_ws/install/unitree_description/share/unitree_description/model/g1/assets/collisions/torso_waist_roll_pitch_collision.STL
[3.786s] -- Up-to-date: /home/melodse/ef_ws/install/unitree_description/share/unitree_description/model/g1/assets/collisions/pelvis_collision.STL
[3.786s] -- Up-to-date: /home/melodse/ef_ws/install/unitree_description/share/unitree_description/model/g1/assets/collisions/left_wrist_hand_collision.STL
[3.787s] -- Up-to-date: /home/melodse/ef_ws/install/unitree_description/share/unitree_description/model/g1/assets/collisions/left_shoulder_yaw_link_collision.STL
[3.787s] -- Up-to-date: /home/melodse/ef_ws/install/unitree_description/share/unitree_description/model/g1/assets/collisions/left_ankle_roll_link_collision.STL
[3.787s] -- Up-to-date: /home/melodse/ef_ws/install/unitree_description/share/unitree_description/model/g1/assets/collisions/left_hip_yaw_link_collision.STL
[3.787s] -- Up-to-date: /home/melodse/ef_ws/install/unitree_description/share/unitree_description/model/g1/assets/collisions/left_elbow_link_collision.STL
[3.787s] -- Up-to-date: /home/melodse/ef_ws/install/unitree_description/share/unitree_description/model/g1/assets/collisions/left_wrist_pitch_link_collision.STL
[3.787s] -- Up-to-date: /home/melodse/ef_ws/install/unitree_description/share/unitree_description/model/g1/assets/collisions/right_wrist_roll_link_collision.STL
[3.787s] -- Up-to-date: /home/melodse/ef_ws/install/unitree_description/share/unitree_description/model/g1/assets/collisions/right_shoulder_yaw_link_collision.STL
[3.787s] -- Up-to-date: /home/melodse/ef_ws/install/unitree_description/share/unitree_description/model/g1/assets/collisions/right_wrist_pitch_link_collision.STL
[3.789s] -- Up-to-date: /home/melodse/ef_ws/install/unitree_description/share/unitree_description/model/g1/assets/collisions/right_hip_yaw_link_collision.STL
[3.789s] -- Up-to-date: /home/melodse/ef_ws/install/unitree_description/share/unitree_description/model/g1/assets/collisions/right_hip_pitch_link_collision.STL
[3.789s] -- Up-to-date: /home/melodse/ef_ws/install/unitree_description/share/unitree_description/model/g1/assets/collisions/right_hip_roll_link_collision.STL
[3.789s] -- Up-to-date: /home/melodse/ef_ws/install/unitree_description/share/unitree_description/model/g1/assets/collisions/right_knee_link_collision.STL
[3.789s] -- Up-to-date: /home/melodse/ef_ws/install/unitree_description/share/unitree_description/model/g1/assets/collisions/left_hip_roll_link_collision.STL
[3.789s] -- Up-to-date: /home/melodse/ef_ws/install/unitree_description/share/unitree_description/model/g1/g1.srdf
[3.790s] -- Up-to-date: /home/melodse/ef_ws/install/unitree_description/share/unitree_description/model/g1/g1.urdf
[3.790s] -- Up-to-date: /home/melodse/ef_ws/install/unitree_description/share/unitree_description/launch
[3.790s] -- Up-to-date: /home/melodse/ef_ws/install/unitree_description/share/unitree_description/launch/go2_rviz.launch.py
[3.790s] -- Up-to-date: /home/melodse/ef_ws/install/unitree_description/share/unitree_description/launch/rviz_go2.launch.py
[3.790s] -- Up-to-date: /home/melodse/ef_ws/install/unitree_description/share/unitree_description/launch/__pycache__
[3.790s] -- Installing: /home/melodse/ef_ws/install/unitree_description/share/unitree_description/launch/__pycache__/rviz_go2.launch.cpython-312.pyc
[3.791s] -- Up-to-date: /home/melodse/ef_ws/install/unitree_description/share/unitree_description/rviz
[3.791s] -- Up-to-date: /home/melodse/ef_ws/install/unitree_description/share/unitree_description/rviz/go2.rviz
[3.791s] -- Up-to-date: /home/melodse/ef_ws/install/unitree_description/lib/python3.12/site-packages/unitree_description/__init__.py
[3.791s] -- Up-to-date: /home/melodse/ef_ws/install/unitree_description/lib/python3.12/site-packages/unitree_description/loader.py
[3.791s] -- Installing: /home/melodse/ef_ws/install/unitree_description/lib/python3.12/site-packages/unitree_description/go2_joint_trot.py
[3.791s] -- Installing: /home/melodse/ef_ws/install/unitree_description/lib/python3.12/site-packages/unitree_description/go2_joint_bounce.py
[3.791s] -- Installing: /home/melodse/ef_ws/install/unitree_description/lib/python3.12/site-packages/unitree_description/go2_joint_step.py
[3.791s] -- Up-to-date: /home/melodse/ef_ws/install/unitree_description/lib/python3.12/site-packages/unitree_description/path.py
[3.792s] -- Up-to-date: /home/melodse/ef_ws/install/unitree_description/lib/pkgconfig/unitree_description.pc
[3.792s] -- Installing: /home/melodse/ef_ws/install/unitree_description/share/ament_index/resource_index/packages/unitree_description
[3.792s] -- Installing: /home/melodse/ef_ws/install/unitree_description/share/unitree_description/hook/ament_prefix_path.dsv
[3.792s] -- Installing: /home/melodse/ef_ws/install/unitree_description/share/unitree_description/hook/python_path.dsv
[3.792s] -- Up-to-date: /home/melodse/ef_ws/install/unitree_description/share/unitree_description/package.xml
[3.792s] -- Up-to-date: /home/melodse/ef_ws/install/unitree_description/lib/cmake/unitree_description/unitree_descriptionConfig.cmake
[3.792s] -- Up-to-date: /home/melodse/ef_ws/install/unitree_description/lib/cmake/unitree_description/unitree_descriptionConfigVersion.cmake
[3.793s] -- Up-to-date: /home/melodse/ef_ws/install/unitree_description/lib/cmake/unitree_description/unitree_descriptionTargets.cmake
[3.793s] -- Up-to-date: /home/melodse/ef_ws/install/unitree_description/lib/pkgconfig/unitree_description.pc
[3.793s] -- Up-to-date: /home/melodse/ef_ws/install/unitree_description/share/ament_index/resource_index/packages/unitree_description
[3.793s] -- Up-to-date: /home/melodse/ef_ws/install/unitree_description/share/unitree_description/hook/ament_prefix_path.dsv
[3.793s] -- Up-to-date: /home/melodse/ef_ws/install/unitree_description/share/unitree_description/hook/python_path.dsv
[3.793s] -- Up-to-date: /home/melodse/ef_ws/install/unitree_description/share/unitree_description/package.xml
[3.793s] -- Up-to-date: /home/melodse/ef_ws/install/unitree_description/lib/cmake/unitree_description/unitree_descriptionConfig.cmake
[3.793s] -- Up-to-date: /home/melodse/ef_ws/install/unitree_description/lib/cmake/unitree_description/unitree_descriptionConfigVersion.cmake
[3.794s] -- Up-to-date: /home/melodse/ef_ws/install/unitree_description/lib/cmake/unitree_description/unitree_descriptionTargets.cmake
[3.794s] Invoked command in '/home/melodse/ef_ws/build/unitree_description' returned '0': CMAKE_PREFIX_PATH=${CMAKE_PREFIX_PATH}:/home/melodse/ef_ws/install/g1_description:/opt/ros/jazzy /usr/bin/cmake --install /home/melodse/ef_ws/build/unitree_description
