[0.012s] Invoking command in '/home/melodse/ef_ws/build/unitree_description': CMAKE_PREFIX_PATH=${CMAKE_PREFIX_PATH}:/home/melodse/ef_ws/install/g1_description:/opt/ros/jazzy /usr/bin/cmake --build /home/melodse/ef_ws/build/unitree_description -- -j12 -l12
[0.022s] /usr/bin/cmake -S/home/melodse/ef_ws/go2/sim/unitree_description-master -B/home/melodse/ef_ws/build/unitree_description --check-build-system CMakeFiles/Makefile.cmake 0
[0.031s] /usr/bin/cmake -E cmake_progress_start /home/melodse/ef_ws/build/unitree_description/CMakeFiles /home/melodse/ef_ws/build/unitree_description//CMakeFiles/progress.marks
[0.040s] /usr/bin/gmake  -f CMakeFiles/Makefile2 all
[0.042s] gmake[1]: Entering directory '/home/melodse/ef_ws/build/unitree_description'
[0.042s] /usr/bin/gmake  -f python/CMakeFiles/unitree_description_compile_pyc__home_melodse_ef_ws_go2_sim_unitree_description-master_python.dir/build.make python/CMakeFiles/unitree_description_compile_pyc__home_melodse_ef_ws_go2_sim_unitree_description-master_python.dir/depend
[0.044s] gmake[2]: Entering directory '/home/melodse/ef_ws/build/unitree_description'
[0.044s] cd /home/melodse/ef_ws/build/unitree_description && /usr/bin/cmake -E cmake_depends "Unix Makefiles" /home/melodse/ef_ws/go2/sim/unitree_description-master /home/melodse/ef_ws/go2/sim/unitree_description-master/python /home/melodse/ef_ws/build/unitree_description /home/melodse/ef_ws/build/unitree_description/python /home/melodse/ef_ws/build/unitree_description/python/CMakeFiles/unitree_description_compile_pyc__home_melodse_ef_ws_go2_sim_unitree_description-master_python.dir/DependInfo.cmake "--color="
[0.053s] gmake[2]: Leaving directory '/home/melodse/ef_ws/build/unitree_description'
[0.053s] /usr/bin/gmake  -f python/CMakeFiles/unitree_description_compile_pyc__home_melodse_ef_ws_go2_sim_unitree_description-master_python.dir/build.make python/CMakeFiles/unitree_description_compile_pyc__home_melodse_ef_ws_go2_sim_unitree_description-master_python.dir/build
[0.054s] gmake[2]: Entering directory '/home/melodse/ef_ws/build/unitree_description'
[0.054s] cd /home/melodse/ef_ws/build/unitree_description/python && /usr/bin/cmake -E make_directory /home/melodse/ef_ws/build/unitree_description/python/unitree_description
[0.062s] cd /home/melodse/ef_ws/build/unitree_description/python && /usr/bin/python -c "import py_compile; py_compile.compile(\"/home/melodse/ef_ws/go2/sim/unitree_description-master/python/unitree_description/__init__.py\",\"/home/melodse/ef_ws/build/unitree_description/python/unitree_description/__init__.pyc\")"
[0.107s] cd /home/melodse/ef_ws/build/unitree_description/python && /usr/bin/cmake -E make_directory /home/melodse/ef_ws/build/unitree_description/python/unitree_description
[0.117s] cd /home/melodse/ef_ws/build/unitree_description/python && /usr/bin/python -c "import py_compile; py_compile.compile(\"/home/melodse/ef_ws/go2/sim/unitree_description-master/python/unitree_description/loader.py\",\"/home/melodse/ef_ws/build/unitree_description/python/unitree_description/loader.pyc\")"
[0.161s] cd /home/melodse/ef_ws/build/unitree_description/python && /usr/bin/cmake -E make_directory /home/melodse/ef_ws/build/unitree_description/python/unitree_description
[0.174s] cd /home/melodse/ef_ws/build/unitree_description/python && /usr/bin/python -c "import py_compile; py_compile.compile(\"/home/melodse/ef_ws/go2/sim/unitree_description-master/python/unitree_description/go2_joint_trot.py\",\"/home/melodse/ef_ws/build/unitree_description/python/unitree_description/go2_joint_trot.pyc\")"
[0.296s] Traceback (most recent call last):
[0.296s]   File "<string>", line 1, in <module>
[0.296s]   File "/usr/lib/python3.12/py_compile.py", line 142, in compile
[0.296s]     source_bytes = loader.get_data(file)
[0.296s]                    ^^^^^^^^^^^^^^^^^^^^^
[0.296s]   File "<frozen importlib._bootstrap_external>", line 1186, in get_data
[0.296s] FileNotFoundError: [Errno 2] No such file or directory: '/home/melodse/ef_ws/go2/sim/unitree_description-master/python/unitree_description/go2_joint_trot.py'
[0.314s] gmake[2]: *** [python/CMakeFiles/unitree_description_compile_pyc__home_melodse_ef_ws_go2_sim_unitree_description-master_python.dir/build.make:78: unitree_description_compile_pyc__home_melodse_ef_ws_go2_sim_unitree_description-master_python] Error 1
[0.315s] gmake[2]: Leaving directory '/home/melodse/ef_ws/build/unitree_description'
[0.315s] gmake[1]: *** [CMakeFiles/Makefile2:2009: python/CMakeFiles/unitree_description_compile_pyc__home_melodse_ef_ws_go2_sim_unitree_description-master_python.dir/all] Error 2
[0.315s] gmake[1]: Leaving directory '/home/melodse/ef_ws/build/unitree_description'
[0.315s] gmake: *** [Makefile:149: all] Error 2
[0.317s] Invoked command in '/home/melodse/ef_ws/build/unitree_description' returned '2': CMAKE_PREFIX_PATH=${CMAKE_PREFIX_PATH}:/home/melodse/ef_ws/install/g1_description:/opt/ros/jazzy /usr/bin/cmake --build /home/melodse/ef_ws/build/unitree_description -- -j12 -l12
