[0.274s] Invoking command in '/home/melodse/ef_ws/build/tx_lidar': /usr/bin/cmake /home/melodse/ef_ws/g1/scripts/sensors/manual_streaming -DCMAKE_INSTALL_PREFIX=/home/melodse/ef_ws/install/tx_lidar
[0.279s] [0mCMake Deprecation Warning at CMakeLists.txt:1 (cmake_minimum_required):
[0.279s]   Compatibility with CMake < 3.5 will be removed from a future version of
[0.279s]   CMake.
[0.279s] 
[0.279s]   Update the VERSION argument <min> value or use a ...<max> suffix to tell
[0.279s]   CMake that the project does not need compatibility with older versions.
[0.279s] 
[0.279s] [0m
[0.324s] -- Configuring done (0.0s)
[0.325s] [31mCMake Error at CMakeLists.txt:5 (add_executable):
[0.325s]   Cannot find source file:
[0.325s] 
[0.325s]     main.cpp
[0.325s] 
[0.325s]   Tried extensions .c .C .c++ .cc .cpp .cxx .cu .mpp .m .M .mm .ixx .cppm
[0.325s]   .ccm .cxxm .c++m .h .hh .h++ .hm .hpp .hxx .in .txx .f .F .for .f77 .f90
[0.326s]   .f95 .f03 .hip .ispc
[0.326s] 
[0.326s] [0m
[0.326s] [31mCMake Error at CMakeLists.txt:5 (add_executable):
[0.326s]   No SOURCES given to target: tx_lidar
[0.326s] 
[0.326s] [0m
[0.327s] [0mCMake Generate step failed.  Build files cannot be regenerated correctly.[0m
[0.349s] Invoked command in '/home/melodse/ef_ws/build/tx_lidar' returned '1': /usr/bin/cmake /home/melodse/ef_ws/g1/scripts/sensors/manual_streaming -DCMAKE_INSTALL_PREFIX=/home/melodse/ef_ws/install/tx_lidar
