running egg_info
creating build/g1_description/g1_description.egg-info
writing build/g1_description/g1_description.egg-info/PKG-INFO
writing dependency_links to build/g1_description/g1_description.egg-info/dependency_links.txt
writing entry points to build/g1_description/g1_description.egg-info/entry_points.txt
writing requirements to build/g1_description/g1_description.egg-info/requires.txt
writing top-level names to build/g1_description/g1_description.egg-info/top_level.txt
writing manifest file 'build/g1_description/g1_description.egg-info/SOURCES.txt'
reading manifest file 'build/g1_description/g1_description.egg-info/SOURCES.txt'
writing manifest file 'build/g1_description/g1_description.egg-info/SOURCES.txt'
running build
running build_py
creating /home/melodse/ef_ws/g1/sim/G1_rviz_simulation-main/G1_rviz_simulation-main/build/g1_description/build
creating /home/melodse/ef_ws/g1/sim/G1_rviz_simulation-main/G1_rviz_simulation-main/build/g1_description/build/lib
creating /home/melodse/ef_ws/g1/sim/G1_rviz_simulation-main/G1_rviz_simulation-main/build/g1_description/build/lib/g1_description
copying g1_description/demo_joint_motion.py -> /home/melodse/ef_ws/g1/sim/G1_rviz_simulation-main/G1_rviz_simulation-main/build/g1_description/build/lib/g1_description
copying g1_description/rviz_joint_motion.py -> /home/melodse/ef_ws/g1/sim/G1_rviz_simulation-main/G1_rviz_simulation-main/build/g1_description/build/lib/g1_description
copying g1_description/__init__.py -> /home/melodse/ef_ws/g1/sim/G1_rviz_simulation-main/G1_rviz_simulation-main/build/g1_description/build/lib/g1_description
copying g1_description/lowstate_jointstate_bridge.py -> /home/melodse/ef_ws/g1/sim/G1_rviz_simulation-main/G1_rviz_simulation-main/build/g1_description/build/lib/g1_description
running install
running install_lib
creating /home/melodse/ef_ws/g1/sim/G1_rviz_simulation-main/G1_rviz_simulation-main/install/g1_description/lib/python3.12/site-packages/g1_description
copying /home/melodse/ef_ws/g1/sim/G1_rviz_simulation-main/G1_rviz_simulation-main/build/g1_description/build/lib/g1_description/demo_joint_motion.py -> /home/melodse/ef_ws/g1/sim/G1_rviz_simulation-main/G1_rviz_simulation-main/install/g1_description/lib/python3.12/site-packages/g1_description
copying /home/melodse/ef_ws/g1/sim/G1_rviz_simulation-main/G1_rviz_simulation-main/build/g1_description/build/lib/g1_description/rviz_joint_motion.py -> /home/melodse/ef_ws/g1/sim/G1_rviz_simulation-main/G1_rviz_simulation-main/install/g1_description/lib/python3.12/site-packages/g1_description
copying /home/melodse/ef_ws/g1/sim/G1_rviz_simulation-main/G1_rviz_simulation-main/build/g1_description/build/lib/g1_description/__init__.py -> /home/melodse/ef_ws/g1/sim/G1_rviz_simulation-main/G1_rviz_simulation-main/install/g1_description/lib/python3.12/site-packages/g1_description
copying /home/melodse/ef_ws/g1/sim/G1_rviz_simulation-main/G1_rviz_simulation-main/build/g1_description/build/lib/g1_description/lowstate_jointstate_bridge.py -> /home/melodse/ef_ws/g1/sim/G1_rviz_simulation-main/G1_rviz_simulation-main/install/g1_description/lib/python3.12/site-packages/g1_description
byte-compiling /home/melodse/ef_ws/g1/sim/G1_rviz_simulation-main/G1_rviz_simulation-main/install/g1_description/lib/python3.12/site-packages/g1_description/demo_joint_motion.py to demo_joint_motion.cpython-312.pyc
byte-compiling /home/melodse/ef_ws/g1/sim/G1_rviz_simulation-main/G1_rviz_simulation-main/install/g1_description/lib/python3.12/site-packages/g1_description/rviz_joint_motion.py to rviz_joint_motion.cpython-312.pyc
byte-compiling /home/melodse/ef_ws/g1/sim/G1_rviz_simulation-main/G1_rviz_simulation-main/install/g1_description/lib/python3.12/site-packages/g1_description/__init__.py to __init__.cpython-312.pyc
byte-compiling /home/melodse/ef_ws/g1/sim/G1_rviz_simulation-main/G1_rviz_simulation-main/install/g1_description/lib/python3.12/site-packages/g1_description/lowstate_jointstate_bridge.py to lowstate_jointstate_bridge.cpython-312.pyc
running install_data
creating /home/melodse/ef_ws/g1/sim/G1_rviz_simulation-main/G1_rviz_simulation-main/install/g1_description/share/ament_index
creating /home/melodse/ef_ws/g1/sim/G1_rviz_simulation-main/G1_rviz_simulation-main/install/g1_description/share/ament_index/resource_index
creating /home/melodse/ef_ws/g1/sim/G1_rviz_simulation-main/G1_rviz_simulation-main/install/g1_description/share/ament_index/resource_index/packages
copying resource/g1_description -> /home/melodse/ef_ws/g1/sim/G1_rviz_simulation-main/G1_rviz_simulation-main/install/g1_description/share/ament_index/resource_index/packages
copying package.xml -> /home/melodse/ef_ws/g1/sim/G1_rviz_simulation-main/G1_rviz_simulation-main/install/g1_description/share/g1_description
creating /home/melodse/ef_ws/g1/sim/G1_rviz_simulation-main/G1_rviz_simulation-main/install/g1_description/share/g1_description/launch
copying launch/rviz_sim.launch.py -> /home/melodse/ef_ws/g1/sim/G1_rviz_simulation-main/G1_rviz_simulation-main/install/g1_description/share/g1_description/launch
copying launch/robot_state_publisher.launch.py -> /home/melodse/ef_ws/g1/sim/G1_rviz_simulation-main/G1_rviz_simulation-main/install/g1_description/share/g1_description/launch
creating /home/melodse/ef_ws/g1/sim/G1_rviz_simulation-main/G1_rviz_simulation-main/install/g1_description/share/g1_description/rviz
copying rviz/g1.rviz -> /home/melodse/ef_ws/g1/sim/G1_rviz_simulation-main/G1_rviz_simulation-main/install/g1_description/share/g1_description/rviz
creating /home/melodse/ef_ws/g1/sim/G1_rviz_simulation-main/G1_rviz_simulation-main/install/g1_description/share/g1_description/urdf
copying urdf/g1_29dof_with_hand_rev_1_0_pkg.urdf -> /home/melodse/ef_ws/g1/sim/G1_rviz_simulation-main/G1_rviz_simulation-main/install/g1_description/share/g1_description/urdf
creating /home/melodse/ef_ws/g1/sim/G1_rviz_simulation-main/G1_rviz_simulation-main/install/g1_description/share/g1_description/meshes
copying meshes/right_elbow_link.STL -> /home/melodse/ef_ws/g1/sim/G1_rviz_simulation-main/G1_rviz_simulation-main/install/g1_description/share/g1_description/meshes
copying meshes/logo_link.STL -> /home/melodse/ef_ws/g1/sim/G1_rviz_simulation-main/G1_rviz_simulation-main/install/g1_description/share/g1_description/meshes
copying meshes/left_palm_force_sensor.STL -> /home/melodse/ef_ws/g1/sim/G1_rviz_simulation-main/G1_rviz_simulation-main/install/g1_description/share/g1_description/meshes
copying meshes/dex1_col_1.stl -> /home/melodse/ef_ws/g1/sim/G1_rviz_simulation-main/G1_rviz_simulation-main/install/g1_description/share/g1_description/meshes
copying meshes/left_middle_2.STL -> /home/melodse/ef_ws/g1/sim/G1_rviz_simulation-main/G1_rviz_simulation-main/install/g1_description/share/g1_description/meshes
copying meshes/right_ring_force_sensor_3.STL -> /home/melodse/ef_ws/g1/sim/G1_rviz_simulation-main/G1_rviz_simulation-main/install/g1_description/share/g1_description/meshes
copying meshes/right_wrist_yaw_link_5010.STL -> /home/melodse/ef_ws/g1/sim/G1_rviz_simulation-main/G1_rviz_simulation-main/install/g1_description/share/g1_description/meshes
copying meshes/left_rubber_hand.STL -> /home/melodse/ef_ws/g1/sim/G1_rviz_simulation-main/G1_rviz_simulation-main/install/g1_description/share/g1_description/meshes
copying meshes/left_shoulder_roll_link.STL -> /home/melodse/ef_ws/g1/sim/G1_rviz_simulation-main/G1_rviz_simulation-main/install/g1_description/share/g1_description/meshes
copying meshes/right_hand_index_1_link.STL -> /home/melodse/ef_ws/g1/sim/G1_rviz_simulation-main/G1_rviz_simulation-main/install/g1_description/share/g1_description/meshes
copying meshes/left_wrist_yaw_link.STL -> /home/melodse/ef_ws/g1/sim/G1_rviz_simulation-main/G1_rviz_simulation-main/install/g1_description/share/g1_description/meshes
copying meshes/left_index_force_sensor_3.STL -> /home/melodse/ef_ws/g1/sim/G1_rviz_simulation-main/G1_rviz_simulation-main/install/g1_description/share/g1_description/meshes
copying meshes/left_little_1.STL -> /home/melodse/ef_ws/g1/sim/G1_rviz_simulation-main/G1_rviz_simulation-main/install/g1_description/share/g1_description/meshes
copying meshes/right_hip_yaw_link.STL -> /home/melodse/ef_ws/g1/sim/G1_rviz_simulation-main/G1_rviz_simulation-main/install/g1_description/share/g1_description/meshes
copying meshes/right_ankle_pitch_link.STL -> /home/melodse/ef_ws/g1/sim/G1_rviz_simulation-main/G1_rviz_simulation-main/install/g1_description/share/g1_description/meshes
copying meshes/left_middle_force_sensor_3.STL -> /home/melodse/ef_ws/g1/sim/G1_rviz_simulation-main/G1_rviz_simulation-main/install/g1_description/share/g1_description/meshes
copying meshes/dex1_col_2.stl -> /home/melodse/ef_ws/g1/sim/G1_rviz_simulation-main/G1_rviz_simulation-main/install/g1_description/share/g1_description/meshes
copying meshes/waist_support_link.STL -> /home/melodse/ef_ws/g1/sim/G1_rviz_simulation-main/G1_rviz_simulation-main/install/g1_description/share/g1_description/meshes
copying meshes/torso_constraint_R_link.STL -> /home/melodse/ef_ws/g1/sim/G1_rviz_simulation-main/G1_rviz_simulation-main/install/g1_description/share/g1_description/meshes
copying meshes/Link16_L.STL -> /home/melodse/ef_ws/g1/sim/G1_rviz_simulation-main/G1_rviz_simulation-main/install/g1_description/share/g1_description/meshes
copying meshes/waist_constraint_R.STL -> /home/melodse/ef_ws/g1/sim/G1_rviz_simulation-main/G1_rviz_simulation-main/install/g1_description/share/g1_description/meshes
copying meshes/left_thumb_force_sensor_2.STL -> /home/melodse/ef_ws/g1/sim/G1_rviz_simulation-main/G1_rviz_simulation-main/install/g1_description/share/g1_description/meshes
copying meshes/d455_link.STL -> /home/melodse/ef_ws/g1/sim/G1_rviz_simulation-main/G1_rviz_simulation-main/install/g1_description/share/g1_description/meshes
copying meshes/left_little_2.STL -> /home/melodse/ef_ws/g1/sim/G1_rviz_simulation-main/G1_rviz_simulation-main/install/g1_description/share/g1_description/meshes
copying meshes/right_middle_force_sensor_2.STL -> /home/melodse/ef_ws/g1/sim/G1_rviz_simulation-main/G1_rviz_simulation-main/install/g1_description/share/g1_description/meshes
copying meshes/left_little_force_sensor_2.STL -> /home/melodse/ef_ws/g1/sim/G1_rviz_simulation-main/G1_rviz_simulation-main/install/g1_description/share/g1_description/meshes
copying meshes/Dex1_finger_link_2.STL -> /home/melodse/ef_ws/g1/sim/G1_rviz_simulation-main/G1_rviz_simulation-main/install/g1_description/share/g1_description/meshes
copying meshes/waist_yaw_link_rev_1_0.STL -> /home/melodse/ef_ws/g1/sim/G1_rviz_simulation-main/G1_rviz_simulation-main/install/g1_description/share/g1_description/meshes
copying meshes/left_hand_thumb_1_link.STL -> /home/melodse/ef_ws/g1/sim/G1_rviz_simulation-main/G1_rviz_simulation-main/install/g1_description/share/g1_description/meshes
copying meshes/right_shoulder_pitch_link.STL -> /home/melodse/ef_ws/g1/sim/G1_rviz_simulation-main/G1_rviz_simulation-main/install/g1_description/share/g1_description/meshes
copying meshes/left_shoulder_yaw_link.STL -> /home/melodse/ef_ws/g1/sim/G1_rviz_simulation-main/G1_rviz_simulation-main/install/g1_description/share/g1_description/meshes
copying meshes/left_little_force_sensor_3.STL -> /home/melodse/ef_ws/g1/sim/G1_rviz_simulation-main/G1_rviz_simulation-main/install/g1_description/share/g1_description/meshes
copying meshes/right_base_link.STL -> /home/melodse/ef_ws/g1/sim/G1_rviz_simulation-main/G1_rviz_simulation-main/install/g1_description/share/g1_description/meshes
copying meshes/left_index_2.STL -> /home/melodse/ef_ws/g1/sim/G1_rviz_simulation-main/G1_rviz_simulation-main/install/g1_description/share/g1_description/meshes
copying meshes/left_wrist_roll_rubber_hand.STL -> /home/melodse/ef_ws/g1/sim/G1_rviz_simulation-main/G1_rviz_simulation-main/install/g1_description/share/g1_description/meshes
copying meshes/right_thumb_force_sensor_2.STL -> /home/melodse/ef_ws/g1/sim/G1_rviz_simulation-main/G1_rviz_simulation-main/install/g1_description/share/g1_description/meshes
copying meshes/right_thumb_1.STL -> /home/melodse/ef_ws/g1/sim/G1_rviz_simulation-main/G1_rviz_simulation-main/install/g1_description/share/g1_description/meshes
copying meshes/left_middle_1.STL -> /home/melodse/ef_ws/g1/sim/G1_rviz_simulation-main/G1_rviz_simulation-main/install/g1_description/share/g1_description/meshes
copying meshes/Link22_R.STL -> /home/melodse/ef_ws/g1/sim/G1_rviz_simulation-main/G1_rviz_simulation-main/install/g1_description/share/g1_description/meshes
copying meshes/right_hand_palm_link.STL -> /home/melodse/ef_ws/g1/sim/G1_rviz_simulation-main/G1_rviz_simulation-main/install/g1_description/share/g1_description/meshes
copying meshes/right_index_force_sensor_3.STL -> /home/melodse/ef_ws/g1/sim/G1_rviz_simulation-main/G1_rviz_simulation-main/install/g1_description/share/g1_description/meshes
copying meshes/right_knee_link.STL -> /home/melodse/ef_ws/g1/sim/G1_rviz_simulation-main/G1_rviz_simulation-main/install/g1_description/share/g1_description/meshes
copying meshes/right_rubber_hand.STL -> /home/melodse/ef_ws/g1/sim/G1_rviz_simulation-main/G1_rviz_simulation-main/install/g1_description/share/g1_description/meshes
copying meshes/Link11_L.STL -> /home/melodse/ef_ws/g1/sim/G1_rviz_simulation-main/G1_rviz_simulation-main/install/g1_description/share/g1_description/meshes
copying meshes/torso_link_rev_1_0.STL -> /home/melodse/ef_ws/g1/sim/G1_rviz_simulation-main/G1_rviz_simulation-main/install/g1_description/share/g1_description/meshes
copying meshes/waist_constraint_L.STL -> /home/melodse/ef_ws/g1/sim/G1_rviz_simulation-main/G1_rviz_simulation-main/install/g1_description/share/g1_description/meshes
copying meshes/left_middle_force_sensor_1.STL -> /home/melodse/ef_ws/g1/sim/G1_rviz_simulation-main/G1_rviz_simulation-main/install/g1_description/share/g1_description/meshes
copying meshes/right_little_force_sensor_2.STL -> /home/melodse/ef_ws/g1/sim/G1_rviz_simulation-main/G1_rviz_simulation-main/install/g1_description/share/g1_description/meshes
copying meshes/right_hand_thumb_1_link.STL -> /home/melodse/ef_ws/g1/sim/G1_rviz_simulation-main/G1_rviz_simulation-main/install/g1_description/share/g1_description/meshes
copying meshes/left_shoulder_pitch_link.STL -> /home/melodse/ef_ws/g1/sim/G1_rviz_simulation-main/G1_rviz_simulation-main/install/g1_description/share/g1_description/meshes
copying meshes/right_middle_force_sensor_1.STL -> /home/melodse/ef_ws/g1/sim/G1_rviz_simulation-main/G1_rviz_simulation-main/install/g1_description/share/g1_description/meshes
copying meshes/right_thumb_3.STL -> /home/melodse/ef_ws/g1/sim/G1_rviz_simulation-main/G1_rviz_simulation-main/install/g1_description/share/g1_description/meshes
copying meshes/torso_constraint_R_rod_link.STL -> /home/melodse/ef_ws/g1/sim/G1_rviz_simulation-main/G1_rviz_simulation-main/install/g1_description/share/g1_description/meshes
copying meshes/right_wrist_roll_link_5010.STL -> /home/melodse/ef_ws/g1/sim/G1_rviz_simulation-main/G1_rviz_simulation-main/install/g1_description/share/g1_description/meshes
copying meshes/right_index_1.STL -> /home/melodse/ef_ws/g1/sim/G1_rviz_simulation-main/G1_rviz_simulation-main/install/g1_description/share/g1_description/meshes
copying meshes/Link13_R.STL -> /home/melodse/ef_ws/g1/sim/G1_rviz_simulation-main/G1_rviz_simulation-main/install/g1_description/share/g1_description/meshes
copying meshes/Link17_R.STL -> /home/melodse/ef_ws/g1/sim/G1_rviz_simulation-main/G1_rviz_simulation-main/install/g1_description/share/g1_description/meshes
copying meshes/right_wrist_roll_link.STL -> /home/melodse/ef_ws/g1/sim/G1_rviz_simulation-main/G1_rviz_simulation-main/install/g1_description/share/g1_description/meshes
copying meshes/left_middle_force_sensor_2.STL -> /home/melodse/ef_ws/g1/sim/G1_rviz_simulation-main/G1_rviz_simulation-main/install/g1_description/share/g1_description/meshes
copying meshes/right_little_force_sensor_3.STL -> /home/melodse/ef_ws/g1/sim/G1_rviz_simulation-main/G1_rviz_simulation-main/install/g1_description/share/g1_description/meshes
copying meshes/Link12_L.STL -> /home/melodse/ef_ws/g1/sim/G1_rviz_simulation-main/G1_rviz_simulation-main/install/g1_description/share/g1_description/meshes
copying meshes/right_index_force_sensor_2.STL -> /home/melodse/ef_ws/g1/sim/G1_rviz_simulation-main/G1_rviz_simulation-main/install/g1_description/share/g1_description/meshes
copying meshes/Dex1_base_link.STL -> /home/melodse/ef_ws/g1/sim/G1_rviz_simulation-main/G1_rviz_simulation-main/install/g1_description/share/g1_description/meshes
copying meshes/waist_roll_link.STL -> /home/melodse/ef_ws/g1/sim/G1_rviz_simulation-main/G1_rviz_simulation-main/install/g1_description/share/g1_description/meshes
copying meshes/right_ring_force_sensor_2.STL -> /home/melodse/ef_ws/g1/sim/G1_rviz_simulation-main/G1_rviz_simulation-main/install/g1_description/share/g1_description/meshes
copying meshes/torso_link.STL -> /home/melodse/ef_ws/g1/sim/G1_rviz_simulation-main/G1_rviz_simulation-main/install/g1_description/share/g1_description/meshes
copying meshes/right_index_2.STL -> /home/melodse/ef_ws/g1/sim/G1_rviz_simulation-main/G1_rviz_simulation-main/install/g1_description/share/g1_description/meshes
copying meshes/left_ring_1.STL -> /home/melodse/ef_ws/g1/sim/G1_rviz_simulation-main/G1_rviz_simulation-main/install/g1_description/share/g1_description/meshes
copying meshes/left_thumb_1.STL -> /home/melodse/ef_ws/g1/sim/G1_rviz_simulation-main/G1_rviz_simulation-main/install/g1_description/share/g1_description/meshes
copying meshes/right_wrist_pitch_link.STL -> /home/melodse/ef_ws/g1/sim/G1_rviz_simulation-main/G1_rviz_simulation-main/install/g1_description/share/g1_description/meshes
copying meshes/Link13_L.STL -> /home/melodse/ef_ws/g1/sim/G1_rviz_simulation-main/G1_rviz_simulation-main/install/g1_description/share/g1_description/meshes
copying meshes/left_hand_palm_link.STL -> /home/melodse/ef_ws/g1/sim/G1_rviz_simulation-main/G1_rviz_simulation-main/install/g1_description/share/g1_description/meshes
copying meshes/right_shoulder_yaw_link.STL -> /home/melodse/ef_ws/g1/sim/G1_rviz_simulation-main/G1_rviz_simulation-main/install/g1_description/share/g1_description/meshes
copying meshes/left_hip_yaw_link.STL -> /home/melodse/ef_ws/g1/sim/G1_rviz_simulation-main/G1_rviz_simulation-main/install/g1_description/share/g1_description/meshes
copying meshes/right_little_2.STL -> /home/melodse/ef_ws/g1/sim/G1_rviz_simulation-main/G1_rviz_simulation-main/install/g1_description/share/g1_description/meshes
copying meshes/left_base_link.STL -> /home/melodse/ef_ws/g1/sim/G1_rviz_simulation-main/G1_rviz_simulation-main/install/g1_description/share/g1_description/meshes
copying meshes/left_hand_index_1_link.STL -> /home/melodse/ef_ws/g1/sim/G1_rviz_simulation-main/G1_rviz_simulation-main/install/g1_description/share/g1_description/meshes
copying meshes/left_index_force_sensor_2.STL -> /home/melodse/ef_ws/g1/sim/G1_rviz_simulation-main/G1_rviz_simulation-main/install/g1_description/share/g1_description/meshes
copying meshes/right_thumb_2.STL -> /home/melodse/ef_ws/g1/sim/G1_rviz_simulation-main/G1_rviz_simulation-main/install/g1_description/share/g1_description/meshes
copying meshes/Link20_L.STL -> /home/melodse/ef_ws/g1/sim/G1_rviz_simulation-main/G1_rviz_simulation-main/install/g1_description/share/g1_description/meshes
copying meshes/left_hand_thumb_2_link.STL -> /home/melodse/ef_ws/g1/sim/G1_rviz_simulation-main/G1_rviz_simulation-main/install/g1_description/share/g1_description/meshes
copying meshes/left_wrist_yaw_link_5010.STL -> /home/melodse/ef_ws/g1/sim/G1_rviz_simulation-main/G1_rviz_simulation-main/install/g1_description/share/g1_description/meshes
copying meshes/left_hand_middle_0_link.STL -> /home/melodse/ef_ws/g1/sim/G1_rviz_simulation-main/G1_rviz_simulation-main/install/g1_description/share/g1_description/meshes
copying meshes/Link14_L.STL -> /home/melodse/ef_ws/g1/sim/G1_rviz_simulation-main/G1_rviz_simulation-main/install/g1_description/share/g1_description/meshes
copying meshes/R_hand_base_link.STL -> /home/melodse/ef_ws/g1/sim/G1_rviz_simulation-main/G1_rviz_simulation-main/install/g1_description/share/g1_description/meshes
copying meshes/left_thumb_3.STL -> /home/melodse/ef_ws/g1/sim/G1_rviz_simulation-main/G1_rviz_simulation-main/install/g1_description/share/g1_description/meshes
copying meshes/Link16_R.STL -> /home/melodse/ef_ws/g1/sim/G1_rviz_simulation-main/G1_rviz_simulation-main/install/g1_description/share/g1_description/meshes
copying meshes/right_middle_2.STL -> /home/melodse/ef_ws/g1/sim/G1_rviz_simulation-main/G1_rviz_simulation-main/install/g1_description/share/g1_description/meshes
copying meshes/Dex1_finger_link_1.STL -> /home/melodse/ef_ws/g1/sim/G1_rviz_simulation-main/G1_rviz_simulation-main/install/g1_description/share/g1_description/meshes
copying meshes/Link14_R.STL -> /home/melodse/ef_ws/g1/sim/G1_rviz_simulation-main/G1_rviz_simulation-main/install/g1_description/share/g1_description/meshes
copying meshes/left_wrist_roll_link_5010.STL -> /home/melodse/ef_ws/g1/sim/G1_rviz_simulation-main/G1_rviz_simulation-main/install/g1_description/share/g1_description/meshes
copying meshes/head_link.STL -> /home/melodse/ef_ws/g1/sim/G1_rviz_simulation-main/G1_rviz_simulation-main/install/g1_description/share/g1_description/meshes
copying meshes/head_servo_link.STL -> /home/melodse/ef_ws/g1/sim/G1_rviz_simulation-main/G1_rviz_simulation-main/install/g1_description/share/g1_description/meshes
copying meshes/right_middle_1.STL -> /home/melodse/ef_ws/g1/sim/G1_rviz_simulation-main/G1_rviz_simulation-main/install/g1_description/share/g1_description/meshes
copying meshes/Link22_L.STL -> /home/melodse/ef_ws/g1/sim/G1_rviz_simulation-main/G1_rviz_simulation-main/install/g1_description/share/g1_description/meshes
copying meshes/right_hand_middle_1_link.STL -> /home/melodse/ef_ws/g1/sim/G1_rviz_simulation-main/G1_rviz_simulation-main/install/g1_description/share/g1_description/meshes
copying meshes/right_hand_thumb_2_link.STL -> /home/melodse/ef_ws/g1/sim/G1_rviz_simulation-main/G1_rviz_simulation-main/install/g1_description/share/g1_description/meshes
copying meshes/torso_constraint_L_link.STL -> /home/melodse/ef_ws/g1/sim/G1_rviz_simulation-main/G1_rviz_simulation-main/install/g1_description/share/g1_description/meshes
copying meshes/right_little_force_sensor_1.STL -> /home/melodse/ef_ws/g1/sim/G1_rviz_simulation-main/G1_rviz_simulation-main/install/g1_description/share/g1_description/meshes
copying meshes/left_elbow_link.STL -> /home/melodse/ef_ws/g1/sim/G1_rviz_simulation-main/G1_rviz_simulation-main/install/g1_description/share/g1_description/meshes
copying meshes/left_ring_force_sensor_1.STL -> /home/melodse/ef_ws/g1/sim/G1_rviz_simulation-main/G1_rviz_simulation-main/install/g1_description/share/g1_description/meshes
copying meshes/left_thumb_force_sensor_3.STL -> /home/melodse/ef_ws/g1/sim/G1_rviz_simulation-main/G1_rviz_simulation-main/install/g1_description/share/g1_description/meshes
copying meshes/torso_constraint_L_rod_link.STL -> /home/melodse/ef_ws/g1/sim/G1_rviz_simulation-main/G1_rviz_simulation-main/install/g1_description/share/g1_description/meshes
copying meshes/right_thumb_4.STL -> /home/melodse/ef_ws/g1/sim/G1_rviz_simulation-main/G1_rviz_simulation-main/install/g1_description/share/g1_description/meshes
copying meshes/L_hand_base_link.STL -> /home/melodse/ef_ws/g1/sim/G1_rviz_simulation-main/G1_rviz_simulation-main/install/g1_description/share/g1_description/meshes
copying meshes/Link17_L.STL -> /home/melodse/ef_ws/g1/sim/G1_rviz_simulation-main/G1_rviz_simulation-main/install/g1_description/share/g1_description/meshes
copying meshes/right_ring_force_sensor_1.STL -> /home/melodse/ef_ws/g1/sim/G1_rviz_simulation-main/G1_rviz_simulation-main/install/g1_description/share/g1_description/meshes
copying meshes/right_wrist_pitch_link_5010.STL -> /home/melodse/ef_ws/g1/sim/G1_rviz_simulation-main/G1_rviz_simulation-main/install/g1_description/share/g1_description/meshes
copying meshes/left_ring_2.STL -> /home/melodse/ef_ws/g1/sim/G1_rviz_simulation-main/G1_rviz_simulation-main/install/g1_description/share/g1_description/meshes
copying meshes/Link18_R.STL -> /home/melodse/ef_ws/g1/sim/G1_rviz_simulation-main/G1_rviz_simulation-main/install/g1_description/share/g1_description/meshes
copying meshes/right_ankle_roll_link.STL -> /home/melodse/ef_ws/g1/sim/G1_rviz_simulation-main/G1_rviz_simulation-main/install/g1_description/share/g1_description/meshes
copying meshes/left_hand_thumb_0_link.STL -> /home/melodse/ef_ws/g1/sim/G1_rviz_simulation-main/G1_rviz_simulation-main/install/g1_description/share/g1_description/meshes
copying meshes/pelvis.STL -> /home/melodse/ef_ws/g1/sim/G1_rviz_simulation-main/G1_rviz_simulation-main/install/g1_description/share/g1_description/meshes
copying meshes/Link19_R.STL -> /home/melodse/ef_ws/g1/sim/G1_rviz_simulation-main/G1_rviz_simulation-main/install/g1_description/share/g1_description/meshes
copying meshes/left_wrist_pitch_link.STL -> /home/melodse/ef_ws/g1/sim/G1_rviz_simulation-main/G1_rviz_simulation-main/install/g1_description/share/g1_description/meshes
copying meshes/right_wrist_yaw_link.STL -> /home/melodse/ef_ws/g1/sim/G1_rviz_simulation-main/G1_rviz_simulation-main/install/g1_description/share/g1_description/meshes
copying meshes/right_little_1.STL -> /home/melodse/ef_ws/g1/sim/G1_rviz_simulation-main/G1_rviz_simulation-main/install/g1_description/share/g1_description/meshes
copying meshes/right_hip_pitch_link.STL -> /home/melodse/ef_ws/g1/sim/G1_rviz_simulation-main/G1_rviz_simulation-main/install/g1_description/share/g1_description/meshes
copying meshes/left_index_1.STL -> /home/melodse/ef_ws/g1/sim/G1_rviz_simulation-main/G1_rviz_simulation-main/install/g1_description/share/g1_description/meshes
copying meshes/right_shoulder_roll_link.STL -> /home/melodse/ef_ws/g1/sim/G1_rviz_simulation-main/G1_rviz_simulation-main/install/g1_description/share/g1_description/meshes
copying meshes/left_index_force_sensor_1.STL -> /home/melodse/ef_ws/g1/sim/G1_rviz_simulation-main/G1_rviz_simulation-main/install/g1_description/share/g1_description/meshes
copying meshes/left_little_force_sensor_1.STL -> /home/melodse/ef_ws/g1/sim/G1_rviz_simulation-main/G1_rviz_simulation-main/install/g1_description/share/g1_description/meshes
copying meshes/Link18_L.STL -> /home/melodse/ef_ws/g1/sim/G1_rviz_simulation-main/G1_rviz_simulation-main/install/g1_description/share/g1_description/meshes
copying meshes/left_knee_link.STL -> /home/melodse/ef_ws/g1/sim/G1_rviz_simulation-main/G1_rviz_simulation-main/install/g1_description/share/g1_description/meshes
copying meshes/right_ring_2.STL -> /home/melodse/ef_ws/g1/sim/G1_rviz_simulation-main/G1_rviz_simulation-main/install/g1_description/share/g1_description/meshes
copying meshes/left_ring_force_sensor_3.STL -> /home/melodse/ef_ws/g1/sim/G1_rviz_simulation-main/G1_rviz_simulation-main/install/g1_description/share/g1_description/meshes
copying meshes/right_hand_middle_0_link.STL -> /home/melodse/ef_ws/g1/sim/G1_rviz_simulation-main/G1_rviz_simulation-main/install/g1_description/share/g1_description/meshes
copying meshes/Link15_R.STL -> /home/melodse/ef_ws/g1/sim/G1_rviz_simulation-main/G1_rviz_simulation-main/install/g1_description/share/g1_description/meshes
copying meshes/left_hand_middle_1_link.STL -> /home/melodse/ef_ws/g1/sim/G1_rviz_simulation-main/G1_rviz_simulation-main/install/g1_description/share/g1_description/meshes
copying meshes/torso_link_23dof_rev_1_0.STL -> /home/melodse/ef_ws/g1/sim/G1_rviz_simulation-main/G1_rviz_simulation-main/install/g1_description/share/g1_description/meshes
copying meshes/right_hand_index_0_link.STL -> /home/melodse/ef_ws/g1/sim/G1_rviz_simulation-main/G1_rviz_simulation-main/install/g1_description/share/g1_description/meshes
copying meshes/right_hip_roll_link.STL -> /home/melodse/ef_ws/g1/sim/G1_rviz_simulation-main/G1_rviz_simulation-main/install/g1_description/share/g1_description/meshes
copying meshes/left_ankle_pitch_link.STL -> /home/melodse/ef_ws/g1/sim/G1_rviz_simulation-main/G1_rviz_simulation-main/install/g1_description/share/g1_description/meshes
copying meshes/right_hand_thumb_0_link.STL -> /home/melodse/ef_ws/g1/sim/G1_rviz_simulation-main/G1_rviz_simulation-main/install/g1_description/share/g1_description/meshes
copying meshes/right_thumb_force_sensor_4.STL -> /home/melodse/ef_ws/g1/sim/G1_rviz_simulation-main/G1_rviz_simulation-main/install/g1_description/share/g1_description/meshes
copying meshes/left_hip_pitch_link.STL -> /home/melodse/ef_ws/g1/sim/G1_rviz_simulation-main/G1_rviz_simulation-main/install/g1_description/share/g1_description/meshes
copying meshes/left_thumb_force_sensor_1.STL -> /home/melodse/ef_ws/g1/sim/G1_rviz_simulation-main/G1_rviz_simulation-main/install/g1_description/share/g1_description/meshes
copying meshes/Link15_L.STL -> /home/melodse/ef_ws/g1/sim/G1_rviz_simulation-main/G1_rviz_simulation-main/install/g1_description/share/g1_description/meshes
copying meshes/right_thumb_force_sensor_3.STL -> /home/melodse/ef_ws/g1/sim/G1_rviz_simulation-main/G1_rviz_simulation-main/install/g1_description/share/g1_description/meshes
copying meshes/right_palm_force_sensor.STL -> /home/melodse/ef_ws/g1/sim/G1_rviz_simulation-main/G1_rviz_simulation-main/install/g1_description/share/g1_description/meshes
copying meshes/left_thumb_force_sensor_4.STL -> /home/melodse/ef_ws/g1/sim/G1_rviz_simulation-main/G1_rviz_simulation-main/install/g1_description/share/g1_description/meshes
copying meshes/Link11_R.STL -> /home/melodse/ef_ws/g1/sim/G1_rviz_simulation-main/G1_rviz_simulation-main/install/g1_description/share/g1_description/meshes
copying meshes/waist_roll_link_rev_1_0.STL -> /home/melodse/ef_ws/g1/sim/G1_rviz_simulation-main/G1_rviz_simulation-main/install/g1_description/share/g1_description/meshes
copying meshes/left_ankle_roll_link.STL -> /home/melodse/ef_ws/g1/sim/G1_rviz_simulation-main/G1_rviz_simulation-main/install/g1_description/share/g1_description/meshes
copying meshes/Link19_L.STL -> /home/melodse/ef_ws/g1/sim/G1_rviz_simulation-main/G1_rviz_simulation-main/install/g1_description/share/g1_description/meshes
copying meshes/right_ring_1.STL -> /home/melodse/ef_ws/g1/sim/G1_rviz_simulation-main/G1_rviz_simulation-main/install/g1_description/share/g1_description/meshes
copying meshes/right_thumb_force_sensor_1.STL -> /home/melodse/ef_ws/g1/sim/G1_rviz_simulation-main/G1_rviz_simulation-main/install/g1_description/share/g1_description/meshes
copying meshes/right_middle_force_sensor_3.STL -> /home/melodse/ef_ws/g1/sim/G1_rviz_simulation-main/G1_rviz_simulation-main/install/g1_description/share/g1_description/meshes
copying meshes/pelvis_contour_link.STL -> /home/melodse/ef_ws/g1/sim/G1_rviz_simulation-main/G1_rviz_simulation-main/install/g1_description/share/g1_description/meshes
copying meshes/Link12_R.STL -> /home/melodse/ef_ws/g1/sim/G1_rviz_simulation-main/G1_rviz_simulation-main/install/g1_description/share/g1_description/meshes
copying meshes/left_ring_force_sensor_2.STL -> /home/melodse/ef_ws/g1/sim/G1_rviz_simulation-main/G1_rviz_simulation-main/install/g1_description/share/g1_description/meshes
copying meshes/left_thumb_2.STL -> /home/melodse/ef_ws/g1/sim/G1_rviz_simulation-main/G1_rviz_simulation-main/install/g1_description/share/g1_description/meshes
copying meshes/left_hip_roll_link.STL -> /home/melodse/ef_ws/g1/sim/G1_rviz_simulation-main/G1_rviz_simulation-main/install/g1_description/share/g1_description/meshes
copying meshes/left_wrist_pitch_link_5010.STL -> /home/melodse/ef_ws/g1/sim/G1_rviz_simulation-main/G1_rviz_simulation-main/install/g1_description/share/g1_description/meshes
copying meshes/waist_yaw_link.STL -> /home/melodse/ef_ws/g1/sim/G1_rviz_simulation-main/G1_rviz_simulation-main/install/g1_description/share/g1_description/meshes
copying meshes/left_thumb_swing.STL -> /home/melodse/ef_ws/g1/sim/G1_rviz_simulation-main/G1_rviz_simulation-main/install/g1_description/share/g1_description/meshes
copying meshes/right_wrist_roll_rubber_hand.STL -> /home/melodse/ef_ws/g1/sim/G1_rviz_simulation-main/G1_rviz_simulation-main/install/g1_description/share/g1_description/meshes
copying meshes/Link21_L.STL -> /home/melodse/ef_ws/g1/sim/G1_rviz_simulation-main/G1_rviz_simulation-main/install/g1_description/share/g1_description/meshes
copying meshes/left_hand_index_0_link.STL -> /home/melodse/ef_ws/g1/sim/G1_rviz_simulation-main/G1_rviz_simulation-main/install/g1_description/share/g1_description/meshes
copying meshes/right_index_force_sensor_1.STL -> /home/melodse/ef_ws/g1/sim/G1_rviz_simulation-main/G1_rviz_simulation-main/install/g1_description/share/g1_description/meshes
copying meshes/left_thumb_4.STL -> /home/melodse/ef_ws/g1/sim/G1_rviz_simulation-main/G1_rviz_simulation-main/install/g1_description/share/g1_description/meshes
copying meshes/xl330_link.STL -> /home/melodse/ef_ws/g1/sim/G1_rviz_simulation-main/G1_rviz_simulation-main/install/g1_description/share/g1_description/meshes
copying meshes/Link20_R.STL -> /home/melodse/ef_ws/g1/sim/G1_rviz_simulation-main/G1_rviz_simulation-main/install/g1_description/share/g1_description/meshes
copying meshes/left_wrist_roll_link.STL -> /home/melodse/ef_ws/g1/sim/G1_rviz_simulation-main/G1_rviz_simulation-main/install/g1_description/share/g1_description/meshes
copying meshes/Link21_R.STL -> /home/melodse/ef_ws/g1/sim/G1_rviz_simulation-main/G1_rviz_simulation-main/install/g1_description/share/g1_description/meshes
running install_egg_info
Copying build/g1_description/g1_description.egg-info to /home/melodse/ef_ws/g1/sim/G1_rviz_simulation-main/G1_rviz_simulation-main/install/g1_description/lib/python3.12/site-packages/g1_description-0.0.0-py3.12.egg-info
running install_scripts
Installing demo_joint_motion script to /home/melodse/ef_ws/g1/sim/G1_rviz_simulation-main/G1_rviz_simulation-main/install/g1_description/lib/g1_description
Installing lowstate_jointstate_bridge script to /home/melodse/ef_ws/g1/sim/G1_rviz_simulation-main/G1_rviz_simulation-main/install/g1_description/lib/g1_description
Installing rviz_joint_motion script to /home/melodse/ef_ws/g1/sim/G1_rviz_simulation-main/G1_rviz_simulation-main/install/g1_description/lib/g1_description
writing list of installed files to '/home/melodse/ef_ws/g1/sim/G1_rviz_simulation-main/G1_rviz_simulation-main/build/g1_description/install.log'
